Component: ARM Compiler 5.06 update 7 (build 960) Tool: armlink [4d3601]

==============================================================================

Section Cross References

    startup_stm32f407xx.o(RESET) refers to startup_stm32f407xx.o(STACK) for __initial_sp
    startup_stm32f407xx.o(RESET) refers to startup_stm32f407xx.o(.text) for Reset_Handler
    startup_stm32f407xx.o(RESET) refers to stm32f4xx_it.o(i.NMI_Handler) for NMI_Handler
    startup_stm32f407xx.o(RESET) refers to stm32f4xx_it.o(i.HardFault_Handler) for HardFault_Handler
    startup_stm32f407xx.o(RESET) refers to stm32f4xx_it.o(i.MemManage_Handler) for MemManage_Handler
    startup_stm32f407xx.o(RESET) refers to stm32f4xx_it.o(i.BusFault_Handler) for BusFault_Handler
    startup_stm32f407xx.o(RESET) refers to stm32f4xx_it.o(i.UsageFault_Handler) for UsageFault_Handler
    startup_stm32f407xx.o(RESET) refers to stm32f4xx_it.o(i.SVC_Handler) for SVC_Handler
    startup_stm32f407xx.o(RESET) refers to stm32f4xx_it.o(i.DebugMon_Handler) for DebugMon_Handler
    startup_stm32f407xx.o(RESET) refers to stm32f4xx_it.o(i.PendSV_Handler) for PendSV_Handler
    startup_stm32f407xx.o(RESET) refers to stm32f4xx_it.o(i.SysTick_Handler) for SysTick_Handler
    startup_stm32f407xx.o(RESET) refers to stm32f4xx_it.o(i.DMA1_Stream1_IRQHandler) for DMA1_Stream1_IRQHandler
    startup_stm32f407xx.o(RESET) refers to stm32f4xx_it.o(i.USART2_IRQHandler) for USART2_IRQHandler
    startup_stm32f407xx.o(RESET) refers to stm32f4xx_it.o(i.USART3_IRQHandler) for USART3_IRQHandler
    startup_stm32f407xx.o(RESET) refers to stm32f4xx_it.o(i.TIM8_TRG_COM_TIM14_IRQHandler) for TIM8_TRG_COM_TIM14_IRQHandler
    startup_stm32f407xx.o(RESET) refers to stm32f4xx_it.o(i.DMA2_Stream1_IRQHandler) for DMA2_Stream1_IRQHandler
    startup_stm32f407xx.o(.text) refers to system_stm32f4xx.o(i.SystemInit) for SystemInit
    startup_stm32f407xx.o(.text) refers to entry.o(.ARM.Collect$$$$00000000) for __main
    core_main.o(i.Core_Main_Init) refers to printfa.o(i.__0printf) for __2printf
    core_main.o(i.Core_Main_Init) refers to bsp_tb6612.o(i.Motor_init) for Motor_init
    core_main.o(i.Core_Main_Init) refers to bsp_encoder.o(i.Encoder_Init) for Encoder_Init
    core_main.o(i.Core_Main_Init) refers to dwt_delay.o(i.delay_init) for delay_init
    core_main.o(i.Core_Main_Init) refers to app_comm.o(i.App_Comm_Init) for App_Comm_Init
    core_main.o(i.Core_Main_Init) refers to bsp_gps.o(i.GPS_Init) for GPS_Init
    core_main.o(i.Core_Main_Init) refers to bsp_led.o(i.BSP_LED_Init) for BSP_LED_Init
    core_main.o(i.Core_Main_Init) refers to pid.o(i.PID_Init) for PID_Init
    core_main.o(i.Core_Main_Init) refers to app_ui.o(i.App_UI_Init) for App_UI_Init
    core_main.o(i.Core_Main_Init) refers to os.o(i.OS_Init) for OS_Init
    core_main.o(i.Core_Main_Init) refers to os.o(i.OS_CreateTask) for OS_CreateTask
    core_main.o(i.Core_Main_Init) refers to core_main.o(.bss) for .bss
    core_main.o(i.Core_Main_Init) refers to core_main.o(i.Task_RobotControl) for Task_RobotControl
    core_main.o(i.Core_Main_Init) refers to core_main.o(i.Task_UIUpdate) for Task_UIUpdate
    core_main.o(i.Core_Main_Init) refers to bsp_gps.o(i.GPS_Process_Task) for GPS_Process_Task
    core_main.o(i.Core_Main_Init) refers to core_main.o(i.Task_LedRun) for Task_LedRun
    core_main.o(i.Core_Main_Init) refers to core_main.o(i.Task_Comm) for Task_Comm
    core_main.o(i.Core_Main_Master) refers to os.o(i.OS_Start) for OS_Start
    core_main.o(i.HAL_TIM_PeriodElapsedCallback) refers to bsp_encoder.o(i.Encoder_Update_Speed) for Encoder_Update_Speed
    core_main.o(i.HAL_TIM_PeriodElapsedCallback) refers to bsp_encoder.o(.data) for motor2
    core_main.o(i.HAL_TIM_PeriodElapsedCallback) refers to bsp_encoder.o(.data) for motor1
    core_main.o(i.Task_Comm) refers to app_comm.o(i.App_Comm_ProcessTask) for App_Comm_ProcessTask
    core_main.o(i.Task_Comm) refers to os.o(i.OS_DelayMs) for OS_DelayMs
    core_main.o(i.Task_LedRun) refers to os.o(i.OS_DelayMs) for OS_DelayMs
    core_main.o(i.Task_LedRun) refers to bsp_led.o(i.BSP_LED_On) for BSP_LED_On
    core_main.o(i.Task_LedRun) refers to bsp_led.o(i.BSP_LED_Off) for BSP_LED_Off
    core_main.o(i.Task_LedRun) refers to core_main.o(.data) for .data
    core_main.o(i.Task_RobotControl) refers to pid.o(i.PID_Compute) for PID_Compute
    core_main.o(i.Task_RobotControl) refers to bsp_tb6612.o(i.TB6612_Motor_SetSpeed) for TB6612_Motor_SetSpeed
    core_main.o(i.Task_RobotControl) refers to os.o(i.OS_DelayMs) for OS_DelayMs
    core_main.o(i.Task_RobotControl) refers to pid.o(i.PID_Reset) for PID_Reset
    core_main.o(i.Task_RobotControl) refers to app_comm.o(.data) for g_robot_mode
    core_main.o(i.Task_RobotControl) refers to bsp_encoder.o(.data) for motor1
    core_main.o(i.Task_RobotControl) refers to bsp_encoder.o(.data) for motor2
    core_main.o(i.Task_RobotControl) refers to core_main.o(.bss) for .bss
[...]
    i.u8x8_DrawTile                          0x0800578c   Section        0  u8x8_display_1.o(i.u8x8_DrawTile)
    i.u8x8_InitDisplay                       0x080057aa   Section        0  u8x8_display_1.o(i.u8x8_InitDisplay)
    i.u8x8_RefreshDisplay                    0x080057ba   Section        0  u8x8_display_1.o(i.u8x8_RefreshDisplay)
    i.u8x8_SetPowerSave                      0x080057ca   Section        0  u8x8_display_1.o(i.u8x8_SetPowerSave)
    i.u8x8_Setup                             0x080057da   Section        0  u8x8_setup_1.o(i.u8x8_Setup)
    i.u8x8_SetupDefaults                     0x080057fc   Section        0  u8x8_setup_1.o(i.u8x8_SetupDefaults)
    i.u8x8_SetupMemory                       0x08005820   Section        0  u8x8_display_1.o(i.u8x8_SetupMemory)
    i.u8x8_ascii_next                        0x08005830   Section        0  u8x8_8x8_1.o(i.u8x8_ascii_next)
    i.u8x8_byte_EndTransfer                  0x0800583e   Section        0  u8x8_byte_1.o(i.u8x8_byte_EndTransfer)
    i.u8x8_byte_SendByte                     0x0800584e   Section        0  u8x8_byte_1.o(i.u8x8_byte_SendByte)
    i.u8x8_byte_StartTransfer                0x0800585c   Section        0  u8x8_byte_1.o(i.u8x8_byte_StartTransfer)
    i.u8x8_byte_stm32_hw_i2c                 0x0800586c   Section        0  u8g2_port.o(i.u8x8_byte_stm32_hw_i2c)
    u8x8_byte_stm32_hw_i2c                   0x0800586d   Thumb Code   128  u8g2_port.o(i.u8x8_byte_stm32_hw_i2c)
    i.u8x8_cad_EndTransfer                   0x080058f8   Section        0  u8x8_cad_1.o(i.u8x8_cad_EndTransfer)
    i.u8x8_cad_SendArg                       0x08005908   Section        0  u8x8_cad_1.o(i.u8x8_cad_SendArg)
    i.u8x8_cad_SendCmd                       0x08005918   Section        0  u8x8_cad_1.o(i.u8x8_cad_SendCmd)
    i.u8x8_cad_SendData                      0x08005928   Section        0  u8x8_cad_1.o(i.u8x8_cad_SendData)
    i.u8x8_cad_SendSequence                  0x08005938   Section        0  u8x8_cad_1.o(i.u8x8_cad_SendSequence)
    i.u8x8_cad_StartTransfer                 0x080059a0   Section        0  u8x8_cad_1.o(i.u8x8_cad_StartTransfer)
    i.u8x8_cad_ssd13xx_fast_i2c              0x080059b0   Section        0  u8x8_cad_1.o(i.u8x8_cad_ssd13xx_fast_i2c)
    i.u8x8_d_helper_display_init             0x08005a6c   Section        0  u8x8_display_1.o(i.u8x8_d_helper_display_init)
    i.u8x8_d_helper_display_setup_memory     0x08005acc   Section        0  u8x8_display_1.o(i.u8x8_d_helper_display_setup_memory)
    i.u8x8_d_ssd1306_128x64_noname           0x08005ad8   Section        0  u8x8_d_ssd1306_128x64_noname_1.o(i.u8x8_d_ssd1306_128x64_noname)
    i.u8x8_d_ssd1306_sh1106_generic          0x08005b14   Section        0  u8x8_d_ssd1306_128x64_noname_1.o(i.u8x8_d_ssd1306_sh1106_generic)
    u8x8_d_ssd1306_sh1106_generic            0x08005b15   Thumb Code   196  u8x8_d_ssd1306_128x64_noname_1.o(i.u8x8_d_ssd1306_sh1106_generic)
    i.u8x8_dummy_cb                          0x08005bdc   Section        0  u8x8_setup_1.o(i.u8x8_dummy_cb)
    i.u8x8_gpio_and_delay_stm32              0x08005be0   Section        0  u8g2_port.o(i.u8x8_gpio_and_delay_stm32)
    u8x8_gpio_and_delay_stm32                0x08005be1   Thumb Code    42  u8g2_port.o(i.u8x8_gpio_and_delay_stm32)
    i.u8x8_gpio_call                         0x08005c0a   Section        0  u8x8_gpio_1.o(i.u8x8_gpio_call)
    i.u8x8_i2c_data_transfer                 0x08005c16   Section        0  u8x8_cad_1.o(i.u8x8_i2c_data_transfer)
    u8x8_i2c_data_transfer                   0x08005c17   Thumb Code    44  u8x8_cad_1.o(i.u8x8_i2c_data_transfer)
    i.u8x8_utf8_init                         0x08005c42   Section        0  u8x8_8x8_1.o(i.u8x8_utf8_init)
    .constdata                               0x08005c4a   Section     1166  u8g2_fonts_1.o(.constdata)
    .constdata                               0x080060d8   Section     1559  u8g2_fonts_1.o(.constdata)
    .constdata                               0x080066f0   Section       12  u8g2_setup_1.o(.constdata)
    .constdata                               0x080066fc   Section      344  u8x8_d_ssd1306_128x64_noname_1.o(.constdata)
    u8x8_d_ssd1306_128x64_noname_powersave0_seq 0x080066fc   Data           5  u8x8_d_ssd1306_128x64_noname_1.o(.constdata)
    u8x8_d_ssd1306_128x64_noname_powersave1_seq 0x08006701   Data           5  u8x8_d_ssd1306_128x64_noname_1.o(.constdata)
    u8x8_d_ssd1306_128x64_noname_flip0_seq   0x08006706   Data           7  u8x8_d_ssd1306_128x64_noname_1.o(.constdata)
    u8x8_d_ssd1306_128x64_noname_flip1_seq   0x0800670d   Data           7  u8x8_d_ssd1306_128x64_noname_1.o(.constdata)
    u8x8_d_ssd1312_128x64_noname_flip0_seq   0x08006714   Data           7  u8x8_d_ssd1306_128x64_noname_1.o(.constdata)
    u8x8_d_ssd1312_128x64_noname_flip1_seq   0x0800671b   Data           7  u8x8_d_ssd1306_128x64_noname_1.o(.constdata)
    u8x8_d_ssd1306_128x64_noname_init_seq    0x08006722   Data          53  u8x8_d_ssd1306_128x64_noname_1.o(.constdata)
    u8x8_d_ssd1306_128x64_vcomh0_init_seq    0x08006757   Data          53  u8x8_d_ssd1306_128x64_noname_1.o(.constdata)
    u8x8_d_ssd1306_128x64_alt0_init_seq      0x0800678c   Data          53  u8x8_d_ssd1306_128x64_noname_1.o(.constdata)
    u8x8_d_sh1106_128x64_winstar_init_seq    0x080067c1   Data          45  u8x8_d_ssd1306_128x64_noname_1.o(.constdata)
    u8x8_d_ssd1312_128x64_noname_init_seq    0x080067ee   Data          53  u8x8_d_ssd1306_128x64_noname_1.o(.constdata)
    u8x8_ssd1306_128x64_noname_display_info  0x08006824   Data          24  u8x8_d_ssd1306_128x64_noname_1.o(.constdata)
    u8x8_sh1106_128x64_noname_display_info   0x0800683c   Data          24  u8x8_d_ssd1306_128x64_noname_1.o(.constdata)
    .constdata                               0x08006854   Section        8  stm32f4xx_hal_dma.o(.constdata)
    flagBitshiftOffset                       0x08006854   Data           8  stm32f4xx_hal_dma.o(.constdata)
    .constdata                               0x0800685c   Section       16  system_stm32f4xx.o(.constdata)
    .constdata                               0x0800686c   Section        8  system_stm32f4xx.o(.constdata)
    .data                                    0x20000000   Section        1  core_main.o(.data)
    step                                     0x20000000   Data           1  core_main.o(.data)
    .data                                    0x20000004   Section        4  os.o(.data)
    g_currentTask                            0x20000004   Data           4  os.o(.data)
    .data                                    0x20000008   Section        6  app_comm.o(.data)
    process_ready                            0x2000000a   Data           1  app_comm.o(.data)
    process_len                              0x2000000c   Data           2  app_comm.o(.data)
    .data                                    0x2000000e   Section        4  bsp_gps.o(.data)
    .data                                    0x20000014   Section       24  bsp_led.o(.data)
    LED_Pins                                 0x20000014   Data           8  bsp_led.o(.data)
    LED_Ports                                0x2000001c   Data          16  bsp_led.o(.data)
    .data                                    0x2000002c   Section       12  bsp_encoder.o(.data)
    .data                                    0x20000038   Section       12  bsp_encoder.o(.data)
    .data                                    0x20000044   Section        2  u8g2_port.o(.data)
    idx                                      0x20000044   Data           2  u8g2_port.o(.data)
    .data                                    0x20000046   Section        6  u8x8_cad_1.o(.data)
    in_transfer                              0x20000046   Data           1  u8x8_cad_1.o(.data)
    in_transfer                              0x20000047   Data           1  u8x8_cad_1.o(.data)
    in_transfer                              0x20000048   Data           1  u8x8_cad_1.o(.data)
    is_data                                  0x20000049   Data           1  u8x8_cad_1.o(.data)
    in_transfer                              0x2000004a   Data           1  u8x8_cad_1.o(.data)
    is_data                                  0x2000004b   Data           1  u8x8_cad_1.o(.data)
    .data                                    0x2000004c   Section       12  stm32f4xx_hal.o(.data)
    .data                                    0x20000058   Section        4  system_stm32f4xx.o(.data)
    .data                                    0x2000005c   Section        4  stdout.o(.data)
    .bss                                     0x20000060   Section       88  core_main.o(.bss)
    pid_L                                    0x20000060   Data          44  core_main.o(.bss)
    pid_R                                    0x2000008c   Data          44  core_main.o(.bss)
    .bss                                     0x200000b8   Section      128  os.o(.bss)
    g_tasks                                  0x200000b8   Data         128  os.o(.bss)
    .bss                                     0x20000138   Section      256  app_comm.o(.bss)
    rx_buffer                                0x20000138   Data         128  app_comm.o(.bss)
    process_buffer                           0x200001b8   Data         128  app_comm.o(.bss)
    .bss                                     0x20000238   Section       56  bsp_tb6612.o(.bss)
    .bss                                     0x20000270   Section     1168  bsp_gps.o(.bss)
    .bss                                     0x20000700   Section      276  u8g2_port.o(.bss)
    buf                                      0x20000700   Data         128  u8g2_port.o(.bss)
    .bss                                     0x20000814   Section     1024  u8g2_d_memory_1.o(.bss)
    buf                                      0x20000814   Data        1024  u8g2_d_memory_1.o(.bss)
    .bss                                     0x20000c14   Section       84  i2c.o(.bss)
    .bss                                     0x20000c68   Section      288  tim.o(.bss)
    .bss                                     0x20000d88   Section      480  usart.o(.bss)
    STACK                                    0x20000f68   Section     1024  startup_stm32f407xx.o(STACK)

    Global Symbols

    Symbol Name                              Value     Ov Type        Size  Object(Section)

    BuildAttributes$$THM_ISAv4$E$P$D$K$B$S$7EM$VFPi3$EXTD16$VFPS$VFMA$PE$A:L22UL41UL21$X:L11$S22US41US21$IEEE1$IW$USESV6$~STKCKD$USESV7$~SHL$OSPACE$ROPI$EBA8$MICROLIB$REQ8$PRES8$EABIv2 0x00000000   Number         0  anon$$obj.o ABSOLUTE
    __ARM_use_no_argv                        0x00000000   Number         0  main.o ABSOLUTE
    _printf_a                                0x00000000   Number         0  stubs.o ABSOLUTE
    _printf_c                                0x00000000   Number         0  stubs.o ABSOLUTE
    _printf_charcount                        0x00000000   Number         0  stubs.o ABSOLUTE
    _printf_d                                0x00000000   Number         0  stubs.o ABSOLUTE
    _printf_e                                0x00000000   Number         0  stubs.o ABSOLUTE
    _printf_f                                0x00000000   Number         0  stubs.o ABSOLUTE
    _printf_flags                            0x00000000   Number         0  stubs.o ABSOLUTE
    _printf_fp_dec                           0x00000000   Number         0  stubs.o ABSOLUTE
    _printf_fp_hex                           0x00000000   Number         0  stubs.o ABSOLUTE
    _printf_g                                0x00000000   Number         0  stubs.o ABSOLUTE
    _printf_i                                0x00000000   Number         0  stubs.o ABSOLUTE
    _printf_int_dec                          0x00000000   Number         0  stubs.o ABSOLUTE
    _printf_l                                0x00000000   Number         0  stubs.o ABSOLUTE
    _printf_lc                               0x00000000   Number         0  stubs.o ABSOLUTE
    _printf_ll                               0x00000000   Number         0  stubs.o ABSOLUTE
    _printf_lld                              0x00000000   Number         0  stubs.o ABSOLUTE
    _printf_lli                              0x00000000   Number         0  stubs.o ABSOLUTE
    _printf_llo                              0x00000000   Number         0  stubs.o ABSOLUTE
    _printf_llu                              0x00000000   Number         0  stubs.o ABSOLUTE
    _printf_llx                              0x00000000   Number         0  stubs.o ABSOLUTE
    _printf_longlong_dec                     0x00000000   Number         0  stubs.o ABSOLUTE
    _printf_longlong_hex                     0x00000000   Number         0  stubs.o ABSOLUTE
    _printf_longlong_oct                     0x00000000   Number         0  stubs.o ABSOLUTE
    _printf_ls                               0x00000000   Number         0  stubs.o ABSOLUTE
    _printf_mbtowc                           0x00000000   Number         0  stubs.o ABSOLUTE
    _printf_n                                0x00000000   Number         0  stubs.o ABSOLUTE
    _printf_o                                0x00000000   Number         0  stubs.o ABSOLUTE
    _printf_p                                0x00000000   Number         0  stubs.o ABSOLUTE
    _printf_percent                          0x00000000   Number         0  stubs.o ABSOLUTE
    _printf_pre_padding                      0x00000000   Number         0  stubs.o ABSOLUTE
    _printf_return_value                     0x00000000   Number         0  stubs.o ABSOLUTE
    _printf_s                                0x00000000   Number         0  stubs.o ABSOLUTE
    _printf_sizespec                         0x00000000   Number         0  stubs.o ABSOLUTE
    _printf_str                              0x00000000   Number         0  stubs.o ABSOLUTE
    _printf_truncate_signed                  0x00000000   Number         0  stubs.o ABSOLUTE
    _printf_truncate_unsigned                0x00000000   Number         0  stubs.o ABSOLUTE
    _printf_u                                0x00000000   Number         0  stubs.o ABSOLUTE
    _printf_wc                               0x00000000   Number         0  stubs.o ABSOLUTE
    _printf_wctomb                           0x00000000   Number         0  stubs.o ABSOLUTE
    _printf_widthprec                        0x00000000   Number         0  stubs.o ABSOLUTE
    _printf_x                                0x00000000   Number         0  stubs.o ABSOLUTE
    __arm_fini_                               - Undefined Weak Reference
    __cpp_initialize__aeabi_                  - Undefined Weak Reference
    __cxa_finalize                            - Undefined Weak Reference
    __decompress                              - Undefined Weak Reference
    _clock_init                               - Undefined Weak Reference
    _microlib_exit                            - Undefined Weak Reference
    __Vectors_Size                           0x00000188   Number         0  startup_stm32f407xx.o ABSOLUTE
    __Vectors                                0x08000000   Data           4  startup_stm32f407xx.o(RESET)
    __Vectors_End                            0x08000188   Data           0  startup_stm32f407xx.o(RESET)
    __main                                   0x08000189   Thumb Code     0  entry.o(.ARM.Collect$$$$00000000)
    _main_stk                                0x08000189   Thumb Code     0  entry2.o(.ARM.Collect$$$$00000001)
    _main_scatterload                        0x0800018d   Thumb Code     0  entry5.o(.ARM.Collect$$$$00000004)
    __main_after_scatterload                 0x08000191   Thumb Code     0  entry5.o(.ARM.Collect$$$$00000004)
    _main_clock                              0x08000191   Thumb Code     0  entry7b.o(.ARM.Collect$$$$00000008)
    _main_cpp_init                           0x08000191   Thumb Code     0  entry8b.o(.ARM.Collect$$$$0000000A)
    _main_init                               0x08000191   Thumb Code     0  entry9a.o(.ARM.Collect$$$$0000000B)
    __rt_lib_shutdown_fini                   0x08000199   Thumb Code     0  entry12b.o(.ARM.Collect$$$$0000000E)
    __rt_final_cpp                           0x0800019d   Thumb Code     0  entry10a.o(.ARM.Collect$$$$0000000F)
    __rt_final_exit                          0x0800019d   Thumb Code     0  entry11a.o(.ARM.Collect$$$$00000011)
    Reset_Handler                            0x080001a1   Thumb Code     8  startup_stm32f407xx.o(.text)
    ADC_IRQHandler                           0x080001bb   Thumb Code     0  startup_stm32f407xx.o(.text)
    CAN1_RX0_IRQHandler                      0x080001bb   Thumb Code     0  startup_stm32f407xx.o(.text)
    CAN1_RX1_IRQHandler                      0x080001bb   Thumb Code     0  startup_stm32f407xx.o(.text)
    CAN1_SCE_IRQHandler                      0x080001bb   Thumb Code     0  startup_stm32f407xx.o(.text)
    CAN1_TX_IRQHandler                       0x080001bb   Thumb Code     0  startup_stm32f407xx.o(.text)
    CAN2_RX0_IRQHandler                      0x080001bb   Thumb Code     0  startup_stm32f407xx.o(.text)
    CAN2_RX1_IRQHandler                      0x080001bb   Thumb Code     0  startup_stm32f407xx.o(.text)
    CAN2_SCE_IRQHandler                      0x080001bb   Thumb Code     0  startup_stm32f407xx.o(.text)
    CAN2_TX_IRQHandler                       0x080001bb   Thumb Code     0  startup_stm32f407xx.o(.text)
    DCMI_IRQHandler                          0x080001bb   Thumb Code     0  startup_stm32f407xx.o(.text)
    DMA1_Stream0_IRQHandler                  0x080001bb   Thumb Code     0  startup_stm32f407xx.o(.text)
    DMA1_Stream2_IRQHandler                  0x080001bb   Thumb Code     0  startup_stm32f407xx.o(.text)
    DMA1_Stream3_IRQHandler                  0x080001bb   Thumb Code     0  startup_stm32f407xx.o(.text)
    DMA1_Stream4_IRQHandler                  0x080001bb   Thumb Code     0  startup_stm32f407xx.o(.text)
    DMA1_Stream5_IRQHandler                  0x080001bb   Thumb Code     0  startup_stm32f407xx.o(.text)
    DMA1_Stream6_IRQHandler                  0x080001bb   Thumb Code     0  startup_stm32f407xx.o(.text)
    DMA1_Stream7_IRQHandler                  0x080001bb   Thumb Code     0  startup_stm32f407xx.o(.text)
    DMA2_Stream0_IRQHandler                  0x080001bb   Thumb Code     0  startup_stm32f407xx.o(.text)
    DMA2_Stream2_IRQHandler                  0x080001bb   Thumb Code     0  startup_stm32f407xx.o(.text)
    DMA2_Stream3_IRQHandler                  0x080001bb   Thumb Code     0  startup_stm32f407xx.o(.text)
    DMA2_Stream4_IRQHandler                  0x080001bb   Thumb Code     0  startup_stm32f407xx.o(.text)
    DMA2_Stream5_IRQHandler                  0x080001bb   Thumb Code     0  startup_stm32f407xx.o(.text)
    DMA2_Stream6_IRQHandler                  0x080001bb   Thumb Code     0  startup_stm32f407xx.o(.text)
    DMA2_Stream7_IRQHandler                  0x080001bb   Thumb Code     0  startup_stm32f407xx.o(.text)
    ETH_IRQHandler                           0x080001bb   Thumb Code     0  startup_stm32f407xx.o(.text)
    ETH_WKUP_IRQHandler                      0x080001bb   Thumb Code     0  startup_stm32f407xx.o(.text)
    EXTI0_IRQHandler                         0x080001bb   Thumb Code     0  startup_stm32f407xx.o(.text)
    EXTI15_10_IRQHandler                     0x080001bb   Thumb Code     0  startup_stm32f407xx.o(.text)
    EXTI1_IRQHandler                         0x080001bb   Thumb Code     0  startup_stm32f407xx.o(.text)
    EXTI2_IRQHandler                         0x080001bb   Thumb Code     0  startup_stm32f407xx.o(.text)
    EXTI3_IRQHandler                         0x080001bb   Thumb Code     0  startup_stm32f407xx.o(.text)
    EXTI4_IRQHandler                         0x080001bb   Thumb Code     0  startup_stm32f407xx.o(.text)
    EXTI9_5_IRQHandler                       0x080001bb   Thumb Code     0  startup_stm32f407xx.o(.text)
    FLASH_IRQHandler                         0x080001bb   Thumb Code     0  startup_stm32f407xx.o(.text)
    FMC_IRQHandler                           0x080001bb   Thumb Code     0  startup_stm32f407xx.o(.text)
    FPU_IRQHandler                           0x080001bb   Thumb Code     0  startup_stm32f407xx.o(.text)
    HASH_RNG_IRQHandler                      0x080001bb   Thumb Code     0  startup_stm32f407xx.o(.text)
    I2C1_ER_IRQHandler                       0x080001bb   Thumb Code     0  startup_stm32f407xx.o(.text)
    I2C1_EV_IRQHandler                       0x080001bb   Thumb Code     0  startup_stm32f407xx.o(.text)
    I2C2_ER_IRQHandler                       0x080001bb   Thumb Code     0  startup_stm32f407xx.o(.text)
    I2C2_EV_IRQHandler                       0x080001bb   Thumb Code     0  startup_stm32f407xx.o(.text)
    I2C3_ER_IRQHandler                       0x080001bb   Thumb Code     0  startup_stm32f407xx.o(.text)
    I2C3_EV_IRQHandler                       0x080001bb   Thumb Code     0  startup_stm32f407xx.o(.text)
    OTG_FS_IRQHandler                        0x080001bb   Thumb Code     0  startup_stm32f407xx.o(.text)
    OTG_FS_WKUP_IRQHandler                   0x080001bb   Thumb Code     0  startup_stm32f407xx.o(.text)
    OTG_HS_EP1_IN_IRQHandler                 0x080001bb   Thumb Code     0  startup_stm32f407xx.o(.text)
    OTG_HS_EP1_OUT_IRQHandler                0x080001bb   Thumb Code     0  startup_stm32f407xx.o(.text)
    OTG_HS_IRQHandler                        0x080001bb   Thumb Code     0  startup_stm32f407xx.o(.text)
    OTG_HS_WKUP_IRQHandler                   0x080001bb   Thumb Code     0  startup_stm32f407xx.o(.text)
    PVD_IRQHandler                           0x080001bb   Thumb Code     0  startup_stm32f407xx.o(.text)
    RCC_IRQHandler                           0x080001bb   Thumb Code     0  startup_stm32f407xx.o(.text)
    RTC_Alarm_IRQHandler                     0x080001bb   Thumb Code     0  startup_stm32f407xx.o(.text)
    RTC_WKUP_IRQHandler                      0x080001bb   Thumb Code     0  startup_stm32f407xx.o(.text)
    SDIO_IRQHandler                          0x080001bb   Thumb Code     0  startup_stm32f407xx.o(.text)
    SPI1_IRQHandler                          0x080001bb   Thumb Code     0  startup_stm32f407xx.o(.text)
    SPI2_IRQHandler                          0x080001bb   Thumb Code     0  startup_stm32f407xx.o(.text)
    SPI3_IRQHandler                          0x080001bb   Thumb Code     0  startup_stm32f407xx.o(.text)
    TAMP_STAMP_IRQHandler                    0x080001bb   Thumb Code     0  startup_stm32f407xx.o(.text)
    TIM1_BRK_TIM9_IRQHandler                 0x080001bb   Thumb Code     0  startup_stm32f407xx.o(.text)
    TIM1_CC_IRQHandler                       0x080001bb   Thumb Code     0  startup_stm32f407xx.o(.text)
    TIM1_TRG_COM_TIM11_IRQHandler            0x080001bb   Thumb Code     0  startup_stm32f407xx.o(.text)
    TIM1_UP_TIM10_IRQHandler                 0x080001bb   Thumb Code     0  startup_stm32f407xx.o(.text)
    TIM2_IRQHandler                          0x080001bb   Thumb Code     0  startup_stm32f407xx.o(.text)
    TIM3_IRQHandler                          0x080001bb   Thumb Code     0  startup_stm32f407xx.o(.text)
    TIM4_IRQHandler                          0x080001bb   Thumb Code     0  startup_stm32f407xx.o(.text)
    TIM5_IRQHandler                          0x080001bb   Thumb Code     0  startup_stm32f407xx.o(.text)
    TIM6_DAC_IRQHandler                      0x080001bb   Thumb Code     0  startup_stm32f407xx.o(.text)
    TIM7_IRQHandler                          0x080001bb   Thumb Code     0  startup_stm32f407xx.o(.text)
    TIM8_BRK_TIM12_IRQHandler                0x080001bb   Thumb Code     0  startup_stm32f407xx.o(.text)
    TIM8_CC_IRQHandler                       0x080001bb   Thumb Code     0  startup_stm32f407xx.o(.text)
    TIM8_UP_TIM13_IRQHandler                 0x080001bb   Thumb Code     0  startup_stm32f407xx.o(.text)
    UART4_IRQHandler                         0x080001bb   Thumb Code     0  startup_stm32f407xx.o(.text)
    UART5_IRQHandler                         0x080001bb   Thumb Code     0  startup_stm32f407xx.o(.text)
    USART1_IRQHandler                        0x080001bb   Thumb Code     0  startup_stm32f407xx.o(.text)
    USART6_IRQHandler                        0x080001bb   Thumb Code     0  startup_stm32f407xx.o(.text)
    WWDG_IRQHandler                          0x080001bb   Thumb Code     0  startup_stm32f407xx.o(.text)
    __aeabi_uldivmod                         0x080001c5   Thumb Code    98  uldiv.o(.text)
    __aeabi_memcpy                           0x08000227   Thumb Code    36  memcpya.o(.text)
    __aeabi_memcpy4                          0x08000227   Thumb Code     0  memcpya.o(.text)
    __aeabi_memcpy8                          0x08000227   Thumb Code     0  memcpya.o(.text)
    __aeabi_memset                           0x0800024b   Thumb Code    14  memseta.o(.text)
    __aeabi_memset4                          0x0800024b   Thumb Code     0  memseta.o(.text)
    __aeabi_memset8                          0x0800024b   Thumb Code     0  memseta.o(.text)
    __aeabi_memclr                           0x08000259   Thumb Code     4  memseta.o(.text)
    __aeabi_memclr4                          0x08000259   Thumb Code     0  memseta.o(.text)
    __aeabi_memclr8                          0x08000259   Thumb Code     0  memseta.o(.text)
    _memset$wrapper                          0x0800025d   Thumb Code    18  memseta.o(.text)
    strstr                                   0x0800026f   Thumb Code    36  strstr.o(.text)
    strncmp                                  0x08000293   Thumb Code    30  strncmp.o(.text)
    __aeabi_dadd                             0x080002b1   Thumb Code   322  dadd.o(.text)
    __aeabi_dsub                             0x080003f3   Thumb Code     6  dadd.o(.text)
    __aeabi_drsub                            0x080003f9   Thumb Code     6  dadd.o(.text)
    __aeabi_dmul                             0x080003ff   Thumb Code   228  dmul.o(.text)
    __aeabi_ui2d                             0x080004e3   Thumb Code    26  dfltui.o(.text)
    __aeabi_f2d                              0x080004fd   Thumb Code    38  f2d.o(.text)
    __aeabi_uidiv                            0x08000523   Thumb Code     0  uidiv.o(.text)
    __aeabi_uidivmod                         0x08000523   Thumb Code    44  uidiv.o(.text)
    __aeabi_llsl                             0x0800054f   Thumb Code    30  llshl.o(.text)
    _ll_shift_l                              0x0800054f   Thumb Code     0  llshl.o(.text)
    __aeabi_llsr                             0x0800056d   Thumb Code    32  llushr.o(.text)
    _ll_ushift_r                             0x0800056d   Thumb Code     0  llushr.o(.text)
    __aeabi_lasr                             0x0800058d   Thumb Code    36  llsshr.o(.text)
    _ll_sshift_r                             0x0800058d   Thumb Code     0  llsshr.o(.text)
    __I$use$fp                               0x080005b1   Thumb Code     0  iusefp.o(.text)
    _double_round                            0x080005b1   Thumb Code    30  depilogue.o(.text)
    _double_epilogue                         0x080005cf   Thumb Code   156  depilogue.o(.text)
    __aeabi_ddiv                             0x0800066b   Thumb Code   222  ddiv.o(.text)
    __aeabi_d2ulz                            0x08000749   Thumb Code    48  dfixul.o(.text)
    __aeabi_cdrcmple                         0x08000779   Thumb Code    48  cdrcmple.o(.text)
    __scatterload                            0x080007a9   Thumb Code    28  init.o(.text)
    __scatterload_rt2                        0x080007a9   Thumb Code     0  init.o(.text)
    App_Comm_Init                            0x080007cd   Thumb Code    10  app_comm.o(i.App_Comm_Init)
    App_Comm_ProcessTask                     0x08000885   Thumb Code    24  app_comm.o(i.App_Comm_ProcessTask)
    App_UI_Init                              0x080008a5   Thumb Code    18  app_ui.o(i.App_UI_Init)
    App_UI_ShowGPS                           0x080008c1   Thumb Code   184  app_ui.o(i.App_UI_ShowGPS)
    BSP_LED_Init                             0x080009d1   Thumb Code    34  bsp_led.o(i.BSP_LED_Init)
    BSP_LED_Off                              0x080009f9   Thumb Code    26  bsp_led.o(i.BSP_LED_Off)
    BSP_LED_On                               0x08000a19   Thumb Code    26  bsp_led.o(i.BSP_LED_On)
    BusFault_Handler                         0x08000a39   Thumb Code     2  stm32f4xx_it.o(i.BusFault_Handler)
    Core_Main_Init                           0x08000a3d   Thumb Code   228  core_main.o(i.Core_Main_Init)
    Core_Main_Master                         0x08000ce1   Thumb Code     4  core_main.o(i.Core_Main_Master)
    DMA1_Stream1_IRQHandler                  0x08000ce5   Thumb Code     6  stm32f4xx_it.o(i.DMA1_Stream1_IRQHandler)
    DMA2_Stream1_IRQHandler                  0x08000cf1   Thumb Code     6  stm32f4xx_it.o(i.DMA2_Stream1_IRQHandler)
    DebugMon_Handler                         0x08000da1   Thumb Code     2  stm32f4xx_it.o(i.DebugMon_Handler)
    Encoder_Init                             0x08000da5   Thumb Code    28  bsp_encoder.o(i.Encoder_Init)
    Encoder_Update_Speed                     0x08000dcd   Thumb Code    84  bsp_encoder.o(i.Encoder_Update_Speed)
    Error_Handler                            0x08000e2d   Thumb Code     4  main.o(i.Error_Handler)
    GPS_Init                                 0x08000e31   Thumb Code    38  bsp_gps.o(i.GPS_Init)
    GPS_Process_Task                         0x08000e65   Thumb Code    50  bsp_gps.o(i.GPS_Process_Task)
    GPS_Rx_Callback                          0x08000eb1   Thumb Code    84  bsp_gps.o(i.GPS_Rx_Callback)
    HAL_DMA_Abort                            0x08000f15   Thumb Code   146  stm32f4xx_hal_dma.o(i.HAL_DMA_Abort)
    HAL_DMA_Abort_IT                         0x08000fa7   Thumb Code    36  stm32f4xx_hal_dma.o(i.HAL_DMA_Abort_IT)
    HAL_DMA_IRQHandler                       0x08000fcd   Thumb Code   412  stm32f4xx_hal_dma.o(i.HAL_DMA_IRQHandler)
    HAL_DMA_Init                             0x0800116d   Thumb Code   206  stm32f4xx_hal_dma.o(i.HAL_DMA_Init)
    HAL_DMA_Start_IT                         0x08001241   Thumb Code   110  stm32f4xx_hal_dma.o(i.HAL_DMA_Start_IT)
    HAL_Delay                                0x080012b1   Thumb Code    32  stm32f4xx_hal.o(i.HAL_Delay)
    HAL_GPIO_Init                            0x080012d5   Thumb Code   450  stm32f4xx_hal_gpio.o(i.HAL_GPIO_Init)
    HAL_GPIO_WritePin                        0x080014c5   Thumb Code    10  stm32f4xx_hal_gpio.o(i.HAL_GPIO_WritePin)
    HAL_GetTick                              0x080014d1   Thumb Code     6  stm32f4xx_hal.o(i.HAL_GetTick)
    HAL_I2C_Init                             0x080014dd   Thumb Code   376  stm32f4xx_hal_i2c.o(i.HAL_I2C_Init)
    HAL_I2C_Master_Transmit                  0x08001665   Thumb Code   290  stm32f4xx_hal_i2c.o(i.HAL_I2C_Master_Transmit)
    HAL_I2C_MspInit                          0x08001791   Thumb Code    94  i2c.o(i.HAL_I2C_MspInit)
    HAL_IncTick                              0x080017fd   Thumb Code    12  stm32f4xx_hal.o(i.HAL_IncTick)
    HAL_Init                                 0x0800180d   Thumb Code    48  stm32f4xx_hal.o(i.HAL_Init)
    HAL_InitTick                             0x08001841   Thumb Code    54  stm32f4xx_hal.o(i.HAL_InitTick)
    HAL_MspInit                              0x08001881   Thumb Code    42  stm32f4xx_hal_msp.o(i.HAL_MspInit)
    HAL_NVIC_EnableIRQ                       0x080018b1   Thumb Code    26  stm32f4xx_hal_cortex.o(i.HAL_NVIC_EnableIRQ)
    HAL_NVIC_SetPriority                     0x080018cd   Thumb Code    60  stm32f4xx_hal_cortex.o(i.HAL_NVIC_SetPriority)
    HAL_NVIC_SetPriorityGrouping             0x0800190d   Thumb Code    26  stm32f4xx_hal_cortex.o(i.HAL_NVIC_SetPriorityGrouping)
    HAL_RCC_ClockConfig                      0x08001931   Thumb Code   288  stm32f4xx_hal_rcc.o(i.HAL_RCC_ClockConfig)
    HAL_RCC_GetPCLK1Freq                     0x08001a65   Thumb Code    20  stm32f4xx_hal_rcc.o(i.HAL_RCC_GetPCLK1Freq)
    HAL_RCC_GetPCLK2Freq                     0x08001a85   Thumb Code    20  stm32f4xx_hal_rcc.o(i.HAL_RCC_GetPCLK2Freq)
    HAL_RCC_GetSysClockFreq                  0x08001aa5   Thumb Code    88  stm32f4xx_hal_rcc.o(i.HAL_RCC_GetSysClockFreq)
    HAL_RCC_OscConfig                        0x08001b09   Thumb Code   856  stm32f4xx_hal_rcc.o(i.HAL_RCC_OscConfig)
    HAL_SYSTICK_Config                       0x08001e75   Thumb Code    40  stm32f4xx_hal_cortex.o(i.HAL_SYSTICK_Config)
    HAL_TIMEx_BreakCallback                  0x08001e9d   Thumb Code     2  stm32f4xx_hal_tim_ex.o(i.HAL_TIMEx_BreakCallback)
    HAL_TIMEx_CommutCallback                 0x08001e9f   Thumb Code     2  stm32f4xx_hal_tim_ex.o(i.HAL_TIMEx_CommutCallback)
    HAL_TIMEx_MasterConfigSynchronization    0x08001ea1   Thumb Code   116  stm32f4xx_hal_tim_ex.o(i.HAL_TIMEx_MasterConfigSynchronization)
    HAL_TIM_Base_Init                        0x08001f31   Thumb Code    90  stm32f4xx_hal_tim.o(i.HAL_TIM_Base_Init)
    HAL_TIM_Base_MspInit                     0x08001f8d   Thumb Code    72  tim.o(i.HAL_TIM_Base_MspInit)
    HAL_TIM_Base_Start_IT                    0x08001fe1   Thumb Code   100  stm32f4xx_hal_tim.o(i.HAL_TIM_Base_Start_IT)
    HAL_TIM_ConfigClockSource                0x08002061   Thumb Code   220  stm32f4xx_hal_tim.o(i.HAL_TIM_ConfigClockSource)
    HAL_TIM_Encoder_Init                     0x0800213d   Thumb Code   164  stm32f4xx_hal_tim.o(i.HAL_TIM_Encoder_Init)
    HAL_TIM_Encoder_MspInit                  0x080021e1   Thumb Code   130  tim.o(i.HAL_TIM_Encoder_MspInit)
    HAL_TIM_Encoder_Start                    0x08002275   Thumb Code   142  stm32f4xx_hal_tim.o(i.HAL_TIM_Encoder_Start)
    HAL_TIM_IC_CaptureCallback               0x08002303   Thumb Code     2  stm32f4xx_hal_tim.o(i.HAL_TIM_IC_CaptureCallback)
    HAL_TIM_IRQHandler                       0x08002305   Thumb Code   304  stm32f4xx_hal_tim.o(i.HAL_TIM_IRQHandler)
    HAL_TIM_MspPostInit                      0x08002435   Thumb Code    70  tim.o(i.HAL_TIM_MspPostInit)
    HAL_TIM_OC_DelayElapsedCallback          0x08002489   Thumb Code     2  stm32f4xx_hal_tim.o(i.HAL_TIM_OC_DelayElapsedCallback)
    HAL_TIM_PWM_ConfigChannel                0x0800248b   Thumb Code   204  stm32f4xx_hal_tim.o(i.HAL_TIM_PWM_ConfigChannel)
    HAL_TIM_PWM_Init                         0x08002557   Thumb Code    90  stm32f4xx_hal_tim.o(i.HAL_TIM_PWM_Init)
    HAL_TIM_PWM_MspInit                      0x080025b1   Thumb Code     2  stm32f4xx_hal_tim.o(i.HAL_TIM_PWM_MspInit)
    HAL_TIM_PWM_PulseFinishedCallback        0x080025b3   Thumb Code     2  stm32f4xx_hal_tim.o(i.HAL_TIM_PWM_PulseFinishedCallback)
    HAL_TIM_PWM_Start                        0x080025b5   Thumb Code   172  stm32f4xx_hal_tim.o(i.HAL_TIM_PWM_Start)
    HAL_TIM_PeriodElapsedCallback            0x0800267d   Thumb Code    18  core_main.o(i.HAL_TIM_PeriodElapsedCallback)
    HAL_TIM_TriggerCallback                  0x0800269d   Thumb Code     2  stm32f4xx_hal_tim.o(i.HAL_TIM_TriggerCallback)
    HAL_UARTEx_ReceiveToIdle_IT              0x0800269f   Thumb Code    78  stm32f4xx_hal_uart.o(i.HAL_UARTEx_ReceiveToIdle_IT)
    HAL_UARTEx_RxEventCallback               0x080026ed   Thumb Code    56  app_comm.o(i.HAL_UARTEx_RxEventCallback)
    HAL_UART_DMAStop                         0x08002731   Thumb Code   112  stm32f4xx_hal_uart.o(i.HAL_UART_DMAStop)
    HAL_UART_ErrorCallback                   0x080027a1   Thumb Code    22  app_comm.o(i.HAL_UART_ErrorCallback)
    HAL_UART_IRQHandler                      0x080027c1   Thumb Code   636  stm32f4xx_hal_uart.o(i.HAL_UART_IRQHandler)
    HAL_UART_Init                            0x08002a41   Thumb Code   100  stm32f4xx_hal_uart.o(i.HAL_UART_Init)
    HAL_UART_MspInit                         0x08002aa5   Thumb Code   392  usart.o(i.HAL_UART_MspInit)
    HAL_UART_Receive_DMA                     0x08002c59   Thumb Code    28  stm32f4xx_hal_uart.o(i.HAL_UART_Receive_DMA)
    HAL_UART_RxCpltCallback                  0x08002c75   Thumb Code     2  stm32f4xx_hal_uart.o(i.HAL_UART_RxCpltCallback)
    HAL_UART_RxHalfCpltCallback              0x08002c77   Thumb Code     2  stm32f4xx_hal_uart.o(i.HAL_UART_RxHalfCpltCallback)
    HAL_UART_Transmit                        0x08002c79   Thumb Code   160  stm32f4xx_hal_uart.o(i.HAL_UART_Transmit)
    HAL_UART_TxCpltCallback                  0x08002d19   Thumb Code     2  stm32f4xx_hal_uart.o(i.HAL_UART_TxCpltCallback)
    HardFault_Handler                        0x08002d1b   Thumb Code     2  stm32f4xx_it.o(i.HardFault_Handler)
    MX_DMA_Init                              0x08002fe5   Thumb Code    72  dma.o(i.MX_DMA_Init)
    MX_GPIO_Init                             0x08003031   Thumb Code   274  gpio.o(i.MX_GPIO_Init)
    MX_I2C1_Init                             0x08003159   Thumb Code    50  i2c.o(i.MX_I2C1_Init)
    MX_TIM14_Init                            0x08003199   Thumb Code    46  tim.o(i.MX_TIM14_Init)
    MX_TIM3_Init                             0x080031d1   Thumb Code   100  tim.o(i.MX_TIM3_Init)
    MX_TIM4_Init                             0x0800323d   Thumb Code   162  tim.o(i.MX_TIM4_Init)
    MX_TIM5_Init                             0x080032e9   Thumb Code    96  tim.o(i.MX_TIM5_Init)
    MX_USART1_UART_Init                      0x08003351   Thumb Code    48  usart.o(i.MX_USART1_UART_Init)
    MX_USART2_UART_Init                      0x08003389   Thumb Code    48  usart.o(i.MX_USART2_UART_Init)
    MX_USART3_UART_Init                      0x080033c1   Thumb Code    48  usart.o(i.MX_USART3_UART_Init)
    MX_USART6_UART_Init                      0x080033f9   Thumb Code    48  usart.o(i.MX_USART6_UART_Init)
    MemManage_Handler                        0x08003431   Thumb Code     2  stm32f4xx_it.o(i.MemManage_Handler)
    Motor_init                               0x08003435   Thumb Code    82  bsp_tb6612.o(i.Motor_init)
    NMEA_GPGGA_Analysis                      0x080034c5   Thumb Code   108  bsp_gps.o(i.NMEA_GPGGA_Analysis)
    NMEA_GPRMC_Analysis                      0x08003535   Thumb Code   588  bsp_gps.o(i.NMEA_GPRMC_Analysis)
    NMI_Handler                              0x0800385d   Thumb Code     2  stm32f4xx_it.o(i.NMI_Handler)
    OS_CreateTask                            0x08003861   Thumb Code    58  os.o(i.OS_CreateTask)
    OS_DelayMs                               0x080038a1   Thumb Code    10  os.o(i.OS_DelayMs)
    OS_DelayTicks                            0x080038ad   Thumb Code    30  os.o(i.OS_DelayTicks)
    OS_Init                                  0x080038d5   Thumb Code    38  os.o(i.OS_Init)
    OS_ScheduleOnce                          0x08003905   Thumb Code    96  os.o(i.OS_ScheduleOnce)
    OS_Start                                 0x0800396d   Thumb Code     6  os.o(i.OS_Start)
    OS_Tick                                  0x08003975   Thumb Code    38  os.o(i.OS_Tick)
    PID_Compute                              0x080039a1   Thumb Code   142  pid.o(i.PID_Compute)
    PID_Init                                 0x08003a2f   Thumb Code    16  pid.o(i.PID_Init)
    PID_Reset                                0x08003a41   Thumb Code    30  pid.o(i.PID_Reset)
    PendSV_Handler                           0x08003a65   Thumb Code     2  stm32f4xx_it.o(i.PendSV_Handler)
    SVC_Handler                              0x08003a67   Thumb Code     2  stm32f4xx_it.o(i.SVC_Handler)
    SysTick_Handler                          0x08003a69   Thumb Code    14  stm32f4xx_it.o(i.SysTick_Handler)
    SystemClock_Config                       0x08003a79   Thumb Code   140  main.o(i.SystemClock_Config)
    SystemInit                               0x08003b0d   Thumb Code    12  system_stm32f4xx.o(i.SystemInit)
    TB6612_Motor_Init                        0x08003b1d   Thumb Code    32  bsp_tb6612.o(i.TB6612_Motor_Init)
    TB6612_Motor_SetSpeed                    0x08003b3d   Thumb Code   130  bsp_tb6612.o(i.TB6612_Motor_SetSpeed)
    TIM8_TRG_COM_TIM14_IRQHandler            0x08003bc1   Thumb Code     6  stm32f4xx_it.o(i.TIM8_TRG_COM_TIM14_IRQHandler)
    TIM_Base_SetConfig                       0x08003bcd   Thumb Code   164  stm32f4xx_hal_tim.o(i.TIM_Base_SetConfig)
    TIM_CCxChannelCmd                        0x08003c9d   Thumb Code    26  stm32f4xx_hal_tim.o(i.TIM_CCxChannelCmd)
    TIM_ETR_SetConfig                        0x08003cb7   Thumb Code    20  stm32f4xx_hal_tim.o(i.TIM_ETR_SetConfig)
    TIM_OC2_SetConfig                        0x08003d3d   Thumb Code    98  stm32f4xx_hal_tim.o(i.TIM_OC2_SetConfig)
    U8G2_Init                                0x08004035   Thumb Code    52  u8g2_port.o(i.U8G2_Init)
    UART_Start_Receive_DMA                   0x080043ad   Thumb Code   146  stm32f4xx_hal_uart.o(i.UART_Start_Receive_DMA)
    UART_Start_Receive_IT                    0x0800444d   Thumb Code    54  stm32f4xx_hal_uart.o(i.UART_Start_Receive_IT)
    USART2_IRQHandler                        0x080044f5   Thumb Code     6  stm32f4xx_it.o(i.USART2_IRQHandler)
    USART3_IRQHandler                        0x08004501   Thumb Code    16  stm32f4xx_it.o(i.USART3_IRQHandler)
    UsageFault_Handler                       0x08004515   Thumb Code     2  stm32f4xx_it.o(i.UsageFault_Handler)
    __0printf                                0x08004519   Thumb Code    22  printfa.o(i.__0printf)
    __1printf                                0x08004519   Thumb Code     0  printfa.o(i.__0printf)
    __2printf                                0x08004519   Thumb Code     0  printfa.o(i.__0printf)
    __c89printf                              0x08004519   Thumb Code     0  printfa.o(i.__0printf)
    printf                                   0x08004519   Thumb Code     0  printfa.o(i.__0printf)
    __0snprintf                              0x08004539   Thumb Code    48  printfa.o(i.__0snprintf)
    __1snprintf                              0x08004539   Thumb Code     0  printfa.o(i.__0snprintf)
    __2snprintf                              0x08004539   Thumb Code     0  printfa.o(i.__0snprintf)
    __c89snprintf                            0x08004539   Thumb Code     0  printfa.o(i.__0snprintf)
    snprintf                                 0x08004539   Thumb Code     0  printfa.o(i.__0snprintf)
    __scatterload_copy                       0x0800458d   Thumb Code    14  handlers.o(i.__scatterload_copy)
    __scatterload_null                       0x0800459b   Thumb Code     2  handlers.o(i.__scatterload_null)
    __scatterload_zeroinit                   0x0800459d   Thumb Code    14  handlers.o(i.__scatterload_zeroinit)
    delay_init                               0x08004e4d   Thumb Code    26  dwt_delay.o(i.delay_init)
    delay_us                                 0x08004e71   Thumb Code    28  dwt_delay.o(i.delay_us)
    fputc                                    0x08004e99   Thumb Code    20  usart.o(i.fputc)
    main                                     0x08004eb1   Thumb Code    62  main.o(i.main)
    u8g2_ClearBuffer                         0x08004eef   Thumb Code    20  u8g2_buffer_1.o(i.u8g2_ClearBuffer)
    u8g2_DrawGlyph                           0x08004f03   Thumb Code   110  u8g2_font_1.o(i.u8g2_DrawGlyph)
    u8g2_DrawHLine                           0x08004f71   Thumb Code    12  u8g2_hvline_1.o(i.u8g2_DrawHLine)
    u8g2_DrawHVLine                          0x08004f7d   Thumb Code   172  u8g2_hvline_1.o(i.u8g2_DrawHVLine)
    u8g2_DrawStr                             0x08005029   Thumb Code    12  u8g2_font_1.o(i.u8g2_DrawStr)
    u8g2_IsIntersection                      0x08005039   Thumb Code    48  u8g2_intersection_1.o(i.u8g2_IsIntersection)
    u8g2_SendBuffer                          0x08005069   Thumb Code    18  u8g2_buffer_1.o(i.u8g2_SendBuffer)
    u8g2_SetFont                             0x0800507b   Thumb Code    32  u8g2_font_1.o(i.u8g2_SetFont)
    u8g2_SetFontPosBaseline                  0x0800509d   Thumb Code     6  u8g2_font_1.o(i.u8g2_SetFontPosBaseline)
    u8g2_SetMaxClipWindow                    0x080050a9   Thumb Code    28  u8g2_setup_1.o(i.u8g2_SetMaxClipWindow)
    u8g2_SetupBuffer                         0x080050c5   Thumb Code    70  u8g2_setup_1.o(i.u8g2_SetupBuffer)
    u8g2_Setup_ssd1306_i2c_128x64_noname_f   0x0800510d   Thumb Code    42  u8g2_d_setup_1.o(i.u8g2_Setup_ssd1306_i2c_128x64_noname_f)
    u8g2_UpdateRefHeight                     0x08005145   Thumb Code    82  u8g2_font_1.o(i.u8g2_UpdateRefHeight)
    u8g2_add_vector_x                        0x08005197   Thumb Code    28  u8g2_font_1.o(i.u8g2_add_vector_x)
    u8g2_add_vector_y                        0x080051b3   Thumb Code    28  u8g2_font_1.o(i.u8g2_add_vector_y)
    u8g2_draw_hv_line_2dir                   0x08005279   Thumb Code    18  u8g2_hvline_1.o(i.u8g2_draw_hv_line_2dir)
    u8g2_draw_l90_r0                         0x0800528b   Thumb Code    12  u8g2_setup_1.o(i.u8g2_draw_l90_r0)
    u8g2_font_calc_vref_font                 0x0800530d   Thumb Code     4  u8g2_font_1.o(i.u8g2_font_calc_vref_font)
    u8g2_font_decode_get_signed_bits         0x08005311   Thumb Code    20  u8g2_font_1.o(i.u8g2_font_decode_get_signed_bits)
    u8g2_font_decode_get_unsigned_bits       0x08005325   Thumb Code    52  u8g2_font_1.o(i.u8g2_font_decode_get_unsigned_bits)
    u8g2_font_decode_glyph                   0x08005359   Thumb Code   276  u8g2_font_1.o(i.u8g2_font_decode_glyph)
    u8g2_font_decode_len                     0x0800546d   Thumb Code   140  u8g2_font_1.o(i.u8g2_font_decode_len)
    u8g2_font_get_glyph_data                 0x080054f9   Thumb Code   114  u8g2_font_1.o(i.u8g2_font_get_glyph_data)
    u8g2_is_intersection_decision_tree       0x080055b3   Thumb Code    24  u8g2_intersection_1.o(i.u8g2_is_intersection_decision_tree)
    u8g2_ll_hvline_vertical_top_lsb          0x080055cd   Thumb Code   144  u8g2_ll_hvline_1.o(i.u8g2_ll_hvline_vertical_top_lsb)
    u8g2_m_16_8_f                            0x0800565d   Thumb Code     8  u8g2_d_memory_1.o(i.u8g2_m_16_8_f)
    u8g2_read_font_info                      0x08005669   Thumb Code   106  u8g2_font_1.o(i.u8g2_read_font_info)
    u8g2_update_dimension_r0                 0x08005767   Thumb Code     4  u8g2_setup_1.o(i.u8g2_update_dimension_r0)
    u8g2_update_page_win_r0                  0x0800576b   Thumb Code    34  u8g2_setup_1.o(i.u8g2_update_page_win_r0)
    u8x8_DrawTile                            0x0800578d   Thumb Code    30  u8x8_display_1.o(i.u8x8_DrawTile)
    u8x8_InitDisplay                         0x080057ab   Thumb Code    16  u8x8_display_1.o(i.u8x8_InitDisplay)
    u8x8_RefreshDisplay                      0x080057bb   Thumb Code    16  u8x8_display_1.o(i.u8x8_RefreshDisplay)
    u8x8_SetPowerSave                        0x080057cb   Thumb Code    16  u8x8_display_1.o(i.u8x8_SetPowerSave)
    u8x8_Setup                               0x080057db   Thumb Code    34  u8x8_setup_1.o(i.u8x8_Setup)
    u8x8_SetupDefaults                       0x080057fd   Thumb Code    32  u8x8_setup_1.o(i.u8x8_SetupDefaults)
    u8x8_SetupMemory                         0x08005821   Thumb Code    16  u8x8_display_1.o(i.u8x8_SetupMemory)
    u8x8_ascii_next                          0x08005831   Thumb Code    14  u8x8_8x8_1.o(i.u8x8_ascii_next)
    u8x8_byte_EndTransfer                    0x0800583f   Thumb Code    16  u8x8_byte_1.o(i.u8x8_byte_EndTransfer)
    u8x8_byte_SendByte                       0x0800584f   Thumb Code    14  u8x8_byte_1.o(i.u8x8_byte_SendByte)
    u8x8_byte_StartTransfer                  0x0800585d   Thumb Code    16  u8x8_byte_1.o(i.u8x8_byte_StartTransfer)
    u8x8_cad_EndTransfer                     0x080058f9   Thumb Code    16  u8x8_cad_1.o(i.u8x8_cad_EndTransfer)
    u8x8_cad_SendArg                         0x08005909   Thumb Code    16  u8x8_cad_1.o(i.u8x8_cad_SendArg)
    u8x8_cad_SendCmd                         0x08005919   Thumb Code    16  u8x8_cad_1.o(i.u8x8_cad_SendCmd)
    u8x8_cad_SendData                        0x08005929   Thumb Code    16  u8x8_cad_1.o(i.u8x8_cad_SendData)
    u8x8_cad_SendSequence                    0x08005939   Thumb Code   104  u8x8_cad_1.o(i.u8x8_cad_SendSequence)
    u8x8_cad_StartTransfer                   0x080059a1   Thumb Code    16  u8x8_cad_1.o(i.u8x8_cad_StartTransfer)
    u8x8_cad_ssd13xx_fast_i2c                0x080059b1   Thumb Code   182  u8x8_cad_1.o(i.u8x8_cad_ssd13xx_fast_i2c)
    u8x8_d_helper_display_init               0x08005a6d   Thumb Code    96  u8x8_display_1.o(i.u8x8_d_helper_display_init)
    u8x8_d_helper_display_setup_memory       0x08005acd   Thumb Code    10  u8x8_display_1.o(i.u8x8_d_helper_display_setup_memory)
    u8x8_d_ssd1306_128x64_noname             0x08005ad9   Thumb Code    52  u8x8_d_ssd1306_128x64_noname_1.o(i.u8x8_d_ssd1306_128x64_noname)
    u8x8_dummy_cb                            0x08005bdd   Thumb Code     4  u8x8_setup_1.o(i.u8x8_dummy_cb)
    u8x8_gpio_call                           0x08005c0b   Thumb Code    12  u8x8_gpio_1.o(i.u8x8_gpio_call)
    u8x8_utf8_init                           0x08005c43   Thumb Code     8  u8x8_8x8_1.o(i.u8x8_utf8_init)
    u8g2_font_ncenB08_tr                     0x08005c4a   Data        1166  u8g2_fonts_1.o(.constdata)
    u8g2_font_ncenB10_tr                     0x080060d8   Data        1559  u8g2_fonts_1.o(.constdata)
    u8g2_cb_r0                               0x080066f0   Data          12  u8g2_setup_1.o(.constdata)
    AHBPrescTable                            0x0800685c   Data          16  system_stm32f4xx.o(.constdata)
    APBPrescTable                            0x0800686c   Data           8  system_stm32f4xx.o(.constdata)
    Region$$Table$$Base                      0x08006874   Number         0  anon$$obj.o(Region$$Table)
    Region$$Table$$Limit                     0x08006894   Number         0  anon$$obj.o(Region$$Table)
    g_remote_cmd                             0x20000008   Data           1  app_comm.o(.data)
    g_robot_mode                             0x20000009   Data           1  app_comm.o(.data)
    gps_data_ready                           0x2000000e   Data           1  bsp_gps.o(.data)
    gps_rx_len                               0x20000010   Data           2  bsp_gps.o(.data)
    motor1                                   0x2000002c   Data          12  bsp_encoder.o(.data)
    motor2                                   0x20000038   Data          12  bsp_encoder.o(.data)
    uwTickFreq                               0x2000004c   Data           1  stm32f4xx_hal.o(.data)
    uwTickPrio                               0x20000050   Data           4  stm32f4xx_hal.o(.data)
    uwTick                                   0x20000054   Data           4  stm32f4xx_hal.o(.data)
    SystemCoreClock                          0x20000058   Data           4  system_stm32f4xx.o(.data)
    __stdout                                 0x2000005c   Data           4  stdout.o(.data)
    motorL                                   0x20000238   Data          28  bsp_tb6612.o(.bss)
    motorR                                   0x20000254   Data          28  bsp_tb6612.o(.bss)
    gps_rx_buffer                            0x20000270   Data         512  bsp_gps.o(.bss)
    gps_proc_buffer                          0x20000470   Data         512  bsp_gps.o(.bss)
    gps_data                                 0x20000670   Data         144  bsp_gps.o(.bss)
    u8g2                                     0x20000780   Data         148  u8g2_port.o(.bss)
    hi2c1                                    0x20000c14   Data          84  i2c.o(.bss)
    htim3                                    0x20000c68   Data          72  tim.o(.bss)
    htim4                                    0x20000cb0   Data          72  tim.o(.bss)
    htim5                                    0x20000cf8   Data          72  tim.o(.bss)
    htim14                                   0x20000d40   Data          72  tim.o(.bss)
    huart1                                   0x20000d88   Data          72  usart.o(.bss)
    huart2                                   0x20000dd0   Data          72  usart.o(.bss)
    huart3                                   0x20000e18   Data          72  usart.o(.bss)
    huart6                                   0x20000e60   Data          72  usart.o(.bss)
    hdma_usart3_rx                           0x20000ea8   Data          96  usart.o(.bss)
    hdma_usart6_rx                           0x20000f08   Data          96  usart.o(.bss)
    __initial_sp                             0x20001368   Data           0  startup_stm32f407xx.o(STACK)



==============================================================================

Memory Map of the image

  Image Entry point : 0x08000189

  Load Region LR_IROM1 (Base: 0x08000000, Size: 0x000068f4, Max: 0x00080000, ABSOLUTE)

    Execution Region ER_IROM1 (Exec base: 0x08000000, Load base: 0x08000000, Size: 0x00006894, Max: 0x00080000, ABSOLUTE)

    Exec Addr    Load Addr    Size         Type   Attr      Idx    E Section Name        Object

    0x08000000   0x08000000   0x00000188   Data   RO            3    RESET               startup_stm32f407xx.o
    0x08000188   0x08000188   0x00000000   Code   RO         8713  * .ARM.Collect$$$$00000000  mc_w.l(entry.o)
    0x08000188   0x08000188   0x00000004   Code   RO         8997    .ARM.Collect$$$$00000001  mc_w.l(entry2.o)
    0x0800018c   0x0800018c   0x00000004   Code   RO         9000    .ARM.Collect$$$$00000004  mc_w.l(entry5.o)
    0x08000190   0x08000190   0x00000000   Code   RO         9002    .ARM.Collect$$$$00000008  mc_w.l(entry7b.o)
    0x08000190   0x08000190   0x00000000   Code   RO         9004    .ARM.Collect$$$$0000000A  mc_w.l(entry8b.o)
    0x08000190   0x08000190   0x00000008   Code   RO         9005    .ARM.Collect$$$$0000000B  mc_w.l(entry9a.o)
    0x08000198   0x08000198   0x00000004   Code   RO         9012    .ARM.Collect$$$$0000000E  mc_w.l(entry12b.o)
    0x0800019c   0x0800019c   0x00000000   Code   RO         9007    .ARM.Collect$$$$0000000F  mc_w.l(entry10a.o)
    0x0800019c   0x0800019c   0x00000000   Code   RO         9009    .ARM.Collect$$$$00000011  mc_w.l(entry11a.o)
    0x0800019c   0x0800019c   0x00000004   Code   RO         8998    .ARM.Collect$$$$00002712  mc_w.l(entry2.o)
    0x080001a0   0x080001a0   0x00000024   Code   RO            4    .text               startup_stm32f407xx.o
    0x080001c4   0x080001c4   0x00000062   Code   RO         8716    .text               mc_w.l(uldiv.o)
    0x08000226   0x08000226   0x00000024   Code   RO         8718    .text               mc_w.l(memcpya.o)
    0x0800024a   0x0800024a   0x00000024   Code   RO         8720    .text               mc_w.l(memseta.o)
    0x0800026e   0x0800026e   0x00000024   Code   RO         8722    .text               mc_w.l(strstr.o)
    0x08000292   0x08000292   0x0000001e   Code   RO         8724    .text               mc_w.l(strncmp.o)
    0x080002b0   0x080002b0   0x0000014e   Code   RO         8989    .text               mf_w.l(dadd.o)
    0x080003fe   0x080003fe   0x000000e4   Code   RO         8991    .text               mf_w.l(dmul.o)
    0x080004e2   0x080004e2   0x0000001a   Code   RO         8993    .text               mf_w.l(dfltui.o)
    0x080004fc   0x080004fc   0x00000026   Code   RO         8995    .text               mf_w.l(f2d.o)
    0x08000522   0x08000522   0x0000002c   Code   RO         9014    .text               mc_w.l(uidiv.o)
    0x0800054e   0x0800054e   0x0000001e   Code   RO         9016    .text               mc_w.l(llshl.o)
    0x0800056c   0x0800056c   0x00000020   Code   RO         9018    .text               mc_w.l(llushr.o)
    0x0800058c   0x0800058c   0x00000024   Code   RO         9020    .text               mc_w.l(llsshr.o)
    0x080005b0   0x080005b0   0x00000000   Code   RO         9022    .text               mc_w.l(iusefp.o)
    0x080005b0   0x080005b0   0x000000ba   Code   RO         9023    .text               mf_w.l(depilogue.o)
    0x0800066a   0x0800066a   0x000000de   Code   RO         9025    .text               mf_w.l(ddiv.o)
    0x08000748   0x08000748   0x00000030   Code   RO         9027    .text               mf_w.l(dfixul.o)
    0x08000778   0x08000778   0x00000030   Code   RO         9029    .text               mf_w.l(cdrcmple.o)
    0x080007a8   0x080007a8   0x00000024   Code   RO         9031    .text               mc_w.l(init.o)
    0x080007cc   0x080007cc   0x00000014   Code   RO          354    i.App_Comm_Init     app_comm.o
    0x080007e0   0x080007e0   0x000000a4   Code   RO          355    i.App_Comm_Parse_Internal  app_comm.o
    0x08000884   0x08000884   0x00000020   Code   RO          356    i.App_Comm_ProcessTask  app_comm.o
    0x080008a4   0x080008a4   0x0000001c   Code   RO          240    i.App_UI_Init       app_ui.o
    0x080008c0   0x080008c0   0x00000110   Code   RO          241    i.App_UI_ShowGPS    app_ui.o
    0x080009d0   0x080009d0   0x00000028   Code   RO          548    i.BSP_LED_Init      bsp_led.o
    0x080009f8   0x080009f8   0x00000020   Code   RO          549    i.BSP_LED_Off       bsp_led.o
    0x08000a18   0x08000a18   0x00000020   Code   RO          550    i.BSP_LED_On        bsp_led.o
    0x08000a38   0x08000a38   0x00000002   Code   RO         5603    i.BusFault_Handler  stm32f4xx_it.o
    0x08000a3a   0x08000a3a   0x00000002   PAD
    0x08000a3c   0x08000a3c   0x000002a4   Code   RO           13    i.Core_Main_Init    core_main.o
    0x08000ce0   0x08000ce0   0x00000004   Code   RO           14    i.Core_Main_Master  core_main.o
    0x08000ce4   0x08000ce4   0x0000000c   Code   RO         5604    i.DMA1_Stream1_IRQHandler  stm32f4xx_it.o
    0x08000cf0   0x08000cf0   0x0000000c   Code   RO         5605    i.DMA2_Stream1_IRQHandler  stm32f4xx_it.o
    0x08000cfc   0x08000cfc   0x00000028   Code   RO         6651    i.DMA_CalcBaseAndBitshift  stm32f4xx_hal_dma.o
    0x08000d24   0x08000d24   0x00000054   Code   RO         6652    i.DMA_CheckFifoParam  stm32f4xx_hal_dma.o
    0x08000d78   0x08000d78   0x00000028   Code   RO         6653    i.DMA_SetConfig     stm32f4xx_hal_dma.o
    0x08000da0   0x08000da0   0x00000002   Code   RO         5606    i.DebugMon_Handler  stm32f4xx_it.o
    0x08000da2   0x08000da2   0x00000002   PAD
    0x08000da4   0x08000da4   0x00000028   Code   RO          595    i.Encoder_Init      bsp_encoder.o
    0x08000dcc   0x08000dcc   0x00000060   Code   RO          596    i.Encoder_Update_Speed  bsp_encoder.o
    0x08000e2c   0x08000e2c   0x00000004   Code   RO         5326    i.Error_Handler     main.o
    0x08000e30   0x08000e30   0x00000034   Code   RO          461    i.GPS_Init          bsp_gps.o
    0x08000e64   0x08000e64   0x0000004c   Code   RO          462    i.GPS_Process_Task  bsp_gps.o
    0x08000eb0   0x08000eb0   0x00000064   Code   RO          463    i.GPS_Rx_Callback   bsp_gps.o
    0x08000f14   0x08000f14   0x00000092   Code   RO         6654    i.HAL_DMA_Abort     stm32f4xx_hal_dma.o
    0x08000fa6   0x08000fa6   0x00000024   Code   RO         6655    i.HAL_DMA_Abort_IT  stm32f4xx_hal_dma.o
    0x08000fca   0x08000fca   0x00000002   PAD
    0x08000fcc   0x08000fcc   0x000001a0   Code   RO         6659    i.HAL_DMA_IRQHandler  stm32f4xx_hal_dma.o
    0x0800116c   0x0800116c   0x000000d4   Code   RO         6660    i.HAL_DMA_Init      stm32f4xx_hal_dma.o
    0x08001240   0x08001240   0x0000006e   Code   RO         6664    i.HAL_DMA_Start_IT  stm32f4xx_hal_dma.o
    0x080012ae   0x080012ae   0x00000002   PAD
    0x080012b0   0x080012b0   0x00000024   Code   RO         7091    i.HAL_Delay         stm32f4xx_hal.o
    0x080012d4   0x080012d4   0x000001f0   Code   RO         6547    i.HAL_GPIO_Init     stm32f4xx_hal_gpio.o
    0x080014c4   0x080014c4   0x0000000a   Code   RO         6551    i.HAL_GPIO_WritePin  stm32f4xx_hal_gpio.o
    0x080014ce   0x080014ce   0x00000002   PAD
    0x080014d0   0x080014d0   0x0000000c   Code   RO         7097    i.HAL_GetTick       stm32f4xx_hal.o
    0x080014dc   0x080014dc   0x00000188   Code   RO         5748    i.HAL_I2C_Init      stm32f4xx_hal_i2c.o
    0x08001664   0x08001664   0x0000012c   Code   RO         5761    i.HAL_I2C_Master_Transmit  stm32f4xx_hal_i2c.o
    0x08001790   0x08001790   0x0000006c   Code   RO         5418    i.HAL_I2C_MspInit   i2c.o
    0x080017fc   0x080017fc   0x00000010   Code   RO         7103    i.HAL_IncTick       stm32f4xx_hal.o
    0x0800180c   0x0800180c   0x00000034   Code   RO         7104    i.HAL_Init          stm32f4xx_hal.o
    0x08001840   0x08001840   0x00000040   Code   RO         7105    i.HAL_InitTick      stm32f4xx_hal.o
    0x08001880   0x08001880   0x00000030   Code   RO         5713    i.HAL_MspInit       stm32f4xx_hal_msp.o
    0x080018b0   0x080018b0   0x0000001a   Code   RO         6939    i.HAL_NVIC_EnableIRQ  stm32f4xx_hal_cortex.o
    0x080018ca   0x080018ca   0x00000002   PAD
    0x080018cc   0x080018cc   0x00000040   Code   RO         6945    i.HAL_NVIC_SetPriority  stm32f4xx_hal_cortex.o
    0x0800190c   0x0800190c   0x00000024   Code   RO         6946    i.HAL_NVIC_SetPriorityGrouping  stm32f4xx_hal_cortex.o
    0x08001930   0x08001930   0x00000134   Code   RO         6193    i.HAL_RCC_ClockConfig  stm32f4xx_hal_rcc.o
    0x08001a64   0x08001a64   0x00000020   Code   RO         6200    i.HAL_RCC_GetPCLK1Freq  stm32f4xx_hal_rcc.o
    0x08001a84   0x08001a84   0x00000020   Code   RO         6201    i.HAL_RCC_GetPCLK2Freq  stm32f4xx_hal_rcc.o
    0x08001aa4   0x08001aa4   0x00000064   Code   RO         6202    i.HAL_RCC_GetSysClockFreq  stm32f4xx_hal_rcc.o
    0x08001b08   0x08001b08   0x0000036c   Code   RO         6205    i.HAL_RCC_OscConfig  stm32f4xx_hal_rcc.o
    0x08001e74   0x08001e74   0x00000028   Code   RO         6950    i.HAL_SYSTICK_Config  stm32f4xx_hal_cortex.o
    0x08001e9c   0x08001e9c   0x00000002   Code   RO         8048    i.HAL_TIMEx_BreakCallback  stm32f4xx_hal_tim_ex.o
    0x08001e9e   0x08001e9e   0x00000002   Code   RO         8049    i.HAL_TIMEx_CommutCallback  stm32f4xx_hal_tim_ex.o
    0x08001ea0   0x08001ea0   0x00000090   Code   RO         8067    i.HAL_TIMEx_MasterConfigSynchronization  stm32f4xx_hal_tim_ex.o
    0x08001f30   0x08001f30   0x0000005a   Code   RO         7344    i.HAL_TIM_Base_Init  stm32f4xx_hal_tim.o
    0x08001f8a   0x08001f8a   0x00000002   PAD
    0x08001f8c   0x08001f8c   0x00000054   Code   RO         5460    i.HAL_TIM_Base_MspInit  tim.o
    0x08001fe0   0x08001fe0   0x00000080   Code   RO         7349    i.HAL_TIM_Base_Start_IT  stm32f4xx_hal_tim.o
    0x08002060   0x08002060   0x000000dc   Code   RO         7353    i.HAL_TIM_ConfigClockSource  stm32f4xx_hal_tim.o
    0x0800213c   0x0800213c   0x000000a4   Code   RO         7365    i.HAL_TIM_Encoder_Init  stm32f4xx_hal_tim.o
    0x080021e0   0x080021e0   0x00000094   Code   RO         5462    i.HAL_TIM_Encoder_MspInit  tim.o
    0x08002274   0x08002274   0x0000008e   Code   RO         7368    i.HAL_TIM_Encoder_Start  stm32f4xx_hal_tim.o
    0x08002302   0x08002302   0x00000002   Code   RO         7378    i.HAL_TIM_IC_CaptureCallback  stm32f4xx_hal_tim.o
    0x08002304   0x08002304   0x00000130   Code   RO         7392    i.HAL_TIM_IRQHandler  stm32f4xx_hal_tim.o
    0x08002434   0x08002434   0x00000054   Code   RO         5463    i.HAL_TIM_MspPostInit  tim.o
    0x08002488   0x08002488   0x00000002   Code   RO         7395    i.HAL_TIM_OC_DelayElapsedCallback  stm32f4xx_hal_tim.o
    0x0800248a   0x0800248a   0x000000cc   Code   RO         7416    i.HAL_TIM_PWM_ConfigChannel  stm32f4xx_hal_tim.o
    0x08002556   0x08002556   0x0000005a   Code   RO         7419    i.HAL_TIM_PWM_Init  stm32f4xx_hal_tim.o
    0x080025b0   0x080025b0   0x00000002   Code   RO         7421    i.HAL_TIM_PWM_MspInit  stm32f4xx_hal_tim.o
    0x080025b2   0x080025b2   0x00000002   Code   RO         7422    i.HAL_TIM_PWM_PulseFinishedCallback  stm32f4xx_hal_tim.o
    0x080025b4   0x080025b4   0x000000c8   Code   RO         7424    i.HAL_TIM_PWM_Start  stm32f4xx_hal_tim.o
    0x0800267c   0x0800267c   0x00000020   Code   RO           15    i.HAL_TIM_PeriodElapsedCallback  core_main.o
    0x0800269c   0x0800269c   0x00000002   Code   RO         7435    i.HAL_TIM_TriggerCallback  stm32f4xx_hal_tim.o
    0x0800269e   0x0800269e   0x0000004e   Code   RO         8326    i.HAL_UARTEx_ReceiveToIdle_IT  stm32f4xx_hal_uart.o
    0x080026ec   0x080026ec   0x00000044   Code   RO          357    i.HAL_UARTEx_RxEventCallback  app_comm.o
    0x08002730   0x08002730   0x00000070   Code   RO         8339    i.HAL_UART_DMAStop  stm32f4xx_hal_uart.o
    0x080027a0   0x080027a0   0x00000020   Code   RO          358    i.HAL_UART_ErrorCallback  app_comm.o
    0x080027c0   0x080027c0   0x00000280   Code   RO         8344    i.HAL_UART_IRQHandler  stm32f4xx_hal_uart.o
    0x08002a40   0x08002a40   0x00000064   Code   RO         8345    i.HAL_UART_Init     stm32f4xx_hal_uart.o
    0x08002aa4   0x08002aa4   0x000001b4   Code   RO         5538    i.HAL_UART_MspInit  usart.o
    0x08002c58   0x08002c58   0x0000001c   Code   RO         8349    i.HAL_UART_Receive_DMA  stm32f4xx_hal_uart.o
    0x08002c74   0x08002c74   0x00000002   Code   RO         8351    i.HAL_UART_RxCpltCallback  stm32f4xx_hal_uart.o
    0x08002c76   0x08002c76   0x00000002   Code   RO         8352    i.HAL_UART_RxHalfCpltCallback  stm32f4xx_hal_uart.o
    0x08002c78   0x08002c78   0x000000a0   Code   RO         8353    i.HAL_UART_Transmit  stm32f4xx_hal_uart.o
    0x08002d18   0x08002d18   0x00000002   Code   RO         8356    i.HAL_UART_TxCpltCallback  stm32f4xx_hal_uart.o
    0x08002d1a   0x08002d1a   0x00000002   Code   RO         5607    i.HardFault_Handler  stm32f4xx_it.o
    0x08002d1c   0x08002d1c   0x0000002e   Code   RO         5791    i.I2C_IsAcknowledgeFailed  stm32f4xx_hal_i2c.o
    0x08002d4a   0x08002d4a   0x00000002   PAD
    0x08002d4c   0x08002d4c   0x0000009c   Code   RO         5795    i.I2C_MasterRequestWrite  stm32f4xx_hal_i2c.o
    0x08002de8   0x08002de8   0x00000056   Code   RO         5806    i.I2C_WaitOnBTFFlagUntilTimeout  stm32f4xx_hal_i2c.o
    0x08002e3e   0x08002e3e   0x00000002   PAD
    0x08002e40   0x08002e40   0x00000090   Code   RO         5807    i.I2C_WaitOnFlagUntilTimeout  stm32f4xx_hal_i2c.o
    0x08002ed0   0x08002ed0   0x000000bc   Code   RO         5808    i.I2C_WaitOnMasterAddressFlagUntilTimeout  stm32f4xx_hal_i2c.o
    0x08002f8c   0x08002f8c   0x00000056   Code   RO         5810    i.I2C_WaitOnTXEFlagUntilTimeout  stm32f4xx_hal_i2c.o
    0x08002fe2   0x08002fe2   0x00000002   PAD
    0x08002fe4   0x08002fe4   0x0000004c   Code   RO         5393    i.MX_DMA_Init       dma.o
    0x08003030   0x08003030   0x00000128   Code   RO         5369    i.MX_GPIO_Init      gpio.o
    0x08003158   0x08003158   0x00000040   Code   RO         5419    i.MX_I2C1_Init      i2c.o
    0x08003198   0x08003198   0x00000038   Code   RO         5464    i.MX_TIM14_Init     tim.o
    0x080031d0   0x080031d0   0x0000006c   Code   RO         5465    i.MX_TIM3_Init      tim.o
    0x0800323c   0x0800323c   0x000000ac   Code   RO         5466    i.MX_TIM4_Init      tim.o
    0x080032e8   0x080032e8   0x00000068   Code   RO         5467    i.MX_TIM5_Init      tim.o
    0x08003350   0x08003350   0x00000038   Code   RO         5539    i.MX_USART1_UART_Init  usart.o
    0x08003388   0x08003388   0x00000038   Code   RO         5540    i.MX_USART2_UART_Init  usart.o
    0x080033c0   0x080033c0   0x00000038   Code   RO         5541    i.MX_USART3_UART_Init  usart.o
    0x080033f8   0x080033f8   0x00000038   Code   RO         5542    i.MX_USART6_UART_Init  usart.o
    0x08003430   0x08003430   0x00000002   Code   RO         5608    i.MemManage_Handler  stm32f4xx_it.o
    0x08003432   0x08003432   0x00000002   PAD
    0x08003434   0x08003434   0x00000064   Code   RO          419    i.Motor_init        bsp_tb6612.o
    0x08003498   0x08003498   0x0000002a   Code   RO          464    i.NMEA_Comma_Pos    bsp_gps.o
    0x080034c2   0x080034c2   0x00000002   PAD
    0x080034c4   0x080034c4   0x00000070   Code   RO          465    i.NMEA_GPGGA_Analysis  bsp_gps.o
    0x08003534   0x08003534   0x00000258   Code   RO          466    i.NMEA_GPRMC_Analysis  bsp_gps.o
    0x0800378c   0x0800378c   0x00000010   Code   RO          467    i.NMEA_Pow          bsp_gps.o
    0x0800379c   0x0800379c   0x000000c0   Code   RO          468    i.NMEA_Str2num      bsp_gps.o
    0x0800385c   0x0800385c   0x00000002   Code   RO         5609    i.NMI_Handler       stm32f4xx_it.o
    0x0800385e   0x0800385e   0x00000002   PAD
    0x08003860   0x08003860   0x00000040   Code   RO          276    i.OS_CreateTask     os.o
    0x080038a0   0x080038a0   0x0000000a   Code   RO          277    i.OS_DelayMs        os.o
    0x080038aa   0x080038aa   0x00000002   PAD
    0x080038ac   0x080038ac   0x00000028   Code   RO          278    i.OS_DelayTicks     os.o
    0x080038d4   0x080038d4   0x00000030   Code   RO          280    i.OS_Init           os.o
    0x08003904   0x08003904   0x00000068   Code   RO          282    i.OS_ScheduleOnce   os.o
    0x0800396c   0x0800396c   0x00000006   Code   RO          283    i.OS_Start          os.o
    0x08003972   0x08003972   0x00000002   PAD
    0x08003974   0x08003974   0x0000002c   Code   RO          285    i.OS_Tick           os.o
    0x080039a0   0x080039a0   0x0000008e   Code   RO          704    i.PID_Compute       pid.o
    0x08003a2e   0x08003a2e   0x00000010   Code   RO          705    i.PID_Init          pid.o
    0x08003a3e   0x08003a3e   0x00000002   PAD
    0x08003a40   0x08003a40   0x00000024   Code   RO          706    i.PID_Reset         pid.o
    0x08003a64   0x08003a64   0x00000002   Code   RO         5610    i.PendSV_Handler    stm32f4xx_it.o
    0x08003a66   0x08003a66   0x00000002   Code   RO         5611    i.SVC_Handler       stm32f4xx_it.o
    0x08003a68   0x08003a68   0x0000000e   Code   RO         5612    i.SysTick_Handler   stm32f4xx_it.o
    0x08003a76   0x08003a76   0x00000002   PAD
    0x08003a78   0x08003a78   0x00000094   Code   RO         5327    i.SystemClock_Config  main.o
    0x08003b0c   0x08003b0c   0x00000010   Code   RO         8679    i.SystemInit        system_stm32f4xx.o
    0x08003b1c   0x08003b1c   0x00000020   Code   RO          420    i.TB6612_Motor_Init  bsp_tb6612.o
    0x08003b3c   0x08003b3c   0x00000082   Code   RO          421    i.TB6612_Motor_SetSpeed  bsp_tb6612.o
    0x08003bbe   0x08003bbe   0x00000002   PAD
    0x08003bc0   0x08003bc0   0x0000000c   Code   RO         5613    i.TIM8_TRG_COM_TIM14_IRQHandler  stm32f4xx_it.o
    0x08003bcc   0x08003bcc   0x000000d0   Code   RO         7437    i.TIM_Base_SetConfig  stm32f4xx_hal_tim.o
    0x08003c9c   0x08003c9c   0x0000001a   Code   RO         7438    i.TIM_CCxChannelCmd  stm32f4xx_hal_tim.o
    0x08003cb6   0x08003cb6   0x00000014   Code   RO         7448    i.TIM_ETR_SetConfig  stm32f4xx_hal_tim.o
    0x08003cca   0x08003cca   0x00000010   Code   RO         7449    i.TIM_ITRx_SetConfig  stm32f4xx_hal_tim.o
    0x08003cda   0x08003cda   0x00000002   PAD
    0x08003cdc   0x08003cdc   0x00000060   Code   RO         7450    i.TIM_OC1_SetConfig  stm32f4xx_hal_tim.o
    0x08003d3c   0x08003d3c   0x0000006c   Code   RO         7451    i.TIM_OC2_SetConfig  stm32f4xx_hal_tim.o
    0x08003da8   0x08003da8   0x00000068   Code   RO         7452    i.TIM_OC3_SetConfig  stm32f4xx_hal_tim.o
    0x08003e10   0x08003e10   0x00000050   Code   RO         7453    i.TIM_OC4_SetConfig  stm32f4xx_hal_tim.o
    0x08003e60   0x08003e60   0x00000022   Code   RO         7455    i.TIM_TI1_ConfigInputStage  stm32f4xx_hal_tim.o
    0x08003e82   0x08003e82   0x00000024   Code   RO         7457    i.TIM_TI2_ConfigInputStage  stm32f4xx_hal_tim.o
    0x08003ea6   0x08003ea6   0x00000010   Code   RO           16    i.Task_Comm         core_main.o
    0x08003eb6   0x08003eb6   0x00000002   PAD
    0x08003eb8   0x08003eb8   0x0000008c   Code   RO           17    i.Task_LedRun       core_main.o
    0x08003f44   0x08003f44   0x000000d8   Code   RO           18    i.Task_RobotControl  core_main.o
    0x0800401c   0x0800401c   0x00000018   Code   RO           19    i.Task_UIUpdate     core_main.o
    0x08004034   0x08004034   0x00000044   Code   RO          665    i.U8G2_Init         u8g2_port.o
    0x08004078   0x08004078   0x0000000e   Code   RO         8358    i.UART_DMAAbortOnError  stm32f4xx_hal_uart.o
    0x08004086   0x08004086   0x0000004a   Code   RO         8359    i.UART_DMAError     stm32f4xx_hal_uart.o
    0x080040d0   0x080040d0   0x00000086   Code   RO         8360    i.UART_DMAReceiveCplt  stm32f4xx_hal_uart.o
    0x08004156   0x08004156   0x0000001e   Code   RO         8362    i.UART_DMARxHalfCplt  stm32f4xx_hal_uart.o
    0x08004174   0x08004174   0x0000004e   Code   RO         8368    i.UART_EndRxTransfer  stm32f4xx_hal_uart.o
    0x080041c2   0x080041c2   0x0000001c   Code   RO         8369    i.UART_EndTxTransfer  stm32f4xx_hal_uart.o
    0x080041de   0x080041de   0x000000c2   Code   RO         8370    i.UART_Receive_IT   stm32f4xx_hal_uart.o
    0x080042a0   0x080042a0   0x0000010c   Code   RO         8371    i.UART_SetConfig    stm32f4xx_hal_uart.o
    0x080043ac   0x080043ac   0x000000a0   Code   RO         8372    i.UART_Start_Receive_DMA  stm32f4xx_hal_uart.o
    0x0800444c   0x0800444c   0x00000036   Code   RO         8373    i.UART_Start_Receive_IT  stm32f4xx_hal_uart.o
    0x08004482   0x08004482   0x00000072   Code   RO         8374    i.UART_WaitOnFlagUntilTimeout  stm32f4xx_hal_uart.o
    0x080044f4   0x080044f4   0x0000000c   Code   RO         5614    i.USART2_IRQHandler  stm32f4xx_it.o
    0x08004500   0x08004500   0x00000014   Code   RO         5615    i.USART3_IRQHandler  stm32f4xx_it.o
    0x08004514   0x08004514   0x00000002   Code   RO         5616    i.UsageFault_Handler  stm32f4xx_it.o
    0x08004516   0x08004516   0x00000002   PAD
    0x08004518   0x08004518   0x00000020   Code   RO         8961    i.__0printf         mc_w.l(printfa.o)
    0x08004538   0x08004538   0x00000034   Code   RO         8962    i.__0snprintf       mc_w.l(printfa.o)
    0x0800456c   0x0800456c   0x00000020   Code   RO         6952    i.__NVIC_SetPriority  stm32f4xx_hal_cortex.o
    0x0800458c   0x0800458c   0x0000000e   Code   RO         9035    i.__scatterload_copy  mc_w.l(handlers.o)
    0x0800459a   0x0800459a   0x00000002   Code   RO         9036    i.__scatterload_null  mc_w.l(handlers.o)
    0x0800459c   0x0800459c   0x0000000e   Code   RO         9037    i.__scatterload_zeroinit  mc_w.l(handlers.o)
    0x080045aa   0x080045aa   0x00000002   PAD
    0x080045ac   0x080045ac   0x00000184   Code   RO         8968    i._fp_digits        mc_w.l(printfa.o)
    0x08004730   0x08004730   0x000006b4   Code   RO         8969    i._printf_core      mc_w.l(printfa.o)
    0x08004de4   0x08004de4   0x00000024   Code   RO         8970    i._printf_post_padding  mc_w.l(printfa.o)
    0x08004e08   0x08004e08   0x0000002e   Code   RO         8971    i._printf_pre_padding  mc_w.l(printfa.o)
    0x08004e36   0x08004e36   0x00000016   Code   RO         8972    i._snputc           mc_w.l(printfa.o)
    0x08004e4c   0x08004e4c   0x00000024   Code   RO          632    i.delay_init        dwt_delay.o
    0x08004e70   0x08004e70   0x00000028   Code   RO          633    i.delay_us          dwt_delay.o
    0x08004e98   0x08004e98   0x00000018   Code   RO         5543    i.fputc             usart.o
    0x08004eb0   0x08004eb0   0x0000003e   Code   RO         5328    i.main              main.o
    0x08004eee   0x08004eee   0x00000014   Code   RO         1409    i.u8g2_ClearBuffer  u8g2_buffer_1.o
    0x08004f02   0x08004f02   0x0000006e   Code   RO         1612    i.u8g2_DrawGlyph    u8g2_font_1.o
    0x08004f70   0x08004f70   0x0000000c   Code   RO         3866    i.u8g2_DrawHLine    u8g2_hvline_1.o
    0x08004f7c   0x08004f7c   0x000000ac   Code   RO         3867    i.u8g2_DrawHVLine   u8g2_hvline_1.o
    0x08005028   0x08005028   0x00000010   Code   RO         1614    i.u8g2_DrawStr      u8g2_font_1.o
    0x08005038   0x08005038   0x00000030   Code   RO         3928    i.u8g2_IsIntersection  u8g2_intersection_1.o
    0x08005068   0x08005068   0x00000012   Code   RO         1412    i.u8g2_SendBuffer   u8g2_buffer_1.o
    0x0800507a   0x0800507a   0x00000020   Code   RO         1630    i.u8g2_SetFont      u8g2_font_1.o
    0x0800509a   0x0800509a   0x00000002   PAD
    0x0800509c   0x0800509c   0x0000000c   Code   RO         1633    i.u8g2_SetFontPosBaseline  u8g2_font_1.o
    0x080050a8   0x080050a8   0x0000001c   Code   RO         4116    i.u8g2_SetMaxClipWindow  u8g2_setup_1.o
    0x080050c4   0x080050c4   0x00000046   Code   RO         4117    i.u8g2_SetupBuffer  u8g2_setup_1.o
    0x0800510a   0x0800510a   0x00000002   PAD
    0x0800510c   0x0800510c   0x00000038   Code   RO         1598    i.u8g2_Setup_ssd1306_i2c_128x64_noname_f  u8g2_d_setup_1.o
    0x08005144   0x08005144   0x00000052   Code   RO         1640    i.u8g2_UpdateRefHeight  u8g2_font_1.o
    0x08005196   0x08005196   0x0000001c   Code   RO         1641    i.u8g2_add_vector_x  u8g2_font_1.o
    0x080051b2   0x080051b2   0x0000001c   Code   RO         1642    i.u8g2_add_vector_y  u8g2_font_1.o
    0x080051ce   0x080051ce   0x0000006e   Code   RO         4119    i.u8g2_apply_clip_window  u8g2_setup_1.o
    0x0800523c   0x0800523c   0x0000003c   Code   RO         3871    i.u8g2_clip_intersection2  u8g2_hvline_1.o
    0x08005278   0x08005278   0x00000012   Code   RO         3872    i.u8g2_draw_hv_line_2dir  u8g2_hvline_1.o
    0x0800528a   0x0800528a   0x0000000c   Code   RO         4121    i.u8g2_draw_l90_r0  u8g2_setup_1.o
    0x08005296   0x08005296   0x00000076   Code   RO         1643    i.u8g2_draw_string  u8g2_font_1.o
    0x0800530c   0x0800530c   0x00000004   Code   RO         1649    i.u8g2_font_calc_vref_font  u8g2_font_1.o
    0x08005310   0x08005310   0x00000014   Code   RO         1651    i.u8g2_font_decode_get_signed_bits  u8g2_font_1.o
    0x08005324   0x08005324   0x00000034   Code   RO         1652    i.u8g2_font_decode_get_unsigned_bits  u8g2_font_1.o
    0x08005358   0x08005358   0x00000114   Code   RO         1653    i.u8g2_font_decode_glyph  u8g2_font_1.o
    0x0800546c   0x0800546c   0x0000008c   Code   RO         1654    i.u8g2_font_decode_len  u8g2_font_1.o
    0x080054f8   0x080054f8   0x00000072   Code   RO         1655    i.u8g2_font_get_glyph_data  u8g2_font_1.o
    0x0800556a   0x0800556a   0x00000014   Code   RO         1656    i.u8g2_font_get_word  u8g2_font_1.o
    0x0800557e   0x0800557e   0x00000034   Code   RO         1657    i.u8g2_font_setup_decode  u8g2_font_1.o
    0x080055b2   0x080055b2   0x00000018   Code   RO         3929    i.u8g2_is_intersection_decision_tree  u8g2_intersection_1.o
    0x080055ca   0x080055ca   0x00000002   PAD
    0x080055cc   0x080055cc   0x00000090   Code   RO         3977    i.u8g2_ll_hvline_vertical_top_lsb  u8g2_ll_hvline_1.o
    0x0800565c   0x0800565c   0x0000000c   Code   RO         1585    i.u8g2_m_16_8_f     u8g2_d_memory_1.o
    0x08005668   0x08005668   0x0000006a   Code   RO         1658    i.u8g2_read_font_info  u8g2_font_1.o
    0x080056d2   0x080056d2   0x0000004e   Code   RO         1420    i.u8g2_send_buffer  u8g2_buffer_1.o
    0x08005720   0x08005720   0x00000046   Code   RO         4126    i.u8g2_update_dimension_common  u8g2_setup_1.o
    0x08005766   0x08005766   0x00000004   Code   RO         4127    i.u8g2_update_dimension_r0  u8g2_setup_1.o
    0x0800576a   0x0800576a   0x00000022   Code   RO         4131    i.u8g2_update_page_win_r0  u8g2_setup_1.o
    0x0800578c   0x0800578c   0x0000001e   Code   RO         4904    i.u8x8_DrawTile     u8x8_display_1.o
    0x080057aa   0x080057aa   0x00000010   Code   RO         4906    i.u8x8_InitDisplay  u8x8_display_1.o
    0x080057ba   0x080057ba   0x00000010   Code   RO         4908    i.u8x8_RefreshDisplay  u8x8_display_1.o
    0x080057ca   0x080057ca   0x00000010   Code   RO         4911    i.u8x8_SetPowerSave  u8x8_display_1.o
    0x080057da   0x080057da   0x00000022   Code   RO         5210    i.u8x8_Setup        u8x8_setup_1.o
    0x080057fc   0x080057fc   0x00000024   Code   RO         5211    i.u8x8_SetupDefaults  u8x8_setup_1.o
    0x08005820   0x08005820   0x00000010   Code   RO         4912    i.u8x8_SetupMemory  u8x8_display_1.o
    0x08005830   0x08005830   0x0000000e   Code   RO         4411    i.u8x8_ascii_next   u8x8_8x8_1.o
    0x0800583e   0x0800583e   0x00000010   Code   RO         4536    i.u8x8_byte_EndTransfer  u8x8_byte_1.o
    0x0800584e   0x0800584e   0x0000000e   Code   RO         4537    i.u8x8_byte_SendByte  u8x8_byte_1.o
    0x0800585c   0x0800585c   0x00000010   Code   RO         4540    i.u8x8_byte_StartTransfer  u8x8_byte_1.o
    0x0800586c   0x0800586c   0x0000008c   Code   RO          666    i.u8x8_byte_stm32_hw_i2c  u8g2_port.o
    0x080058f8   0x080058f8   0x00000010   Code   RO         4656    i.u8x8_cad_EndTransfer  u8x8_cad_1.o
    0x08005908   0x08005908   0x00000010   Code   RO         4657    i.u8x8_cad_SendArg  u8x8_cad_1.o
    0x08005918   0x08005918   0x00000010   Code   RO         4658    i.u8x8_cad_SendCmd  u8x8_cad_1.o
    0x08005928   0x08005928   0x00000010   Code   RO         4659    i.u8x8_cad_SendData  u8x8_cad_1.o
    0x08005938   0x08005938   0x00000068   Code   RO         4661    i.u8x8_cad_SendSequence  u8x8_cad_1.o
    0x080059a0   0x080059a0   0x00000010   Code   RO         4662    i.u8x8_cad_StartTransfer  u8x8_cad_1.o
    0x080059b0   0x080059b0   0x000000bc   Code   RO         4665    i.u8x8_cad_ssd13xx_fast_i2c  u8x8_cad_1.o
    0x08005a6c   0x08005a6c   0x00000060   Code   RO         4913    i.u8x8_d_helper_display_init  u8x8_display_1.o
    0x08005acc   0x08005acc   0x0000000a   Code   RO         4914    i.u8x8_d_helper_display_setup_memory  u8x8_display_1.o
    0x08005ad6   0x08005ad6   0x00000002   PAD
    0x08005ad8   0x08005ad8   0x0000003c   Code   RO         4838    i.u8x8_d_ssd1306_128x64_noname  u8x8_d_ssd1306_128x64_noname_1.o
    0x08005b14   0x08005b14   0x000000c8   Code   RO         4840    i.u8x8_d_ssd1306_sh1106_generic  u8x8_d_ssd1306_128x64_noname_1.o
    0x08005bdc   0x08005bdc   0x00000004   Code   RO         5213    i.u8x8_dummy_cb     u8x8_setup_1.o
    0x08005be0   0x08005be0   0x0000002a   Code   RO          667    i.u8x8_gpio_and_delay_stm32  u8g2_port.o
    0x08005c0a   0x08005c0a   0x0000000c   Code   RO         5132    i.u8x8_gpio_call    u8x8_gpio_1.o
    0x08005c16   0x08005c16   0x0000002c   Code   RO         4673    i.u8x8_i2c_data_transfer  u8x8_cad_1.o
    0x08005c42   0x08005c42   0x00000008   Code   RO         4419    i.u8x8_utf8_init    u8x8_8x8_1.o
    0x08005c4a   0x08005c4a   0x0000048e   Data   RO         3204    .constdata          u8g2_fonts_1.o
    0x080060d8   0x080060d8   0x00000617   Data   RO         3208    .constdata          u8g2_fonts_1.o
    0x080066ef   0x080066ef   0x00000001   PAD
    0x080066f0   0x080066f0   0x0000000c   Data   RO         4135    .constdata          u8g2_setup_1.o
    0x080066fc   0x080066fc   0x00000158   Data   RO         4842    .constdata          u8x8_d_ssd1306_128x64_noname_1.o
    0x08006854   0x08006854   0x00000008   Data   RO         6666    .constdata          stm32f4xx_hal_dma.o
    0x0800685c   0x0800685c   0x00000010   Data   RO         8680    .constdata          system_stm32f4xx.o
    0x0800686c   0x0800686c   0x00000008   Data   RO         8681    .constdata          system_stm32f4xx.o
    0x08006874   0x08006874   0x00000020   Data   RO         9033    Region$$Table       anon$$obj.o


    Execution Region RW_IRAM1 (Exec base: 0x20000000, Load base: 0x08006894, Size: 0x00001368, Max: 0x0001c000, ABSOLUTE)

    Exec Addr    Load Addr    Size         Type   Attr      Idx    E Section Name        Object

    0x20000000   0x08006894   0x00000001   Data   RW           21    .data               core_main.o
    0x20000001   0x08006895   0x00000003   PAD
    0x20000004   0x08006898   0x00000004   Data   RW          288    .data               os.o
    0x20000008   0x0800689c   0x00000006   Data   RW          360    .data               app_comm.o
    0x2000000e   0x080068a2   0x00000004   Data   RW          470    .data               bsp_gps.o
    0x20000012   0x080068a6   0x00000002   PAD
    0x20000014   0x080068a8   0x00000018   Data   RW          552    .data               bsp_led.o
    0x2000002c   0x080068c0   0x0000000c   Data   RW          597    .data               bsp_encoder.o
    0x20000038   0x080068cc   0x0000000c   Data   RW          598    .data               bsp_encoder.o
    0x20000044   0x080068d8   0x00000002   Data   RW          669    .data               u8g2_port.o
    0x20000046   0x080068da   0x00000006   Data   RW         4675    .data               u8x8_cad_1.o
    0x2000004c   0x080068e0   0x0000000c   Data   RW         7111    .data               stm32f4xx_hal.o
    0x20000058   0x080068ec   0x00000004   Data   RW         8682    .data               system_stm32f4xx.o
    0x2000005c   0x080068f0   0x00000004   Data   RW         9013    .data               mc_w.l(stdout.o)
    0x20000060        -       0x00000058   Zero   RW           20    .bss                core_main.o
    0x200000b8        -       0x00000080   Zero   RW          287    .bss                os.o
    0x20000138        -       0x00000100   Zero   RW          359    .bss                app_comm.o
    0x20000238        -       0x00000038   Zero   RW          422    .bss                bsp_tb6612.o
    0x20000270        -       0x00000490   Zero   RW          469    .bss                bsp_gps.o
    0x20000700        -       0x00000114   Zero   RW          668    .bss                u8g2_port.o
    0x20000814        -       0x00000400   Zero   RW         1586    .bss                u8g2_d_memory_1.o
    0x20000c14        -       0x00000054   Zero   RW         5420    .bss                i2c.o
    0x20000c68        -       0x00000120   Zero   RW         5468    .bss                tim.o
    0x20000d88        -       0x000001e0   Zero   RW         5544    .bss                usart.o
    0x20000f68        -       0x00000400   Zero   RW            1    STACK               startup_stm32f407xx.o


    Execution Region RW_IRAM2 (Exec base: 0x2001c000, Load base: 0x080068f4, Size: 0x00000000, Max: 0x00004000, ABSOLUTE)

    **** No section assigned to this execution region ****


==============================================================================

Image component sizes


      Code (inc. data)   RO Data    RW Data    ZI Data      Debug   Object Name

       316         78          0          6        256       5353   app_comm.o
       300         98          0          0          0       1539   app_ui.o
       136         24          0         24          0       2114   bsp_encoder.o
      1190         72          0          4       1168       7179   bsp_gps.o
       104         18          0         24          0       2418   bsp_led.o
       262         18          0          0         56       2837   bsp_tb6612.o
      1108        516          0          1         88     865967   core_main.o
        76          4          0          0          0        806   dma.o
        76         22          0          0          0       1036   dwt_delay.o
       296         22          0          0          0       1071   gpio.o
       172         28          0          0         84       1653   i2c.o
       214          8          0          0          0       2060   main.o
         0          0          0          0          0     159230   mui_u8g2_1.o
       316         40          0          4        128       4694   os.o
       194          6          0          0          0       2601   pid.o
        36          8        392          0       1024        828   startup_stm32f407xx.o
       180         28          0         12          0       9357   stm32f4xx_hal.o
       198         14          0          0          0      33783   stm32f4xx_hal_cortex.o
      1084         16          8          0          0       7294   stm32f4xx_hal_dma.o
       506         46          0          0          0       2176   stm32f4xx_hal_gpio.o
      1398         32          0          0          0       9297   stm32f4xx_hal_i2c.o
        48          6          0          0          0        846   stm32f4xx_hal_msp.o
      1348         76          0          0          0       5224   stm32f4xx_hal_rcc.o
      2280        136          0          0          0      18889   stm32f4xx_hal_tim.o
       148         28          0          0          0       2465   stm32f4xx_hal_tim_ex.o
      2272         28          0          0          0      16485   stm32f4xx_hal_uart.o
        98         28          0          0          0       6578   stm32f4xx_it.o
        16          4         24          4          0       1111   system_stm32f4xx.o
       756         80          0          0        288       5083   tim.o
       116          0          0          0          0       2511   u8g2_buffer_1.o
        12          4          0          0       1024        844   u8g2_d_memory_1.o
        56         14          0          0          0       1049   u8g2_d_setup_1.o
      1210         10          0          0          0      14036   u8g2_font_1.o
         0          0       2725          0          0     145335   u8g2_fonts_1.o
       262          0          0          0          0       3124   u8g2_hvline_1.o
        72          0          0          0          0       1907   u8g2_intersection_1.o
       144          0          0          0          0       1378   u8g2_ll_hvline_1.o
       250         28          0          2        276       2523   u8g2_port.o
       328          0         12          0          0     146855   u8g2_setup_1.o
        22          0          0          0          0       1849   u8x8_8x8_1.o
        46          0          0          0          0       1719   u8x8_byte_1.o
       416         12          0          6          0       8816   u8x8_cad_1.o
       260         12        344          0          0       3087   u8x8_d_ssd1306_128x64_noname_1.o
       200          0          0          0          0       4438   u8x8_display_1.o
        12          0          0          0          0        605   u8x8_gpio_1.o
        74          4          0          0          0       1794   u8x8_setup_1.o
       684         80          0          0        480       4515   usart.o

    ----------------------------------------------------------------------
     19342       1648       3538         92       4872    1526359   Object Totals
         0          0         32          0          0          0   (incl. Generated)
        50          0          1          5          0          0   (incl. Padding)

    ----------------------------------------------------------------------

      Code (inc. data)   RO Data    RW Data    ZI Data      Debug   Library Member Name

         0          0          0          0          0          0   entry.o
         0          0          0          0          0          0   entry10a.o
         0          0          0          0          0          0   entry11a.o
         4          0          0          0          0          0   entry12b.o
         8          4          0          0          0          0   entry2.o
         4          0          0          0          0          0   entry5.o
         0          0          0          0          0          0   entry7b.o
         0          0          0          0          0          0   entry8b.o
         8          4          0          0          0          0   entry9a.o
        30          0          0          0          0          0   handlers.o
        36          8          0          0          0         68   init.o
         0          0          0          0          0          0   iusefp.o
        30          0          0          0          0         68   llshl.o
        36          0          0          0          0         68   llsshr.o
        32          0          0          0          0         68   llushr.o
        36          0          0          0          0         68   memcpya.o
        36          0          0          0          0        108   memseta.o
      2292         94          0          0          0        620   printfa.o
         0          0          0          4          0          0   stdout.o
        30          0          0          0          0         80   strncmp.o
        36          0          0          0          0         80   strstr.o
        44          0          0          0          0         80   uidiv.o
        98          0          0          0          0         92   uldiv.o
        48          0          0          0          0         68   cdrcmple.o
       334          0          0          0          0        148   dadd.o
       222          0          0          0          0        100   ddiv.o
       186          0          0          0          0        176   depilogue.o
        48          0          0          0          0         68   dfixul.o
        26          0          0          0          0         76   dfltui.o
       228          0          0          0          0         96   dmul.o
        38          0          0          0          0         68   f2d.o

    ----------------------------------------------------------------------
      3892        110          0          4          0       2200   Library Totals
         2          0          0          0          0          0   (incl. Padding)

    ----------------------------------------------------------------------

      Code (inc. data)   RO Data    RW Data    ZI Data      Debug   Library Name

      2760        110          0          4          0       1400   mc_w.l
      1130          0          0          0          0        800   mf_w.l

    ----------------------------------------------------------------------
      3892        110          0          4          0       2200   Library Totals

    ----------------------------------------------------------------------

==============================================================================


      Code (inc. data)   RO Data    RW Data    ZI Data      Debug   

     23234       1758       3538         96       4872    1506519   Grand Totals
     23234       1758       3538         96       4872    1506519   ELF Image Totals
     23234       1758       3538         96          0          0   ROM Totals

==============================================================================

    Total RO  Size (Code + RO Data)                26772 (  26.14kB)
    Total RW  Size (RW Data + ZI Data)              4968 (   4.85kB)
    Total ROM Size (Code + RO Data + RW Data)      26868 (  26.24kB)

==============================================================================

