Component: ARM Compiler 5.06 update 7 (build 960) Tool: armlink [4d3601]

==============================================================================

Section Cross References

    startup_stm32f407xx.o(RESET) refers to startup_stm32f407xx.o(STACK) for __initial_sp
    startup_stm32f407xx.o(RESET) refers to startup_stm32f407xx.o(.text) for Reset_Handler
    startup_stm32f407xx.o(RESET) refers to stm32f4xx_it.o(i.NMI_Handler) for NMI_Handler
    startup_stm32f407xx.o(RESET) refers to stm32f4xx_it.o(i.HardFault_Handler) for HardFault_Handler
    startup_stm32f407xx.o(RESET) refers to stm32f4xx_it.o(i.MemManage_Handler) for MemManage_Handler
    startup_stm32f407xx.o(RESET) refers to stm32f4xx_it.o(i.BusFault_Handler) for BusFault_Handler
    startup_stm32f407xx.o(RESET) refers to stm32f4xx_it.o(i.UsageFault_Handler) for UsageFault_Handler
    startup_stm32f407xx.o(RESET) refers to stm32f4xx_it.o(i.SVC_Handler) for SVC_Handler
    startup_stm32f407xx.o(RESET) refers to stm32f4xx_it.o(i.DebugMon_Handler) for DebugMon_Handler
    startup_stm32f407xx.o(RESET) refers to stm32f4xx_it.o(i.PendSV_Handler) for PendSV_Handler
    startup_stm32f407xx.o(RESET) refers to stm32f4xx_it.o(i.SysTick_Handler) for SysTick_Handler
    startup_stm32f407xx.o(RESET) refers to stm32f4xx_it.o(i.DMA1_Stream1_IRQHandler) for DMA1_Stream1_IRQHandler
    startup_stm32f407xx.o(RESET) refers to stm32f4xx_it.o(i.USART2_IRQHandler) for USART2_IRQHandler
    startup_stm32f407xx.o(RESET) refers to stm32f4xx_it.o(i.USART3_IRQHandler) for USART3_IRQHandler
    startup_stm32f407xx.o(RESET) refers to stm32f4xx_it.o(i.TIM8_UP_TIM13_IRQHandler) for TIM8_UP_TIM13_IRQHandler
    startup_stm32f407xx.o(RESET) refers to stm32f4xx_it.o(i.TIM8_TRG_COM_TIM14_IRQHandler) for TIM8_TRG_COM_TIM14_IRQHandler
    startup_stm32f407xx.o(RESET) refers to stm32f4xx_it.o(i.DMA2_Stream1_IRQHandler) for DMA2_Stream1_IRQHandler
    startup_stm32f407xx.o(RESET) refers to stm32f4xx_it.o(i.USART6_IRQHandler) for USART6_IRQHandler
    startup_stm32f407xx.o(.text) refers to system_stm32f4xx.o(i.SystemInit) for SystemInit
    startup_stm32f407xx.o(.text) refers to entry.o(.ARM.Collect$$$$00000000) for __main
    core_main.o(i.Core_Main_Init) refers to printfa.o(i.__0printf) for __2printf
    core_main.o(i.Core_Main_Init) refers to bsp_tb6612.o(i.Motor_init) for Motor_init
    core_main.o(i.Core_Main_Init) refers to bsp_encoder.o(i.Encoder_Init) for Encoder_Init
    core_main.o(i.Core_Main_Init) refers to dwt_delay.o(i.delay_init) for delay_init
    core_main.o(i.Core_Main_Init) refers to app_comm.o(i.App_Comm_Init) for App_Comm_Init
    core_main.o(i.Core_Main_Init) refers to bsp_gps.o(i.GPS_Init) for GPS_Init
    core_main.o(i.Core_Main_Init) refers to bsp_led.o(i.BSP_LED_Init) for BSP_LED_Init
    core_main.o(i.Core_Main_Init) refers to bsp_key.o(i.BSP_Key_Init) for BSP_Key_Init
    core_main.o(i.Core_Main_Init) refers to stm32f4xx_hal_tim.o(i.HAL_TIM_Base_Start_IT) for HAL_TIM_Base_Start_IT
    core_main.o(i.Core_Main_Init) refers to bsp_openmv.o(i.OpenMV_Init) for OpenMV_Init
    core_main.o(i.Core_Main_Init) refers to pid.o(i.App_Follow_Init) for App_Follow_Init
    core_main.o(i.Core_Main_Init) refers to app_ui.o(i.App_UI_Init) for App_UI_Init
    core_main.o(i.Core_Main_Init) refers to os.o(i.OS_Init) for OS_Init
    core_main.o(i.Core_Main_Init) refers to os.o(i.OS_CreateTask) for OS_CreateTask
    core_main.o(i.Core_Main_Init) refers to tim.o(.bss) for htim13
    core_main.o(i.Core_Main_Init) refers to usart.o(.bss) for huart6
    core_main.o(i.Core_Main_Init) refers to core_main.o(i.Task_UIUpdate) for Task_UIUpdate
    core_main.o(i.Core_Main_Init) refers to bsp_gps.o(i.GPS_Process_Task) for GPS_Process_Task
    core_main.o(i.Core_Main_Init) refers to bsp_openmv.o(i.OpenMV_Print_Task) for OpenMV_Print_Task
    core_main.o(i.Core_Main_Init) refers to core_main.o(i.Task_LedRun) for Task_LedRun
    core_main.o(i.Core_Main_Init) refers to core_main.o(i.Task_Comm) for Task_Comm
    core_main.o(i.Core_Main_Master) refers to os.o(i.OS_Start) for OS_Start
    core_main.o(i.HAL_TIM_PeriodElapsedCallback) refers to bsp_openmv.o(i.OpenMV_Parse_Callback) for OpenMV_Parse_Callback
    core_main.o(i.HAL_TIM_PeriodElapsedCallback) refers to bsp_encoder.o(i.Encoder_Update_Speed) for Encoder_Update_Speed
    core_main.o(i.HAL_TIM_PeriodElapsedCallback) refers to pid.o(i.App_Follow_Control_Loop) for App_Follow_Control_Loop
    core_main.o(i.HAL_TIM_PeriodElapsedCallback) refers to bsp_key.o(i.BSP_Key_Scan_10ms) for BSP_Key_Scan_10ms
    core_main.o(i.HAL_TIM_PeriodElapsedCallback) refers to bsp_encoder.o(.data) for motor2
    core_main.o(i.HAL_TIM_PeriodElapsedCallback) refers to bsp_encoder.o(.data) for motor1
    core_main.o(i.Task_Comm) refers to app_comm.o(i.App_Comm_ProcessTask) for App_Comm_ProcessTask
    core_main.o(i.Task_Comm) refers to os.o(i.OS_DelayMs) for OS_DelayMs
    core_main.o(i.Task_LedRun) refers to os.o(i.OS_DelayMs) for OS_DelayMs
[...]
    .bss                                     0x20000230   Section       56  bsp_tb6612.o(.bss)
    .bss                                     0x20000268   Section     1168  bsp_gps.o(.bss)
    .bss                                     0x200006f8   Section      276  u8g2_port.o(.bss)
    buf                                      0x200006f8   Data         128  u8g2_port.o(.bss)
    .bss                                     0x2000080c   Section      176  pid.o(.bss)
    .bss                                     0x200008bc   Section      535  bsp_openmv.o(.bss)
    openmv_rx_buffer                         0x200008d3   Data         512  bsp_openmv.o(.bss)
    .bss                                     0x20000ad4   Section       52  bsp_flash.o(.bss)
    .bss                                     0x20000b08   Section     1024  u8g2_d_memory_1.o(.bss)
    buf                                      0x20000b08   Data        1024  u8g2_d_memory_1.o(.bss)
    .bss                                     0x20000f08   Section       84  i2c.o(.bss)
    .bss                                     0x20000f5c   Section      360  tim.o(.bss)
    .bss                                     0x200010c4   Section      480  usart.o(.bss)
    STACK                                    0x200012a8   Section     1024  startup_stm32f407xx.o(STACK)

    Global Symbols

    Symbol Name                              Value     Ov Type        Size  Object(Section)

    BuildAttributes$$THM_ISAv4$E$P$D$K$B$S$7EM$VFPi3$EXTD16$VFPS$VFMA$PE$A:L22UL41UL21$X:L11$S22US41US21$IEEE1$IW$USESV6$~STKCKD$USESV7$~SHL$OSPACE$ROPI$EBA8$MICROLIB$REQ8$PRES8$EABIv2 0x00000000   Number         0  anon$$obj.o ABSOLUTE
    __ARM_use_no_argv                        0x00000000   Number         0  main.o ABSOLUTE
    _printf_a                                0x00000000   Number         0  stubs.o ABSOLUTE
    _printf_c                                0x00000000   Number         0  stubs.o ABSOLUTE
    _printf_charcount                        0x00000000   Number         0  stubs.o ABSOLUTE
    _printf_d                                0x00000000   Number         0  stubs.o ABSOLUTE
    _printf_e                                0x00000000   Number         0  stubs.o ABSOLUTE
    _printf_f                                0x00000000   Number         0  stubs.o ABSOLUTE
    _printf_flags                            0x00000000   Number         0  stubs.o ABSOLUTE
    _printf_fp_dec                           0x00000000   Number         0  stubs.o ABSOLUTE
    _printf_fp_hex                           0x00000000   Number         0  stubs.o ABSOLUTE
    _printf_g                                0x00000000   Number         0  stubs.o ABSOLUTE
    _printf_i                                0x00000000   Number         0  stubs.o ABSOLUTE
    _printf_int_dec                          0x00000000   Number         0  stubs.o ABSOLUTE
    _printf_l                                0x00000000   Number         0  stubs.o ABSOLUTE
    _printf_lc                               0x00000000   Number         0  stubs.o ABSOLUTE
    _printf_ll                               0x00000000   Number         0  stubs.o ABSOLUTE
    _printf_lld                              0x00000000   Number         0  stubs.o ABSOLUTE
    _printf_lli                              0x00000000   Number         0  stubs.o ABSOLUTE
    _printf_llo                              0x00000000   Number         0  stubs.o ABSOLUTE
    _printf_llu                              0x00000000   Number         0  stubs.o ABSOLUTE
    _printf_llx                              0x00000000   Number         0  stubs.o ABSOLUTE
    _printf_longlong_dec                     0x00000000   Number         0  stubs.o ABSOLUTE
    _printf_longlong_hex                     0x00000000   Number         0  stubs.o ABSOLUTE
    _printf_longlong_oct                     0x00000000   Number         0  stubs.o ABSOLUTE
    _printf_ls                               0x00000000   Number         0  stubs.o ABSOLUTE
    _printf_mbtowc                           0x00000000   Number         0  stubs.o ABSOLUTE
    _printf_n                                0x00000000   Number         0  stubs.o ABSOLUTE
    _printf_o                                0x00000000   Number         0  stubs.o ABSOLUTE
    _printf_p                                0x00000000   Number         0  stubs.o ABSOLUTE
    _printf_percent                          0x00000000   Number         0  stubs.o ABSOLUTE
    _printf_pre_padding                      0x00000000   Number         0  stubs.o ABSOLUTE
    _printf_return_value                     0x00000000   Number         0  stubs.o ABSOLUTE
    _printf_s                                0x00000000   Number         0  stubs.o ABSOLUTE
    _printf_sizespec                         0x00000000   Number         0  stubs.o ABSOLUTE
    _printf_str                              0x00000000   Number         0  stubs.o ABSOLUTE
    _printf_truncate_signed                  0x00000000   Number         0  stubs.o ABSOLUTE
    _printf_truncate_unsigned                0x00000000   Number         0  stubs.o ABSOLUTE
    _printf_u                                0x00000000   Number         0  stubs.o ABSOLUTE
    _printf_wc                               0x00000000   Number         0  stubs.o ABSOLUTE
    _printf_wctomb                           0x00000000   Number         0  stubs.o ABSOLUTE
    _printf_widthprec                        0x00000000   Number         0  stubs.o ABSOLUTE
    _printf_x                                0x00000000   Number         0  stubs.o ABSOLUTE
    __arm_fini_                               - Undefined Weak Reference
    __cpp_initialize__aeabi_                  - Undefined Weak Reference
    __cxa_finalize                            - Undefined Weak Reference
    __decompress                              - Undefined Weak Reference
    _clock_init                               - Undefined Weak Reference
    _microlib_exit                            - Undefined Weak Reference
    __Vectors_Size                           0x00000188   Number         0  startup_stm32f407xx.o ABSOLUTE
    __Vectors                                0x08000000   Data           4  startup_stm32f407xx.o(RESET)
    __Vectors_End                            0x08000188   Data           0  startup_stm32f407xx.o(RESET)
    __main                                   0x08000189   Thumb Code     0  entry.o(.ARM.Collect$$$$00000000)
    _main_stk                                0x08000189   Thumb Code     0  entry2.o(.ARM.Collect$$$$00000001)
    _main_scatterload                        0x0800018d   Thumb Code     0  entry5.o(.ARM.Collect$$$$00000004)
    __main_after_scatterload                 0x08000191   Thumb Code     0  entry5.o(.ARM.Collect$$$$00000004)
    _main_clock                              0x08000191   Thumb Code     0  entry7b.o(.ARM.Collect$$$$00000008)
    _main_cpp_init                           0x08000191   Thumb Code     0  entry8b.o(.ARM.Collect$$$$0000000A)
    _main_init                               0x08000191   Thumb Code     0  entry9a.o(.ARM.Collect$$$$0000000B)
    __rt_lib_shutdown_fini                   0x08000199   Thumb Code     0  entry12b.o(.ARM.Collect$$$$0000000E)
    __rt_final_cpp                           0x0800019d   Thumb Code     0  entry10a.o(.ARM.Collect$$$$0000000F)
    __rt_final_exit                          0x0800019d   Thumb Code     0  entry11a.o(.ARM.Collect$$$$00000011)
    Reset_Handler                            0x080001a1   Thumb Code     8  startup_stm32f407xx.o(.text)
    ADC_IRQHandler                           0x080001bb   Thumb Code     0  startup_stm32f407xx.o(.text)
    CAN1_RX0_IRQHandler                      0x080001bb   Thumb Code     0  startup_stm32f407xx.o(.text)
    CAN1_RX1_IRQHandler                      0x080001bb   Thumb Code     0  startup_stm32f407xx.o(.text)
    CAN1_SCE_IRQHandler                      0x080001bb   Thumb Code     0  startup_stm32f407xx.o(.text)
    CAN1_TX_IRQHandler                       0x080001bb   Thumb Code     0  startup_stm32f407xx.o(.text)
    CAN2_RX0_IRQHandler                      0x080001bb   Thumb Code     0  startup_stm32f407xx.o(.text)
    CAN2_RX1_IRQHandler                      0x080001bb   Thumb Code     0  startup_stm32f407xx.o(.text)
    CAN2_SCE_IRQHandler                      0x080001bb   Thumb Code     0  startup_stm32f407xx.o(.text)
    CAN2_TX_IRQHandler                       0x080001bb   Thumb Code     0  startup_stm32f407xx.o(.text)
    DCMI_IRQHandler                          0x080001bb   Thumb Code     0  startup_stm32f407xx.o(.text)
    DMA1_Stream0_IRQHandler                  0x080001bb   Thumb Code     0  startup_stm32f407xx.o(.text)
    DMA1_Stream2_IRQHandler                  0x080001bb   Thumb Code     0  startup_stm32f407xx.o(.text)
    DMA1_Stream3_IRQHandler                  0x080001bb   Thumb Code     0  startup_stm32f407xx.o(.text)
    DMA1_Stream4_IRQHandler                  0x080001bb   Thumb Code     0  startup_stm32f407xx.o(.text)
    DMA1_Stream5_IRQHandler                  0x080001bb   Thumb Code     0  startup_stm32f407xx.o(.text)
    DMA1_Stream6_IRQHandler                  0x080001bb   Thumb Code     0  startup_stm32f407xx.o(.text)
    DMA1_Stream7_IRQHandler                  0x080001bb   Thumb Code     0  startup_stm32f407xx.o(.text)
    DMA2_Stream0_IRQHandler                  0x080001bb   Thumb Code     0  startup_stm32f407xx.o(.text)
    DMA2_Stream2_IRQHandler                  0x080001bb   Thumb Code     0  startup_stm32f407xx.o(.text)
    DMA2_Stream3_IRQHandler                  0x080001bb   Thumb Code     0  startup_stm32f407xx.o(.text)
    DMA2_Stream4_IRQHandler                  0x080001bb   Thumb Code     0  startup_stm32f407xx.o(.text)
    DMA2_Stream5_IRQHandler                  0x080001bb   Thumb Code     0  startup_stm32f407xx.o(.text)
    DMA2_Stream6_IRQHandler                  0x080001bb   Thumb Code     0  startup_stm32f407xx.o(.text)
    DMA2_Stream7_IRQHandler                  0x080001bb   Thumb Code     0  startup_stm32f407xx.o(.text)
    ETH_IRQHandler                           0x080001bb   Thumb Code     0  startup_stm32f407xx.o(.text)
    ETH_WKUP_IRQHandler                      0x080001bb   Thumb Code     0  startup_stm32f407xx.o(.text)
    EXTI0_IRQHandler                         0x080001bb   Thumb Code     0  startup_stm32f407xx.o(.text)
    EXTI15_10_IRQHandler                     0x080001bb   Thumb Code     0  startup_stm32f407xx.o(.text)
    EXTI1_IRQHandler                         0x080001bb   Thumb Code     0  startup_stm32f407xx.o(.text)
    EXTI2_IRQHandler                         0x080001bb   Thumb Code     0  startup_stm32f407xx.o(.text)
    EXTI3_IRQHandler                         0x080001bb   Thumb Code     0  startup_stm32f407xx.o(.text)
    EXTI4_IRQHandler                         0x080001bb   Thumb Code     0  startup_stm32f407xx.o(.text)
    EXTI9_5_IRQHandler                       0x080001bb   Thumb Code     0  startup_stm32f407xx.o(.text)
    FLASH_IRQHandler                         0x080001bb   Thumb Code     0  startup_stm32f407xx.o(.text)
    FMC_IRQHandler                           0x080001bb   Thumb Code     0  startup_stm32f407xx.o(.text)
    FPU_IRQHandler                           0x080001bb   Thumb Code     0  startup_stm32f407xx.o(.text)
    HASH_RNG_IRQHandler                      0x080001bb   Thumb Code     0  startup_stm32f407xx.o(.text)
    I2C1_ER_IRQHandler                       0x080001bb   Thumb Code     0  startup_stm32f407xx.o(.text)
    I2C1_EV_IRQHandler                       0x080001bb   Thumb Code     0  startup_stm32f407xx.o(.text)
    I2C2_ER_IRQHandler                       0x080001bb   Thumb Code     0  startup_stm32f407xx.o(.text)
    I2C2_EV_IRQHandler                       0x080001bb   Thumb Code     0  startup_stm32f407xx.o(.text)
    I2C3_ER_IRQHandler                       0x080001bb   Thumb Code     0  startup_stm32f407xx.o(.text)
    I2C3_EV_IRQHandler                       0x080001bb   Thumb Code     0  startup_stm32f407xx.o(.text)
    OTG_FS_IRQHandler                        0x080001bb   Thumb Code     0  startup_stm32f407xx.o(.text)
    OTG_FS_WKUP_IRQHandler                   0x080001bb   Thumb Code     0  startup_stm32f407xx.o(.text)
    OTG_HS_EP1_IN_IRQHandler                 0x080001bb   Thumb Code     0  startup_stm32f407xx.o(.text)
    OTG_HS_EP1_OUT_IRQHandler                0x080001bb   Thumb Code     0  startup_stm32f407xx.o(.text)
    OTG_HS_IRQHandler                        0x080001bb   Thumb Code     0  startup_stm32f407xx.o(.text)
    OTG_HS_WKUP_IRQHandler                   0x080001bb   Thumb Code     0  startup_stm32f407xx.o(.text)
    PVD_IRQHandler                           0x080001bb   Thumb Code     0  startup_stm32f407xx.o(.text)
    RCC_IRQHandler                           0x080001bb   Thumb Code     0  startup_stm32f407xx.o(.text)
    RTC_Alarm_IRQHandler                     0x080001bb   Thumb Code     0  startup_stm32f407xx.o(.text)
    RTC_WKUP_IRQHandler                      0x080001bb   Thumb Code     0  startup_stm32f407xx.o(.text)
    SDIO_IRQHandler                          0x080001bb   Thumb Code     0  startup_stm32f407xx.o(.text)
    SPI1_IRQHandler                          0x080001bb   Thumb Code     0  startup_stm32f407xx.o(.text)
    SPI2_IRQHandler                          0x080001bb   Thumb Code     0  startup_stm32f407xx.o(.text)
    SPI3_IRQHandler                          0x080001bb   Thumb Code     0  startup_stm32f407xx.o(.text)
    TAMP_STAMP_IRQHandler                    0x080001bb   Thumb Code     0  startup_stm32f407xx.o(.text)
    TIM1_BRK_TIM9_IRQHandler                 0x080001bb   Thumb Code     0  startup_stm32f407xx.o(.text)
    TIM1_CC_IRQHandler                       0x080001bb   Thumb Code     0  startup_stm32f407xx.o(.text)
    TIM1_TRG_COM_TIM11_IRQHandler            0x080001bb   Thumb Code     0  startup_stm32f407xx.o(.text)
    TIM1_UP_TIM10_IRQHandler                 0x080001bb   Thumb Code     0  startup_stm32f407xx.o(.text)
    TIM2_IRQHandler                          0x080001bb   Thumb Code     0  startup_stm32f407xx.o(.text)
    TIM3_IRQHandler                          0x080001bb   Thumb Code     0  startup_stm32f407xx.o(.text)
    TIM4_IRQHandler                          0x080001bb   Thumb Code     0  startup_stm32f407xx.o(.text)
    TIM5_IRQHandler                          0x080001bb   Thumb Code     0  startup_stm32f407xx.o(.text)
    TIM6_DAC_IRQHandler                      0x080001bb   Thumb Code     0  startup_stm32f407xx.o(.text)
    TIM7_IRQHandler                          0x080001bb   Thumb Code     0  startup_stm32f407xx.o(.text)
    TIM8_BRK_TIM12_IRQHandler                0x080001bb   Thumb Code     0  startup_stm32f407xx.o(.text)
    TIM8_CC_IRQHandler                       0x080001bb   Thumb Code     0  startup_stm32f407xx.o(.text)
    UART4_IRQHandler                         0x080001bb   Thumb Code     0  startup_stm32f407xx.o(.text)
    UART5_IRQHandler                         0x080001bb   Thumb Code     0  startup_stm32f407xx.o(.text)
    USART1_IRQHandler                        0x080001bb   Thumb Code     0  startup_stm32f407xx.o(.text)
    WWDG_IRQHandler                          0x080001bb   Thumb Code     0  startup_stm32f407xx.o(.text)
    __aeabi_uldivmod                         0x080001c5   Thumb Code    98  uldiv.o(.text)
    __aeabi_memcpy                           0x08000227   Thumb Code    36  memcpya.o(.text)
    __aeabi_memcpy4                          0x08000227   Thumb Code     0  memcpya.o(.text)
    __aeabi_memcpy8                          0x08000227   Thumb Code     0  memcpya.o(.text)
    __aeabi_memset                           0x0800024b   Thumb Code    14  memseta.o(.text)
    __aeabi_memset4                          0x0800024b   Thumb Code     0  memseta.o(.text)
    __aeabi_memset8                          0x0800024b   Thumb Code     0  memseta.o(.text)
    __aeabi_memclr                           0x08000259   Thumb Code     4  memseta.o(.text)
    __aeabi_memclr4                          0x08000259   Thumb Code     0  memseta.o(.text)
    __aeabi_memclr8                          0x08000259   Thumb Code     0  memseta.o(.text)
    _memset$wrapper                          0x0800025d   Thumb Code    18  memseta.o(.text)
    strstr                                   0x0800026f   Thumb Code    36  strstr.o(.text)
    strncmp                                  0x08000293   Thumb Code    30  strncmp.o(.text)
    __aeabi_dadd                             0x080002b1   Thumb Code   322  dadd.o(.text)
    __aeabi_dsub                             0x080003f3   Thumb Code     6  dadd.o(.text)
    __aeabi_drsub                            0x080003f9   Thumb Code     6  dadd.o(.text)
    __aeabi_dmul                             0x080003ff   Thumb Code   228  dmul.o(.text)
    __aeabi_ui2d                             0x080004e3   Thumb Code    26  dfltui.o(.text)
    __aeabi_f2d                              0x080004fd   Thumb Code    38  f2d.o(.text)
    __aeabi_uidiv                            0x08000523   Thumb Code     0  uidiv.o(.text)
    __aeabi_uidivmod                         0x08000523   Thumb Code    44  uidiv.o(.text)
    __aeabi_llsl                             0x0800054f   Thumb Code    30  llshl.o(.text)
    _ll_shift_l                              0x0800054f   Thumb Code     0  llshl.o(.text)
    __aeabi_llsr                             0x0800056d   Thumb Code    32  llushr.o(.text)
    _ll_ushift_r                             0x0800056d   Thumb Code     0  llushr.o(.text)
    __aeabi_lasr                             0x0800058d   Thumb Code    36  llsshr.o(.text)
    _ll_sshift_r                             0x0800058d   Thumb Code     0  llsshr.o(.text)
    __I$use$fp                               0x080005b1   Thumb Code     0  iusefp.o(.text)
    _double_round                            0x080005b1   Thumb Code    30  depilogue.o(.text)
    _double_epilogue                         0x080005cf   Thumb Code   156  depilogue.o(.text)
    __aeabi_ddiv                             0x0800066b   Thumb Code   222  ddiv.o(.text)
    __aeabi_d2ulz                            0x08000749   Thumb Code    48  dfixul.o(.text)
    __aeabi_cdrcmple                         0x08000779   Thumb Code    48  cdrcmple.o(.text)
    __scatterload                            0x080007a9   Thumb Code    28  init.o(.text)
    __scatterload_rt2                        0x080007a9   Thumb Code     0  init.o(.text)
    App_Comm_Init                            0x080007cd   Thumb Code    10  app_comm.o(i.App_Comm_Init)
    App_Comm_ProcessTask                     0x08000885   Thumb Code    24  app_comm.o(i.App_Comm_ProcessTask)
    App_Flash_Init                           0x080008a5   Thumb Code     4  bsp_flash.o(i.App_Flash_Init)
    App_Flash_Load                           0x080008a9   Thumb Code   100  bsp_flash.o(i.App_Flash_Load)
    App_Flash_Save                           0x08000925   Thumb Code    76  bsp_flash.o(i.App_Flash_Save)
    App_Follow_Control_Loop                  0x08000979   Thumb Code   510  pid.o(i.App_Follow_Control_Loop)
    App_Follow_Init                          0x08000bcd   Thumb Code   212  pid.o(i.App_Follow_Init)
    App_Follow_Reset_Loss_Counter            0x08000d1d   Thumb Code     8  pid.o(i.App_Follow_Reset_Loss_Counter)
    App_Follow_Update_PID_Params             0x08000d29   Thumb Code   108  pid.o(i.App_Follow_Update_PID_Params)
    App_UI_Init                              0x08000d9d   Thumb Code    18  app_ui.o(i.App_UI_Init)
    App_UI_KeyProcess                        0x08000db9   Thumb Code   346  app_ui.o(i.App_UI_KeyProcess)
    App_UI_Refresh                           0x08000f25   Thumb Code    62  app_ui.o(i.App_UI_Refresh)
    BSP_Key_Init                             0x08000f6d   Thumb Code    58  bsp_key.o(i.BSP_Key_Init)
    BSP_Key_Scan_10ms                        0x08000fb1   Thumb Code   162  bsp_key.o(i.BSP_Key_Scan_10ms)
    BSP_LED_Init                             0x0800105d   Thumb Code    34  bsp_led.o(i.BSP_LED_Init)
    BSP_LED_Off                              0x08001085   Thumb Code    26  bsp_led.o(i.BSP_LED_Off)
    BSP_LED_On                               0x080010a5   Thumb Code    26  bsp_led.o(i.BSP_LED_On)
    BusFault_Handler                         0x080010c5   Thumb Code     2  stm32f4xx_it.o(i.BusFault_Handler)
    Core_Main_Init                           0x080010c9   Thumb Code   192  core_main.o(i.Core_Main_Init)
    Core_Main_Master                         0x080013c1   Thumb Code     4  core_main.o(i.Core_Main_Master)
    DMA1_Stream1_IRQHandler                  0x080013c5   Thumb Code     6  stm32f4xx_it.o(i.DMA1_Stream1_IRQHandler)
    DMA2_Stream1_IRQHandler                  0x080013d1   Thumb Code     6  stm32f4xx_it.o(i.DMA2_Stream1_IRQHandler)
    DebugMon_Handler                         0x08001481   Thumb Code     2  stm32f4xx_it.o(i.DebugMon_Handler)
    Encoder_Init                             0x0800180d   Thumb Code    22  bsp_encoder.o(i.Encoder_Init)
    Encoder_Update_Speed                     0x0800182d   Thumb Code    98  bsp_encoder.o(i.Encoder_Update_Speed)
    Error_Handler                            0x080018a1   Thumb Code     4  main.o(i.Error_Handler)
    FLASH_Erase_Sector                       0x080018a5   Thumb Code    74  stm32f4xx_hal_flash_ex.o(i.FLASH_Erase_Sector)
    FLASH_FlushCaches                        0x080018f5   Thumb Code    80  stm32f4xx_hal_flash_ex.o(i.FLASH_FlushCaches)
    FLASH_WaitForLastOperation               0x08001a6d   Thumb Code    72  stm32f4xx_hal_flash.o(i.FLASH_WaitForLastOperation)
    GPS_Init                                 0x08001abd   Thumb Code    38  bsp_gps.o(i.GPS_Init)
    GPS_Process_Task                         0x08001af1   Thumb Code    42  bsp_gps.o(i.GPS_Process_Task)
    GPS_Rx_Callback                          0x08001b25   Thumb Code    84  bsp_gps.o(i.GPS_Rx_Callback)
    HAL_DMA_Abort                            0x08001b89   Thumb Code   146  stm32f4xx_hal_dma.o(i.HAL_DMA_Abort)
    HAL_DMA_Abort_IT                         0x08001c1b   Thumb Code    36  stm32f4xx_hal_dma.o(i.HAL_DMA_Abort_IT)
    HAL_DMA_IRQHandler                       0x08001c41   Thumb Code   412  stm32f4xx_hal_dma.o(i.HAL_DMA_IRQHandler)
    HAL_DMA_Init                             0x08001de1   Thumb Code   206  stm32f4xx_hal_dma.o(i.HAL_DMA_Init)
    HAL_DMA_Start_IT                         0x08001eb5   Thumb Code   110  stm32f4xx_hal_dma.o(i.HAL_DMA_Start_IT)
    HAL_Delay                                0x08001f25   Thumb Code    32  stm32f4xx_hal.o(i.HAL_Delay)
    HAL_FLASHEx_Erase                        0x08001f49   Thumb Code   144  stm32f4xx_hal_flash_ex.o(i.HAL_FLASHEx_Erase)
    HAL_FLASH_Lock                           0x08001fe1   Thumb Code    14  stm32f4xx_hal_flash.o(i.HAL_FLASH_Lock)
    HAL_FLASH_Program                        0x08001ff5   Thumb Code   116  stm32f4xx_hal_flash.o(i.HAL_FLASH_Program)
    HAL_FLASH_Unlock                         0x08002071   Thumb Code    32  stm32f4xx_hal_flash.o(i.HAL_FLASH_Unlock)
    HAL_GPIO_Init                            0x0800209d   Thumb Code   450  stm32f4xx_hal_gpio.o(i.HAL_GPIO_Init)
    HAL_GPIO_ReadPin                         0x0800228d   Thumb Code    10  stm32f4xx_hal_gpio.o(i.HAL_GPIO_ReadPin)
    HAL_GPIO_WritePin                        0x08002297   Thumb Code    10  stm32f4xx_hal_gpio.o(i.HAL_GPIO_WritePin)
    HAL_GetTick                              0x080022a1   Thumb Code     6  stm32f4xx_hal.o(i.HAL_GetTick)
    HAL_I2C_Init                             0x080022ad   Thumb Code   376  stm32f4xx_hal_i2c.o(i.HAL_I2C_Init)
    HAL_I2C_Master_Transmit                  0x08002435   Thumb Code   290  stm32f4xx_hal_i2c.o(i.HAL_I2C_Master_Transmit)
    HAL_I2C_MspInit                          0x08002561   Thumb Code    94  i2c.o(i.HAL_I2C_MspInit)
    HAL_IncTick                              0x080025cd   Thumb Code    12  stm32f4xx_hal.o(i.HAL_IncTick)
    HAL_Init                                 0x080025dd   Thumb Code    48  stm32f4xx_hal.o(i.HAL_Init)
    HAL_InitTick                             0x08002611   Thumb Code    54  stm32f4xx_hal.o(i.HAL_InitTick)
    HAL_MspInit                              0x08002651   Thumb Code    42  stm32f4xx_hal_msp.o(i.HAL_MspInit)
    HAL_NVIC_EnableIRQ                       0x08002681   Thumb Code    26  stm32f4xx_hal_cortex.o(i.HAL_NVIC_EnableIRQ)
    HAL_NVIC_SetPriority                     0x0800269d   Thumb Code    60  stm32f4xx_hal_cortex.o(i.HAL_NVIC_SetPriority)
    HAL_NVIC_SetPriorityGrouping             0x080026dd   Thumb Code    26  stm32f4xx_hal_cortex.o(i.HAL_NVIC_SetPriorityGrouping)
    HAL_RCC_ClockConfig                      0x08002701   Thumb Code   288  stm32f4xx_hal_rcc.o(i.HAL_RCC_ClockConfig)
    HAL_RCC_GetPCLK1Freq                     0x08002835   Thumb Code    20  stm32f4xx_hal_rcc.o(i.HAL_RCC_GetPCLK1Freq)
    HAL_RCC_GetPCLK2Freq                     0x08002855   Thumb Code    20  stm32f4xx_hal_rcc.o(i.HAL_RCC_GetPCLK2Freq)
    HAL_RCC_GetSysClockFreq                  0x08002875   Thumb Code    88  stm32f4xx_hal_rcc.o(i.HAL_RCC_GetSysClockFreq)
    HAL_RCC_OscConfig                        0x080028d9   Thumb Code   856  stm32f4xx_hal_rcc.o(i.HAL_RCC_OscConfig)
    HAL_SYSTICK_Config                       0x08002c45   Thumb Code    40  stm32f4xx_hal_cortex.o(i.HAL_SYSTICK_Config)
    HAL_TIMEx_BreakCallback                  0x08002c6d   Thumb Code     2  stm32f4xx_hal_tim_ex.o(i.HAL_TIMEx_BreakCallback)
    HAL_TIMEx_CommutCallback                 0x08002c6f   Thumb Code     2  stm32f4xx_hal_tim_ex.o(i.HAL_TIMEx_CommutCallback)
    HAL_TIMEx_MasterConfigSynchronization    0x08002c71   Thumb Code   116  stm32f4xx_hal_tim_ex.o(i.HAL_TIMEx_MasterConfigSynchronization)
    HAL_TIM_Base_Init                        0x08002d01   Thumb Code    90  stm32f4xx_hal_tim.o(i.HAL_TIM_Base_Init)
    HAL_TIM_Base_MspInit                     0x08002d5d   Thumb Code   108  tim.o(i.HAL_TIM_Base_MspInit)
    HAL_TIM_Base_Start_IT                    0x08002dd9   Thumb Code   100  stm32f4xx_hal_tim.o(i.HAL_TIM_Base_Start_IT)
    HAL_TIM_ConfigClockSource                0x08002e59   Thumb Code   220  stm32f4xx_hal_tim.o(i.HAL_TIM_ConfigClockSource)
    HAL_TIM_Encoder_Init                     0x08002f35   Thumb Code   164  stm32f4xx_hal_tim.o(i.HAL_TIM_Encoder_Init)
    HAL_TIM_Encoder_MspInit                  0x08002fd9   Thumb Code   130  tim.o(i.HAL_TIM_Encoder_MspInit)
    HAL_TIM_Encoder_Start                    0x0800306d   Thumb Code   142  stm32f4xx_hal_tim.o(i.HAL_TIM_Encoder_Start)
    HAL_TIM_IC_CaptureCallback               0x080030fb   Thumb Code     2  stm32f4xx_hal_tim.o(i.HAL_TIM_IC_CaptureCallback)
    HAL_TIM_IRQHandler                       0x080030fd   Thumb Code   304  stm32f4xx_hal_tim.o(i.HAL_TIM_IRQHandler)
    HAL_TIM_MspPostInit                      0x0800322d   Thumb Code    70  tim.o(i.HAL_TIM_MspPostInit)
    HAL_TIM_OC_DelayElapsedCallback          0x08003281   Thumb Code     2  stm32f4xx_hal_tim.o(i.HAL_TIM_OC_DelayElapsedCallback)
    HAL_TIM_PWM_ConfigChannel                0x08003283   Thumb Code   204  stm32f4xx_hal_tim.o(i.HAL_TIM_PWM_ConfigChannel)
    HAL_TIM_PWM_Init                         0x0800334f   Thumb Code    90  stm32f4xx_hal_tim.o(i.HAL_TIM_PWM_Init)
    HAL_TIM_PWM_MspInit                      0x080033a9   Thumb Code     2  stm32f4xx_hal_tim.o(i.HAL_TIM_PWM_MspInit)
    HAL_TIM_PWM_PulseFinishedCallback        0x080033ab   Thumb Code     2  stm32f4xx_hal_tim.o(i.HAL_TIM_PWM_PulseFinishedCallback)
    HAL_TIM_PWM_Start                        0x080033ad   Thumb Code   172  stm32f4xx_hal_tim.o(i.HAL_TIM_PWM_Start)
    HAL_TIM_PeriodElapsedCallback            0x08003475   Thumb Code    46  core_main.o(i.HAL_TIM_PeriodElapsedCallback)
    HAL_TIM_TriggerCallback                  0x080034b5   Thumb Code     2  stm32f4xx_hal_tim.o(i.HAL_TIM_TriggerCallback)
    HAL_UARTEx_ReceiveToIdle_IT              0x080034b7   Thumb Code    78  stm32f4xx_hal_uart.o(i.HAL_UARTEx_ReceiveToIdle_IT)
    HAL_UARTEx_RxEventCallback               0x08003505   Thumb Code    56  app_comm.o(i.HAL_UARTEx_RxEventCallback)
    HAL_UART_DMAStop                         0x08003549   Thumb Code   112  stm32f4xx_hal_uart.o(i.HAL_UART_DMAStop)
    HAL_UART_ErrorCallback                   0x080035b9   Thumb Code    22  app_comm.o(i.HAL_UART_ErrorCallback)
    HAL_UART_IRQHandler                      0x080035d9   Thumb Code   636  stm32f4xx_hal_uart.o(i.HAL_UART_IRQHandler)
    HAL_UART_Init                            0x08003859   Thumb Code   100  stm32f4xx_hal_uart.o(i.HAL_UART_Init)
    HAL_UART_MspInit                         0x080038bd   Thumb Code   404  usart.o(i.HAL_UART_MspInit)
    HAL_UART_Receive_DMA                     0x08003a7d   Thumb Code    28  stm32f4xx_hal_uart.o(i.HAL_UART_Receive_DMA)
    HAL_UART_RxCpltCallback                  0x08003a99   Thumb Code     2  stm32f4xx_hal_uart.o(i.HAL_UART_RxCpltCallback)
    HAL_UART_RxHalfCpltCallback              0x08003a9b   Thumb Code     2  stm32f4xx_hal_uart.o(i.HAL_UART_RxHalfCpltCallback)
    HAL_UART_Transmit                        0x08003a9d   Thumb Code   160  stm32f4xx_hal_uart.o(i.HAL_UART_Transmit)
    HAL_UART_TxCpltCallback                  0x08003b3d   Thumb Code     2  stm32f4xx_hal_uart.o(i.HAL_UART_TxCpltCallback)
    HardFault_Handler                        0x08003b3f   Thumb Code     2  stm32f4xx_it.o(i.HardFault_Handler)
    MX_DMA_Init                              0x08003e09   Thumb Code    72  dma.o(i.MX_DMA_Init)
    MX_GPIO_Init                             0x08003e55   Thumb Code   274  gpio.o(i.MX_GPIO_Init)
    MX_I2C1_Init                             0x08003f7d   Thumb Code    50  i2c.o(i.MX_I2C1_Init)
    MX_TIM13_Init                            0x08003fbd   Thumb Code    46  tim.o(i.MX_TIM13_Init)
    MX_TIM14_Init                            0x08003ff5   Thumb Code    46  tim.o(i.MX_TIM14_Init)
    MX_TIM3_Init                             0x0800402d   Thumb Code   100  tim.o(i.MX_TIM3_Init)
    MX_TIM4_Init                             0x08004099   Thumb Code   162  tim.o(i.MX_TIM4_Init)
    MX_TIM5_Init                             0x08004145   Thumb Code    96  tim.o(i.MX_TIM5_Init)
    MX_USART1_UART_Init                      0x080041ad   Thumb Code    48  usart.o(i.MX_USART1_UART_Init)
    MX_USART2_UART_Init                      0x080041e5   Thumb Code    48  usart.o(i.MX_USART2_UART_Init)
    MX_USART3_UART_Init                      0x0800421d   Thumb Code    48  usart.o(i.MX_USART3_UART_Init)
    MX_USART6_UART_Init                      0x08004255   Thumb Code    48  usart.o(i.MX_USART6_UART_Init)
    MemManage_Handler                        0x0800428d   Thumb Code     2  stm32f4xx_it.o(i.MemManage_Handler)
    Motor_init                               0x08004291   Thumb Code    82  bsp_tb6612.o(i.Motor_init)
    NMEA_GPGGA_Analysis                      0x08004321   Thumb Code   108  bsp_gps.o(i.NMEA_GPGGA_Analysis)
    NMEA_GPRMC_Analysis                      0x08004391   Thumb Code   588  bsp_gps.o(i.NMEA_GPRMC_Analysis)
    NMI_Handler                              0x080046b9   Thumb Code     2  stm32f4xx_it.o(i.NMI_Handler)
    OS_CreateTask                            0x080046bd   Thumb Code    58  os.o(i.OS_CreateTask)
    OS_DelayMs                               0x080046fd   Thumb Code    10  os.o(i.OS_DelayMs)
    OS_DelayTicks                            0x08004709   Thumb Code    30  os.o(i.OS_DelayTicks)
    OS_Init                                  0x08004731   Thumb Code    38  os.o(i.OS_Init)
    OS_ScheduleOnce                          0x08004761   Thumb Code    96  os.o(i.OS_ScheduleOnce)
    OS_Start                                 0x080047c9   Thumb Code     6  os.o(i.OS_Start)
    OS_Tick                                  0x080047d1   Thumb Code    38  os.o(i.OS_Tick)
    OpenMV_Init                              0x0800488d   Thumb Code    54  bsp_openmv.o(i.OpenMV_Init)
    OpenMV_Parse_Callback                    0x080048cd   Thumb Code    90  bsp_openmv.o(i.OpenMV_Parse_Callback)
    OpenMV_Print_Task                        0x08004931   Thumb Code    62  bsp_openmv.o(i.OpenMV_Print_Task)
    OpenMV_Rx_Callback                       0x08004975   Thumb Code    26  bsp_openmv.o(i.OpenMV_Rx_Callback)
    PID_Compute                              0x08004995   Thumb Code   142  pid.o(i.PID_Compute)
    PID_Init                                 0x08004a23   Thumb Code    16  pid.o(i.PID_Init)
    PID_Reset                                0x08004a35   Thumb Code    30  pid.o(i.PID_Reset)
    PendSV_Handler                           0x08004a59   Thumb Code     2  stm32f4xx_it.o(i.PendSV_Handler)
    SVC_Handler                              0x08004a5b   Thumb Code     2  stm32f4xx_it.o(i.SVC_Handler)
    SysTick_Handler                          0x08004a5d   Thumb Code    14  stm32f4xx_it.o(i.SysTick_Handler)
    SystemClock_Config                       0x08004a6d   Thumb Code   140  main.o(i.SystemClock_Config)
    SystemInit                               0x08004b01   Thumb Code    12  system_stm32f4xx.o(i.SystemInit)
    TB6612_Motor_Init                        0x08004b11   Thumb Code    32  bsp_tb6612.o(i.TB6612_Motor_Init)
    TB6612_Motor_SetSpeed                    0x08004b31   Thumb Code   130  bsp_tb6612.o(i.TB6612_Motor_SetSpeed)
    TIM8_TRG_COM_TIM14_IRQHandler            0x08004bb5   Thumb Code     6  stm32f4xx_it.o(i.TIM8_TRG_COM_TIM14_IRQHandler)
    TIM8_UP_TIM13_IRQHandler                 0x08004bc1   Thumb Code     6  stm32f4xx_it.o(i.TIM8_UP_TIM13_IRQHandler)
    TIM_Base_SetConfig                       0x08004bcd   Thumb Code   164  stm32f4xx_hal_tim.o(i.TIM_Base_SetConfig)
    TIM_CCxChannelCmd                        0x08004c9d   Thumb Code    26  stm32f4xx_hal_tim.o(i.TIM_CCxChannelCmd)
    TIM_ETR_SetConfig                        0x08004cb7   Thumb Code    20  stm32f4xx_hal_tim.o(i.TIM_ETR_SetConfig)
    TIM_OC2_SetConfig                        0x08004d3d   Thumb Code    98  stm32f4xx_hal_tim.o(i.TIM_OC2_SetConfig)
    U8G2_Init                                0x08004f55   Thumb Code    52  u8g2_port.o(i.U8G2_Init)
    UART_Start_Receive_DMA                   0x080052cd   Thumb Code   146  stm32f4xx_hal_uart.o(i.UART_Start_Receive_DMA)
    UART_Start_Receive_IT                    0x0800536d   Thumb Code    54  stm32f4xx_hal_uart.o(i.UART_Start_Receive_IT)
    USART2_IRQHandler                        0x08005415   Thumb Code     6  stm32f4xx_it.o(i.USART2_IRQHandler)
    USART3_IRQHandler                        0x08005421   Thumb Code    16  stm32f4xx_it.o(i.USART3_IRQHandler)
    USART6_IRQHandler                        0x08005435   Thumb Code    16  stm32f4xx_it.o(i.USART6_IRQHandler)
    UsageFault_Handler                       0x08005449   Thumb Code     2  stm32f4xx_it.o(i.UsageFault_Handler)
    __0printf                                0x0800544d   Thumb Code    22  printfa.o(i.__0printf)
    __1printf                                0x0800544d   Thumb Code     0  printfa.o(i.__0printf)
    __2printf                                0x0800544d   Thumb Code     0  printfa.o(i.__0printf)
    __c89printf                              0x0800544d   Thumb Code     0  printfa.o(i.__0printf)
    printf                                   0x0800544d   Thumb Code     0  printfa.o(i.__0printf)
    __0snprintf                              0x0800546d   Thumb Code    48  printfa.o(i.__0snprintf)
    __1snprintf                              0x0800546d   Thumb Code     0  printfa.o(i.__0snprintf)
    __2snprintf                              0x0800546d   Thumb Code     0  printfa.o(i.__0snprintf)
    __c89snprintf                            0x0800546d   Thumb Code     0  printfa.o(i.__0snprintf)
    snprintf                                 0x0800546d   Thumb Code     0  printfa.o(i.__0snprintf)
    __scatterload_copy                       0x080054c1   Thumb Code    14  handlers.o(i.__scatterload_copy)
    __scatterload_null                       0x080054cf   Thumb Code     2  handlers.o(i.__scatterload_null)
    __scatterload_zeroinit                   0x080054d1   Thumb Code    14  handlers.o(i.__scatterload_zeroinit)
    delay_init                               0x08005d81   Thumb Code    26  dwt_delay.o(i.delay_init)
    delay_us                                 0x08005da5   Thumb Code    28  dwt_delay.o(i.delay_us)
    fputc                                    0x08005dcd   Thumb Code    20  usart.o(i.fputc)
    main                                     0x08005de5   Thumb Code    66  main.o(i.main)
    u8g2_ClearBuffer                         0x08005e27   Thumb Code    20  u8g2_buffer_1.o(i.u8g2_ClearBuffer)
    u8g2_DrawGlyph                           0x08005e3b   Thumb Code   110  u8g2_font_1.o(i.u8g2_DrawGlyph)
    u8g2_DrawHLine                           0x08005ea9   Thumb Code    12  u8g2_hvline_1.o(i.u8g2_DrawHLine)
    u8g2_DrawHVLine                          0x08005eb5   Thumb Code   172  u8g2_hvline_1.o(i.u8g2_DrawHVLine)
    u8g2_DrawStr                             0x08005f61   Thumb Code    12  u8g2_font_1.o(i.u8g2_DrawStr)
    u8g2_IsIntersection                      0x08005f71   Thumb Code    48  u8g2_intersection_1.o(i.u8g2_IsIntersection)
    u8g2_SendBuffer                          0x08005fa1   Thumb Code    18  u8g2_buffer_1.o(i.u8g2_SendBuffer)
    u8g2_SetFont                             0x08005fb3   Thumb Code    32  u8g2_font_1.o(i.u8g2_SetFont)
    u8g2_SetFontPosBaseline                  0x08005fd5   Thumb Code     6  u8g2_font_1.o(i.u8g2_SetFontPosBaseline)
    u8g2_SetMaxClipWindow                    0x08005fe1   Thumb Code    28  u8g2_setup_1.o(i.u8g2_SetMaxClipWindow)
    u8g2_SetupBuffer                         0x08005ffd   Thumb Code    70  u8g2_setup_1.o(i.u8g2_SetupBuffer)
    u8g2_Setup_ssd1306_i2c_128x64_noname_f   0x08006045   Thumb Code    42  u8g2_d_setup_1.o(i.u8g2_Setup_ssd1306_i2c_128x64_noname_f)
    u8g2_UpdateRefHeight                     0x0800607d   Thumb Code    82  u8g2_font_1.o(i.u8g2_UpdateRefHeight)
    u8g2_add_vector_x                        0x080060cf   Thumb Code    28  u8g2_font_1.o(i.u8g2_add_vector_x)
    u8g2_add_vector_y                        0x080060eb   Thumb Code    28  u8g2_font_1.o(i.u8g2_add_vector_y)
    u8g2_draw_hv_line_2dir                   0x080061b1   Thumb Code    18  u8g2_hvline_1.o(i.u8g2_draw_hv_line_2dir)
    u8g2_draw_l90_r0                         0x080061c3   Thumb Code    12  u8g2_setup_1.o(i.u8g2_draw_l90_r0)
    u8g2_font_calc_vref_font                 0x08006245   Thumb Code     4  u8g2_font_1.o(i.u8g2_font_calc_vref_font)
    u8g2_font_decode_get_signed_bits         0x08006249   Thumb Code    20  u8g2_font_1.o(i.u8g2_font_decode_get_signed_bits)
    u8g2_font_decode_get_unsigned_bits       0x0800625d   Thumb Code    52  u8g2_font_1.o(i.u8g2_font_decode_get_unsigned_bits)
    u8g2_font_decode_glyph                   0x08006291   Thumb Code   276  u8g2_font_1.o(i.u8g2_font_decode_glyph)
    u8g2_font_decode_len                     0x080063a5   Thumb Code   140  u8g2_font_1.o(i.u8g2_font_decode_len)
    u8g2_font_get_glyph_data                 0x08006431   Thumb Code   114  u8g2_font_1.o(i.u8g2_font_get_glyph_data)
    u8g2_is_intersection_decision_tree       0x080064eb   Thumb Code    24  u8g2_intersection_1.o(i.u8g2_is_intersection_decision_tree)
    u8g2_ll_hvline_vertical_top_lsb          0x08006505   Thumb Code   144  u8g2_ll_hvline_1.o(i.u8g2_ll_hvline_vertical_top_lsb)
    u8g2_m_16_8_f                            0x08006595   Thumb Code     8  u8g2_d_memory_1.o(i.u8g2_m_16_8_f)
    u8g2_read_font_info                      0x080065a1   Thumb Code   106  u8g2_font_1.o(i.u8g2_read_font_info)
    u8g2_update_dimension_r0                 0x0800669f   Thumb Code     4  u8g2_setup_1.o(i.u8g2_update_dimension_r0)
    u8g2_update_page_win_r0                  0x080066a3   Thumb Code    34  u8g2_setup_1.o(i.u8g2_update_page_win_r0)
    u8x8_DrawTile                            0x080066c5   Thumb Code    30  u8x8_display_1.o(i.u8x8_DrawTile)
    u8x8_InitDisplay                         0x080066e3   Thumb Code    16  u8x8_display_1.o(i.u8x8_InitDisplay)
    u8x8_RefreshDisplay                      0x080066f3   Thumb Code    16  u8x8_display_1.o(i.u8x8_RefreshDisplay)
    u8x8_SetPowerSave                        0x08006703   Thumb Code    16  u8x8_display_1.o(i.u8x8_SetPowerSave)
    u8x8_Setup                               0x08006713   Thumb Code    34  u8x8_setup_1.o(i.u8x8_Setup)
    u8x8_SetupDefaults                       0x08006735   Thumb Code    32  u8x8_setup_1.o(i.u8x8_SetupDefaults)
    u8x8_SetupMemory                         0x08006759   Thumb Code    16  u8x8_display_1.o(i.u8x8_SetupMemory)
    u8x8_ascii_next                          0x08006769   Thumb Code    14  u8x8_8x8_1.o(i.u8x8_ascii_next)
    u8x8_byte_EndTransfer                    0x08006777   Thumb Code    16  u8x8_byte_1.o(i.u8x8_byte_EndTransfer)
    u8x8_byte_SendByte                       0x08006787   Thumb Code    14  u8x8_byte_1.o(i.u8x8_byte_SendByte)
    u8x8_byte_StartTransfer                  0x08006795   Thumb Code    16  u8x8_byte_1.o(i.u8x8_byte_StartTransfer)
    u8x8_cad_EndTransfer                     0x08006831   Thumb Code    16  u8x8_cad_1.o(i.u8x8_cad_EndTransfer)
    u8x8_cad_SendArg                         0x08006841   Thumb Code    16  u8x8_cad_1.o(i.u8x8_cad_SendArg)
    u8x8_cad_SendCmd                         0x08006851   Thumb Code    16  u8x8_cad_1.o(i.u8x8_cad_SendCmd)
    u8x8_cad_SendData                        0x08006861   Thumb Code    16  u8x8_cad_1.o(i.u8x8_cad_SendData)
    u8x8_cad_SendSequence                    0x08006871   Thumb Code   104  u8x8_cad_1.o(i.u8x8_cad_SendSequence)
    u8x8_cad_StartTransfer                   0x080068d9   Thumb Code    16  u8x8_cad_1.o(i.u8x8_cad_StartTransfer)
    u8x8_cad_ssd13xx_fast_i2c                0x080068e9   Thumb Code   182  u8x8_cad_1.o(i.u8x8_cad_ssd13xx_fast_i2c)
    u8x8_d_helper_display_init               0x080069a5   Thumb Code    96  u8x8_display_1.o(i.u8x8_d_helper_display_init)
    u8x8_d_helper_display_setup_memory       0x08006a05   Thumb Code    10  u8x8_display_1.o(i.u8x8_d_helper_display_setup_memory)
    u8x8_d_ssd1306_128x64_noname             0x08006a11   Thumb Code    52  u8x8_d_ssd1306_128x64_noname_1.o(i.u8x8_d_ssd1306_128x64_noname)
    u8x8_dummy_cb                            0x08006b15   Thumb Code     4  u8x8_setup_1.o(i.u8x8_dummy_cb)
    u8x8_gpio_call                           0x08006b43   Thumb Code    12  u8x8_gpio_1.o(i.u8x8_gpio_call)
    u8x8_utf8_init                           0x08006b7b   Thumb Code     8  u8x8_8x8_1.o(i.u8x8_utf8_init)
    u8g2_font_ncenB08_tr                     0x08006c60   Data        1166  u8g2_fonts_1.o(.constdata)
    u8g2_font_ncenB10_tr                     0x080070ee   Data        1559  u8g2_fonts_1.o(.constdata)
    u8g2_cb_r0                               0x08007708   Data          12  u8g2_setup_1.o(.constdata)
    AHBPrescTable                            0x08007874   Data          16  system_stm32f4xx.o(.constdata)
    APBPrescTable                            0x08007884   Data           8  system_stm32f4xx.o(.constdata)
    Region$$Table$$Base                      0x0800792c   Number         0  anon$$obj.o(Region$$Table)
    Region$$Table$$Limit                     0x0800794c   Number         0  anon$$obj.o(Region$$Table)
    g_remote_cmd                             0x2000000c   Data           1  app_comm.o(.data)
    g_robot_mode                             0x2000000d   Data           1  app_comm.o(.data)
    gps_data_ready                           0x20000012   Data           1  bsp_gps.o(.data)
    gps_rx_len                               0x20000014   Data           2  bsp_gps.o(.data)
    g_current_key                            0x20000030   Data           1  bsp_key.o(.data)
    motor1                                   0x2000003c   Data          12  bsp_encoder.o(.data)
    motor2                                   0x20000048   Data          12  bsp_encoder.o(.data)
    openmv_data                              0x2000006e   Data           2  bsp_openmv.o(.data)
    pFlash                                   0x2000007c   Data          32  stm32f4xx_hal_flash.o(.data)
    uwTickFreq                               0x2000009c   Data           1  stm32f4xx_hal.o(.data)
    uwTickPrio                               0x200000a0   Data           4  stm32f4xx_hal.o(.data)
    uwTick                                   0x200000a4   Data           4  stm32f4xx_hal.o(.data)
    SystemCoreClock                          0x200000a8   Data           4  system_stm32f4xx.o(.data)
    __stdout                                 0x200000ac   Data           4  stdout.o(.data)
    motorL                                   0x20000230   Data          28  bsp_tb6612.o(.bss)
    motorR                                   0x2000024c   Data          28  bsp_tb6612.o(.bss)
    gps_rx_buffer                            0x20000268   Data         512  bsp_gps.o(.bss)
    gps_proc_buffer                          0x20000468   Data         512  bsp_gps.o(.bss)
    gps_data                                 0x20000668   Data         144  bsp_gps.o(.bss)
    u8g2                                     0x20000778   Data         148  u8g2_port.o(.bss)
    pid_dist                                 0x2000080c   Data          44  pid.o(.bss)
    pid_angle                                0x20000838   Data          44  pid.o(.bss)
    pid_speed_L                              0x20000864   Data          44  pid.o(.bss)
    pid_speed_R                              0x20000890   Data          44  pid.o(.bss)
    openmv_fifo                              0x200008bc   Data          23  bsp_openmv.o(.bss)
    g_app_params                             0x20000ad4   Data          52  bsp_flash.o(.bss)
    hi2c1                                    0x20000f08   Data          84  i2c.o(.bss)
    htim3                                    0x20000f5c   Data          72  tim.o(.bss)
    htim4                                    0x20000fa4   Data          72  tim.o(.bss)
    htim5                                    0x20000fec   Data          72  tim.o(.bss)
    htim13                                   0x20001034   Data          72  tim.o(.bss)
    htim14                                   0x2000107c   Data          72  tim.o(.bss)
    huart1                                   0x200010c4   Data          72  usart.o(.bss)
    huart2                                   0x2000110c   Data          72  usart.o(.bss)
    huart3                                   0x20001154   Data          72  usart.o(.bss)
    huart6                                   0x2000119c   Data          72  usart.o(.bss)
    hdma_usart3_rx                           0x200011e4   Data          96  usart.o(.bss)
    hdma_usart6_rx                           0x20001244   Data          96  usart.o(.bss)
    __initial_sp                             0x200016a8   Data           0  startup_stm32f407xx.o(STACK)



==============================================================================

Memory Map of the image

  Image Entry point : 0x08000189

  Load Region LR_IROM1 (Base: 0x08000000, Size: 0x000079fc, Max: 0x00080000, ABSOLUTE)

    Execution Region ER_IROM1 (Exec base: 0x08000000, Load base: 0x08000000, Size: 0x0000794c, Max: 0x00080000, ABSOLUTE)

    Exec Addr    Load Addr    Size         Type   Attr      Idx    E Section Name        Object

    0x08000000   0x08000000   0x00000188   Data   RO            3    RESET               startup_stm32f407xx.o
    0x08000188   0x08000188   0x00000000   Code   RO         8957  * .ARM.Collect$$$$00000000  mc_w.l(entry.o)
    0x08000188   0x08000188   0x00000004   Code   RO         9241    .ARM.Collect$$$$00000001  mc_w.l(entry2.o)
    0x0800018c   0x0800018c   0x00000004   Code   RO         9244    .ARM.Collect$$$$00000004  mc_w.l(entry5.o)
    0x08000190   0x08000190   0x00000000   Code   RO         9246    .ARM.Collect$$$$00000008  mc_w.l(entry7b.o)
    0x08000190   0x08000190   0x00000000   Code   RO         9248    .ARM.Collect$$$$0000000A  mc_w.l(entry8b.o)
    0x08000190   0x08000190   0x00000008   Code   RO         9249    .ARM.Collect$$$$0000000B  mc_w.l(entry9a.o)
    0x08000198   0x08000198   0x00000004   Code   RO         9256    .ARM.Collect$$$$0000000E  mc_w.l(entry12b.o)
    0x0800019c   0x0800019c   0x00000000   Code   RO         9251    .ARM.Collect$$$$0000000F  mc_w.l(entry10a.o)
    0x0800019c   0x0800019c   0x00000000   Code   RO         9253    .ARM.Collect$$$$00000011  mc_w.l(entry11a.o)
    0x0800019c   0x0800019c   0x00000004   Code   RO         9242    .ARM.Collect$$$$00002712  mc_w.l(entry2.o)
    0x080001a0   0x080001a0   0x00000024   Code   RO            4    .text               startup_stm32f407xx.o
    0x080001c4   0x080001c4   0x00000062   Code   RO         8960    .text               mc_w.l(uldiv.o)
    0x08000226   0x08000226   0x00000024   Code   RO         8962    .text               mc_w.l(memcpya.o)
    0x0800024a   0x0800024a   0x00000024   Code   RO         8964    .text               mc_w.l(memseta.o)
    0x0800026e   0x0800026e   0x00000024   Code   RO         8966    .text               mc_w.l(strstr.o)
    0x08000292   0x08000292   0x0000001e   Code   RO         8968    .text               mc_w.l(strncmp.o)
    0x080002b0   0x080002b0   0x0000014e   Code   RO         9233    .text               mf_w.l(dadd.o)
    0x080003fe   0x080003fe   0x000000e4   Code   RO         9235    .text               mf_w.l(dmul.o)
    0x080004e2   0x080004e2   0x0000001a   Code   RO         9237    .text               mf_w.l(dfltui.o)
    0x080004fc   0x080004fc   0x00000026   Code   RO         9239    .text               mf_w.l(f2d.o)
    0x08000522   0x08000522   0x0000002c   Code   RO         9258    .text               mc_w.l(uidiv.o)
    0x0800054e   0x0800054e   0x0000001e   Code   RO         9260    .text               mc_w.l(llshl.o)
    0x0800056c   0x0800056c   0x00000020   Code   RO         9262    .text               mc_w.l(llushr.o)
    0x0800058c   0x0800058c   0x00000024   Code   RO         9264    .text               mc_w.l(llsshr.o)
    0x080005b0   0x080005b0   0x00000000   Code   RO         9266    .text               mc_w.l(iusefp.o)
    0x080005b0   0x080005b0   0x000000ba   Code   RO         9267    .text               mf_w.l(depilogue.o)
    0x0800066a   0x0800066a   0x000000de   Code   RO         9269    .text               mf_w.l(ddiv.o)
    0x08000748   0x08000748   0x00000030   Code   RO         9271    .text               mf_w.l(dfixul.o)
    0x08000778   0x08000778   0x00000030   Code   RO         9273    .text               mf_w.l(cdrcmple.o)
    0x080007a8   0x080007a8   0x00000024   Code   RO         9275    .text               mc_w.l(init.o)
    0x080007cc   0x080007cc   0x00000014   Code   RO          391    i.App_Comm_Init     app_comm.o
    0x080007e0   0x080007e0   0x000000a4   Code   RO          392    i.App_Comm_Parse_Internal  app_comm.o
    0x08000884   0x08000884   0x00000020   Code   RO          393    i.App_Comm_ProcessTask  app_comm.o
    0x080008a4   0x080008a4   0x00000004   Code   RO          914    i.App_Flash_Init    bsp_flash.o
    0x080008a8   0x080008a8   0x0000007c   Code   RO          915    i.App_Flash_Load    bsp_flash.o
    0x08000924   0x08000924   0x00000054   Code   RO          916    i.App_Flash_Save    bsp_flash.o
    0x08000978   0x08000978   0x00000254   Code   RO          782    i.App_Follow_Control_Loop  pid.o
    0x08000bcc   0x08000bcc   0x00000150   Code   RO          783    i.App_Follow_Init   pid.o
    0x08000d1c   0x08000d1c   0x0000000c   Code   RO          784    i.App_Follow_Reset_Loss_Counter  pid.o
    0x08000d28   0x08000d28   0x00000074   Code   RO          785    i.App_Follow_Update_PID_Params  pid.o
    0x08000d9c   0x08000d9c   0x0000001c   Code   RO          246    i.App_UI_Init       app_ui.o
    0x08000db8   0x08000db8   0x0000016c   Code   RO          247    i.App_UI_KeyProcess  app_ui.o
    0x08000f24   0x08000f24   0x00000048   Code   RO          248    i.App_UI_Refresh    app_ui.o
    0x08000f6c   0x08000f6c   0x00000044   Code   RO          628    i.BSP_Key_Init      bsp_key.o
    0x08000fb0   0x08000fb0   0x000000ac   Code   RO          630    i.BSP_Key_Scan_10ms  bsp_key.o
    0x0800105c   0x0800105c   0x00000028   Code   RO          581    i.BSP_LED_Init      bsp_led.o
    0x08001084   0x08001084   0x00000020   Code   RO          582    i.BSP_LED_Off       bsp_led.o
    0x080010a4   0x080010a4   0x00000020   Code   RO          583    i.BSP_LED_On        bsp_led.o
    0x080010c4   0x080010c4   0x00000002   Code   RO         5831    i.BusFault_Handler  stm32f4xx_it.o
    0x080010c6   0x080010c6   0x00000002   PAD
    0x080010c8   0x080010c8   0x000002f8   Code   RO           13    i.Core_Main_Init    core_main.o
    0x080013c0   0x080013c0   0x00000004   Code   RO           14    i.Core_Main_Master  core_main.o
    0x080013c4   0x080013c4   0x0000000c   Code   RO         5832    i.DMA1_Stream1_IRQHandler  stm32f4xx_it.o
    0x080013d0   0x080013d0   0x0000000c   Code   RO         5833    i.DMA2_Stream1_IRQHandler  stm32f4xx_it.o
    0x080013dc   0x080013dc   0x00000028   Code   RO         6895    i.DMA_CalcBaseAndBitshift  stm32f4xx_hal_dma.o
    0x08001404   0x08001404   0x00000054   Code   RO         6896    i.DMA_CheckFifoParam  stm32f4xx_hal_dma.o
    0x08001458   0x08001458   0x00000028   Code   RO         6897    i.DMA_SetConfig     stm32f4xx_hal_dma.o
    0x08001480   0x08001480   0x00000002   Code   RO         5834    i.DebugMon_Handler  stm32f4xx_it.o
    0x08001482   0x08001482   0x00000002   PAD
    0x08001484   0x08001484   0x000000f8   Code   RO          249    i.Draw_GPSPage      app_ui.o
    0x0800157c   0x0800157c   0x00000098   Code   RO          250    i.Draw_MainPage     app_ui.o
    0x08001614   0x08001614   0x000000e8   Code   RO          251    i.Draw_MotorPage    app_ui.o
    0x080016fc   0x080016fc   0x00000110   Code   RO          252    i.Draw_PIDPage      app_ui.o
    0x0800180c   0x0800180c   0x00000020   Code   RO          670    i.Encoder_Init      bsp_encoder.o
    0x0800182c   0x0800182c   0x00000074   Code   RO          671    i.Encoder_Update_Speed  bsp_encoder.o
    0x080018a0   0x080018a0   0x00000004   Code   RO         5548    i.Error_Handler     main.o
    0x080018a4   0x080018a4   0x00000050   Code   RO         6710    i.FLASH_Erase_Sector  stm32f4xx_hal_flash_ex.o
    0x080018f4   0x080018f4   0x00000054   Code   RO         6711    i.FLASH_FlushCaches  stm32f4xx_hal_flash_ex.o
    0x08001948   0x08001948   0x00000028   Code   RO         6712    i.FLASH_MassErase   stm32f4xx_hal_flash_ex.o
    0x08001970   0x08001970   0x00000020   Code   RO         6592    i.FLASH_Program_Byte  stm32f4xx_hal_flash.o
    0x08001990   0x08001990   0x0000002c   Code   RO         6593    i.FLASH_Program_DoubleWord  stm32f4xx_hal_flash.o
    0x080019bc   0x080019bc   0x00000024   Code   RO         6594    i.FLASH_Program_HalfWord  stm32f4xx_hal_flash.o
    0x080019e0   0x080019e0   0x00000024   Code   RO         6595    i.FLASH_Program_Word  stm32f4xx_hal_flash.o
    0x08001a04   0x08001a04   0x00000068   Code   RO         6596    i.FLASH_SetErrorCode  stm32f4xx_hal_flash.o
    0x08001a6c   0x08001a6c   0x00000050   Code   RO         6597    i.FLASH_WaitForLastOperation  stm32f4xx_hal_flash.o
    0x08001abc   0x08001abc   0x00000034   Code   RO          494    i.GPS_Init          bsp_gps.o
    0x08001af0   0x08001af0   0x00000034   Code   RO          495    i.GPS_Process_Task  bsp_gps.o
    0x08001b24   0x08001b24   0x00000064   Code   RO          496    i.GPS_Rx_Callback   bsp_gps.o
    0x08001b88   0x08001b88   0x00000092   Code   RO         6898    i.HAL_DMA_Abort     stm32f4xx_hal_dma.o
    0x08001c1a   0x08001c1a   0x00000024   Code   RO         6899    i.HAL_DMA_Abort_IT  stm32f4xx_hal_dma.o
    0x08001c3e   0x08001c3e   0x00000002   PAD
    0x08001c40   0x08001c40   0x000001a0   Code   RO         6903    i.HAL_DMA_IRQHandler  stm32f4xx_hal_dma.o
    0x08001de0   0x08001de0   0x000000d4   Code   RO         6904    i.HAL_DMA_Init      stm32f4xx_hal_dma.o
    0x08001eb4   0x08001eb4   0x0000006e   Code   RO         6908    i.HAL_DMA_Start_IT  stm32f4xx_hal_dma.o
    0x08001f22   0x08001f22   0x00000002   PAD
    0x08001f24   0x08001f24   0x00000024   Code   RO         7335    i.HAL_Delay         stm32f4xx_hal.o
    0x08001f48   0x08001f48   0x00000098   Code   RO         6713    i.HAL_FLASHEx_Erase  stm32f4xx_hal_flash_ex.o
    0x08001fe0   0x08001fe0   0x00000014   Code   RO         6601    i.HAL_FLASH_Lock    stm32f4xx_hal_flash.o
    0x08001ff4   0x08001ff4   0x0000007c   Code   RO         6606    i.HAL_FLASH_Program  stm32f4xx_hal_flash.o
    0x08002070   0x08002070   0x0000002c   Code   RO         6608    i.HAL_FLASH_Unlock  stm32f4xx_hal_flash.o
    0x0800209c   0x0800209c   0x000001f0   Code   RO         6791    i.HAL_GPIO_Init     stm32f4xx_hal_gpio.o
    0x0800228c   0x0800228c   0x0000000a   Code   RO         6793    i.HAL_GPIO_ReadPin  stm32f4xx_hal_gpio.o
    0x08002296   0x08002296   0x0000000a   Code   RO         6795    i.HAL_GPIO_WritePin  stm32f4xx_hal_gpio.o
    0x080022a0   0x080022a0   0x0000000c   Code   RO         7341    i.HAL_GetTick       stm32f4xx_hal.o
    0x080022ac   0x080022ac   0x00000188   Code   RO         5992    i.HAL_I2C_Init      stm32f4xx_hal_i2c.o
    0x08002434   0x08002434   0x0000012c   Code   RO         6005    i.HAL_I2C_Master_Transmit  stm32f4xx_hal_i2c.o
    0x08002560   0x08002560   0x0000006c   Code   RO         5640    i.HAL_I2C_MspInit   i2c.o
    0x080025cc   0x080025cc   0x00000010   Code   RO         7347    i.HAL_IncTick       stm32f4xx_hal.o
    0x080025dc   0x080025dc   0x00000034   Code   RO         7348    i.HAL_Init          stm32f4xx_hal.o
    0x08002610   0x08002610   0x00000040   Code   RO         7349    i.HAL_InitTick      stm32f4xx_hal.o
    0x08002650   0x08002650   0x00000030   Code   RO         5957    i.HAL_MspInit       stm32f4xx_hal_msp.o
    0x08002680   0x08002680   0x0000001a   Code   RO         7183    i.HAL_NVIC_EnableIRQ  stm32f4xx_hal_cortex.o
    0x0800269a   0x0800269a   0x00000002   PAD
    0x0800269c   0x0800269c   0x00000040   Code   RO         7189    i.HAL_NVIC_SetPriority  stm32f4xx_hal_cortex.o
    0x080026dc   0x080026dc   0x00000024   Code   RO         7190    i.HAL_NVIC_SetPriorityGrouping  stm32f4xx_hal_cortex.o
    0x08002700   0x08002700   0x00000134   Code   RO         6437    i.HAL_RCC_ClockConfig  stm32f4xx_hal_rcc.o
    0x08002834   0x08002834   0x00000020   Code   RO         6444    i.HAL_RCC_GetPCLK1Freq  stm32f4xx_hal_rcc.o
    0x08002854   0x08002854   0x00000020   Code   RO         6445    i.HAL_RCC_GetPCLK2Freq  stm32f4xx_hal_rcc.o
    0x08002874   0x08002874   0x00000064   Code   RO         6446    i.HAL_RCC_GetSysClockFreq  stm32f4xx_hal_rcc.o
    0x080028d8   0x080028d8   0x0000036c   Code   RO         6449    i.HAL_RCC_OscConfig  stm32f4xx_hal_rcc.o
    0x08002c44   0x08002c44   0x00000028   Code   RO         7194    i.HAL_SYSTICK_Config  stm32f4xx_hal_cortex.o
    0x08002c6c   0x08002c6c   0x00000002   Code   RO         8292    i.HAL_TIMEx_BreakCallback  stm32f4xx_hal_tim_ex.o
    0x08002c6e   0x08002c6e   0x00000002   Code   RO         8293    i.HAL_TIMEx_CommutCallback  stm32f4xx_hal_tim_ex.o
    0x08002c70   0x08002c70   0x00000090   Code   RO         8311    i.HAL_TIMEx_MasterConfigSynchronization  stm32f4xx_hal_tim_ex.o
    0x08002d00   0x08002d00   0x0000005a   Code   RO         7588    i.HAL_TIM_Base_Init  stm32f4xx_hal_tim.o
    0x08002d5a   0x08002d5a   0x00000002   PAD
    0x08002d5c   0x08002d5c   0x0000007c   Code   RO         5682    i.HAL_TIM_Base_MspInit  tim.o
    0x08002dd8   0x08002dd8   0x00000080   Code   RO         7593    i.HAL_TIM_Base_Start_IT  stm32f4xx_hal_tim.o
    0x08002e58   0x08002e58   0x000000dc   Code   RO         7597    i.HAL_TIM_ConfigClockSource  stm32f4xx_hal_tim.o
    0x08002f34   0x08002f34   0x000000a4   Code   RO         7609    i.HAL_TIM_Encoder_Init  stm32f4xx_hal_tim.o
    0x08002fd8   0x08002fd8   0x00000094   Code   RO         5684    i.HAL_TIM_Encoder_MspInit  tim.o
    0x0800306c   0x0800306c   0x0000008e   Code   RO         7612    i.HAL_TIM_Encoder_Start  stm32f4xx_hal_tim.o
    0x080030fa   0x080030fa   0x00000002   Code   RO         7622    i.HAL_TIM_IC_CaptureCallback  stm32f4xx_hal_tim.o
    0x080030fc   0x080030fc   0x00000130   Code   RO         7636    i.HAL_TIM_IRQHandler  stm32f4xx_hal_tim.o
    0x0800322c   0x0800322c   0x00000054   Code   RO         5685    i.HAL_TIM_MspPostInit  tim.o
    0x08003280   0x08003280   0x00000002   Code   RO         7639    i.HAL_TIM_OC_DelayElapsedCallback  stm32f4xx_hal_tim.o
    0x08003282   0x08003282   0x000000cc   Code   RO         7660    i.HAL_TIM_PWM_ConfigChannel  stm32f4xx_hal_tim.o
    0x0800334e   0x0800334e   0x0000005a   Code   RO         7663    i.HAL_TIM_PWM_Init  stm32f4xx_hal_tim.o
    0x080033a8   0x080033a8   0x00000002   Code   RO         7665    i.HAL_TIM_PWM_MspInit  stm32f4xx_hal_tim.o
    0x080033aa   0x080033aa   0x00000002   Code   RO         7666    i.HAL_TIM_PWM_PulseFinishedCallback  stm32f4xx_hal_tim.o
    0x080033ac   0x080033ac   0x000000c8   Code   RO         7668    i.HAL_TIM_PWM_Start  stm32f4xx_hal_tim.o
    0x08003474   0x08003474   0x00000040   Code   RO           15    i.HAL_TIM_PeriodElapsedCallback  core_main.o
    0x080034b4   0x080034b4   0x00000002   Code   RO         7679    i.HAL_TIM_TriggerCallback  stm32f4xx_hal_tim.o
    0x080034b6   0x080034b6   0x0000004e   Code   RO         8570    i.HAL_UARTEx_ReceiveToIdle_IT  stm32f4xx_hal_uart.o
    0x08003504   0x08003504   0x00000044   Code   RO          394    i.HAL_UARTEx_RxEventCallback  app_comm.o
    0x08003548   0x08003548   0x00000070   Code   RO         8583    i.HAL_UART_DMAStop  stm32f4xx_hal_uart.o
    0x080035b8   0x080035b8   0x00000020   Code   RO          395    i.HAL_UART_ErrorCallback  app_comm.o
    0x080035d8   0x080035d8   0x00000280   Code   RO         8588    i.HAL_UART_IRQHandler  stm32f4xx_hal_uart.o
    0x08003858   0x08003858   0x00000064   Code   RO         8589    i.HAL_UART_Init     stm32f4xx_hal_uart.o
    0x080038bc   0x080038bc   0x000001c0   Code   RO         5766    i.HAL_UART_MspInit  usart.o
    0x08003a7c   0x08003a7c   0x0000001c   Code   RO         8593    i.HAL_UART_Receive_DMA  stm32f4xx_hal_uart.o
    0x08003a98   0x08003a98   0x00000002   Code   RO         8595    i.HAL_UART_RxCpltCallback  stm32f4xx_hal_uart.o
    0x08003a9a   0x08003a9a   0x00000002   Code   RO         8596    i.HAL_UART_RxHalfCpltCallback  stm32f4xx_hal_uart.o
    0x08003a9c   0x08003a9c   0x000000a0   Code   RO         8597    i.HAL_UART_Transmit  stm32f4xx_hal_uart.o
    0x08003b3c   0x08003b3c   0x00000002   Code   RO         8600    i.HAL_UART_TxCpltCallback  stm32f4xx_hal_uart.o
    0x08003b3e   0x08003b3e   0x00000002   Code   RO         5835    i.HardFault_Handler  stm32f4xx_it.o
    0x08003b40   0x08003b40   0x0000002e   Code   RO         6035    i.I2C_IsAcknowledgeFailed  stm32f4xx_hal_i2c.o
    0x08003b6e   0x08003b6e   0x00000002   PAD
    0x08003b70   0x08003b70   0x0000009c   Code   RO         6039    i.I2C_MasterRequestWrite  stm32f4xx_hal_i2c.o
    0x08003c0c   0x08003c0c   0x00000056   Code   RO         6050    i.I2C_WaitOnBTFFlagUntilTimeout  stm32f4xx_hal_i2c.o
    0x08003c62   0x08003c62   0x00000002   PAD
    0x08003c64   0x08003c64   0x00000090   Code   RO         6051    i.I2C_WaitOnFlagUntilTimeout  stm32f4xx_hal_i2c.o
    0x08003cf4   0x08003cf4   0x000000bc   Code   RO         6052    i.I2C_WaitOnMasterAddressFlagUntilTimeout  stm32f4xx_hal_i2c.o
    0x08003db0   0x08003db0   0x00000056   Code   RO         6054    i.I2C_WaitOnTXEFlagUntilTimeout  stm32f4xx_hal_i2c.o
    0x08003e06   0x08003e06   0x00000002   PAD
    0x08003e08   0x08003e08   0x0000004c   Code   RO         5615    i.MX_DMA_Init       dma.o
    0x08003e54   0x08003e54   0x00000128   Code   RO         5591    i.MX_GPIO_Init      gpio.o
    0x08003f7c   0x08003f7c   0x00000040   Code   RO         5641    i.MX_I2C1_Init      i2c.o
    0x08003fbc   0x08003fbc   0x00000038   Code   RO         5686    i.MX_TIM13_Init     tim.o
    0x08003ff4   0x08003ff4   0x00000038   Code   RO         5687    i.MX_TIM14_Init     tim.o
    0x0800402c   0x0800402c   0x0000006c   Code   RO         5688    i.MX_TIM3_Init      tim.o
    0x08004098   0x08004098   0x000000ac   Code   RO         5689    i.MX_TIM4_Init      tim.o
    0x08004144   0x08004144   0x00000068   Code   RO         5690    i.MX_TIM5_Init      tim.o
    0x080041ac   0x080041ac   0x00000038   Code   RO         5767    i.MX_USART1_UART_Init  usart.o
    0x080041e4   0x080041e4   0x00000038   Code   RO         5768    i.MX_USART2_UART_Init  usart.o
    0x0800421c   0x0800421c   0x00000038   Code   RO         5769    i.MX_USART3_UART_Init  usart.o
    0x08004254   0x08004254   0x00000038   Code   RO         5770    i.MX_USART6_UART_Init  usart.o
    0x0800428c   0x0800428c   0x00000002   Code   RO         5836    i.MemManage_Handler  stm32f4xx_it.o
    0x0800428e   0x0800428e   0x00000002   PAD
    0x08004290   0x08004290   0x00000064   Code   RO          452    i.Motor_init        bsp_tb6612.o
    0x080042f4   0x080042f4   0x0000002a   Code   RO          497    i.NMEA_Comma_Pos    bsp_gps.o
    0x0800431e   0x0800431e   0x00000002   PAD
    0x08004320   0x08004320   0x00000070   Code   RO          498    i.NMEA_GPGGA_Analysis  bsp_gps.o
    0x08004390   0x08004390   0x00000258   Code   RO          499    i.NMEA_GPRMC_Analysis  bsp_gps.o
    0x080045e8   0x080045e8   0x00000010   Code   RO          500    i.NMEA_Pow          bsp_gps.o
    0x080045f8   0x080045f8   0x000000c0   Code   RO          501    i.NMEA_Str2num      bsp_gps.o
    0x080046b8   0x080046b8   0x00000002   Code   RO         5837    i.NMI_Handler       stm32f4xx_it.o
    0x080046ba   0x080046ba   0x00000002   PAD
    0x080046bc   0x080046bc   0x00000040   Code   RO          313    i.OS_CreateTask     os.o
    0x080046fc   0x080046fc   0x0000000a   Code   RO          314    i.OS_DelayMs        os.o
    0x08004706   0x08004706   0x00000002   PAD
    0x08004708   0x08004708   0x00000028   Code   RO          315    i.OS_DelayTicks     os.o
    0x08004730   0x08004730   0x00000030   Code   RO          317    i.OS_Init           os.o
    0x08004760   0x08004760   0x00000068   Code   RO          319    i.OS_ScheduleOnce   os.o
    0x080047c8   0x080047c8   0x00000006   Code   RO          320    i.OS_Start          os.o
    0x080047ce   0x080047ce   0x00000002   PAD
    0x080047d0   0x080047d0   0x0000002c   Code   RO          322    i.OS_Tick           os.o
    0x080047fc   0x080047fc   0x00000090   Code   RO          860    i.OpenMV_Decode     bsp_openmv.o
    0x0800488c   0x0800488c   0x00000040   Code   RO          861    i.OpenMV_Init       bsp_openmv.o
    0x080048cc   0x080048cc   0x00000064   Code   RO          862    i.OpenMV_Parse_Callback  bsp_openmv.o
    0x08004930   0x08004930   0x00000044   Code   RO          863    i.OpenMV_Print_Task  bsp_openmv.o
    0x08004974   0x08004974   0x00000020   Code   RO          864    i.OpenMV_Rx_Callback  bsp_openmv.o
    0x08004994   0x08004994   0x0000008e   Code   RO          786    i.PID_Compute       pid.o
    0x08004a22   0x08004a22   0x00000010   Code   RO          787    i.PID_Init          pid.o
    0x08004a32   0x08004a32   0x00000002   PAD
    0x08004a34   0x08004a34   0x00000024   Code   RO          788    i.PID_Reset         pid.o
    0x08004a58   0x08004a58   0x00000002   Code   RO         5838    i.PendSV_Handler    stm32f4xx_it.o
    0x08004a5a   0x08004a5a   0x00000002   Code   RO         5839    i.SVC_Handler       stm32f4xx_it.o
    0x08004a5c   0x08004a5c   0x0000000e   Code   RO         5840    i.SysTick_Handler   stm32f4xx_it.o
    0x08004a6a   0x08004a6a   0x00000002   PAD
    0x08004a6c   0x08004a6c   0x00000094   Code   RO         5549    i.SystemClock_Config  main.o
    0x08004b00   0x08004b00   0x00000010   Code   RO         8923    i.SystemInit        system_stm32f4xx.o
    0x08004b10   0x08004b10   0x00000020   Code   RO          453    i.TB6612_Motor_Init  bsp_tb6612.o
    0x08004b30   0x08004b30   0x00000082   Code   RO          454    i.TB6612_Motor_SetSpeed  bsp_tb6612.o
    0x08004bb2   0x08004bb2   0x00000002   PAD
    0x08004bb4   0x08004bb4   0x0000000c   Code   RO         5841    i.TIM8_TRG_COM_TIM14_IRQHandler  stm32f4xx_it.o
    0x08004bc0   0x08004bc0   0x0000000c   Code   RO         5842    i.TIM8_UP_TIM13_IRQHandler  stm32f4xx_it.o
    0x08004bcc   0x08004bcc   0x000000d0   Code   RO         7681    i.TIM_Base_SetConfig  stm32f4xx_hal_tim.o
    0x08004c9c   0x08004c9c   0x0000001a   Code   RO         7682    i.TIM_CCxChannelCmd  stm32f4xx_hal_tim.o
    0x08004cb6   0x08004cb6   0x00000014   Code   RO         7692    i.TIM_ETR_SetConfig  stm32f4xx_hal_tim.o
    0x08004cca   0x08004cca   0x00000010   Code   RO         7693    i.TIM_ITRx_SetConfig  stm32f4xx_hal_tim.o
    0x08004cda   0x08004cda   0x00000002   PAD
    0x08004cdc   0x08004cdc   0x00000060   Code   RO         7694    i.TIM_OC1_SetConfig  stm32f4xx_hal_tim.o
    0x08004d3c   0x08004d3c   0x0000006c   Code   RO         7695    i.TIM_OC2_SetConfig  stm32f4xx_hal_tim.o
    0x08004da8   0x08004da8   0x00000068   Code   RO         7696    i.TIM_OC3_SetConfig  stm32f4xx_hal_tim.o
    0x08004e10   0x08004e10   0x00000050   Code   RO         7697    i.TIM_OC4_SetConfig  stm32f4xx_hal_tim.o
    0x08004e60   0x08004e60   0x00000022   Code   RO         7699    i.TIM_TI1_ConfigInputStage  stm32f4xx_hal_tim.o
    0x08004e82   0x08004e82   0x00000024   Code   RO         7701    i.TIM_TI2_ConfigInputStage  stm32f4xx_hal_tim.o
    0x08004ea6   0x08004ea6   0x00000010   Code   RO           16    i.Task_Comm         core_main.o
    0x08004eb6   0x08004eb6   0x00000002   PAD
    0x08004eb8   0x08004eb8   0x0000008c   Code   RO           17    i.Task_LedRun       core_main.o
    0x08004f44   0x08004f44   0x00000010   Code   RO           18    i.Task_UIUpdate     core_main.o
    0x08004f54   0x08004f54   0x00000044   Code   RO          740    i.U8G2_Init         u8g2_port.o
    0x08004f98   0x08004f98   0x0000000e   Code   RO         8602    i.UART_DMAAbortOnError  stm32f4xx_hal_uart.o
    0x08004fa6   0x08004fa6   0x0000004a   Code   RO         8603    i.UART_DMAError     stm32f4xx_hal_uart.o
    0x08004ff0   0x08004ff0   0x00000086   Code   RO         8604    i.UART_DMAReceiveCplt  stm32f4xx_hal_uart.o
    0x08005076   0x08005076   0x0000001e   Code   RO         8606    i.UART_DMARxHalfCplt  stm32f4xx_hal_uart.o
    0x08005094   0x08005094   0x0000004e   Code   RO         8612    i.UART_EndRxTransfer  stm32f4xx_hal_uart.o
    0x080050e2   0x080050e2   0x0000001c   Code   RO         8613    i.UART_EndTxTransfer  stm32f4xx_hal_uart.o
    0x080050fe   0x080050fe   0x000000c2   Code   RO         8614    i.UART_Receive_IT   stm32f4xx_hal_uart.o
    0x080051c0   0x080051c0   0x0000010c   Code   RO         8615    i.UART_SetConfig    stm32f4xx_hal_uart.o
    0x080052cc   0x080052cc   0x000000a0   Code   RO         8616    i.UART_Start_Receive_DMA  stm32f4xx_hal_uart.o
    0x0800536c   0x0800536c   0x00000036   Code   RO         8617    i.UART_Start_Receive_IT  stm32f4xx_hal_uart.o
    0x080053a2   0x080053a2   0x00000072   Code   RO         8618    i.UART_WaitOnFlagUntilTimeout  stm32f4xx_hal_uart.o
    0x08005414   0x08005414   0x0000000c   Code   RO         5843    i.USART2_IRQHandler  stm32f4xx_it.o
    0x08005420   0x08005420   0x00000014   Code   RO         5844    i.USART3_IRQHandler  stm32f4xx_it.o
    0x08005434   0x08005434   0x00000014   Code   RO         5845    i.USART6_IRQHandler  stm32f4xx_it.o
    0x08005448   0x08005448   0x00000002   Code   RO         5846    i.UsageFault_Handler  stm32f4xx_it.o
    0x0800544a   0x0800544a   0x00000002   PAD
    0x0800544c   0x0800544c   0x00000020   Code   RO         9205    i.__0printf         mc_w.l(printfa.o)
    0x0800546c   0x0800546c   0x00000034   Code   RO         9206    i.__0snprintf       mc_w.l(printfa.o)
    0x080054a0   0x080054a0   0x00000020   Code   RO         7196    i.__NVIC_SetPriority  stm32f4xx_hal_cortex.o
    0x080054c0   0x080054c0   0x0000000e   Code   RO         9279    i.__scatterload_copy  mc_w.l(handlers.o)
    0x080054ce   0x080054ce   0x00000002   Code   RO         9280    i.__scatterload_null  mc_w.l(handlers.o)
    0x080054d0   0x080054d0   0x0000000e   Code   RO         9281    i.__scatterload_zeroinit  mc_w.l(handlers.o)
    0x080054de   0x080054de   0x00000002   PAD
    0x080054e0   0x080054e0   0x00000184   Code   RO         9212    i._fp_digits        mc_w.l(printfa.o)
    0x08005664   0x08005664   0x000006b4   Code   RO         9213    i._printf_core      mc_w.l(printfa.o)
    0x08005d18   0x08005d18   0x00000024   Code   RO         9214    i._printf_post_padding  mc_w.l(printfa.o)
    0x08005d3c   0x08005d3c   0x0000002e   Code   RO         9215    i._printf_pre_padding  mc_w.l(printfa.o)
    0x08005d6a   0x08005d6a   0x00000016   Code   RO         9216    i._snputc           mc_w.l(printfa.o)
    0x08005d80   0x08005d80   0x00000024   Code   RO          707    i.delay_init        dwt_delay.o
    0x08005da4   0x08005da4   0x00000028   Code   RO          708    i.delay_us          dwt_delay.o
    0x08005dcc   0x08005dcc   0x00000018   Code   RO         5771    i.fputc             usart.o
    0x08005de4   0x08005de4   0x00000042   Code   RO         5550    i.main              main.o
    0x08005e26   0x08005e26   0x00000014   Code   RO         1631    i.u8g2_ClearBuffer  u8g2_buffer_1.o
    0x08005e3a   0x08005e3a   0x0000006e   Code   RO         1834    i.u8g2_DrawGlyph    u8g2_font_1.o
    0x08005ea8   0x08005ea8   0x0000000c   Code   RO         4088    i.u8g2_DrawHLine    u8g2_hvline_1.o
    0x08005eb4   0x08005eb4   0x000000ac   Code   RO         4089    i.u8g2_DrawHVLine   u8g2_hvline_1.o
    0x08005f60   0x08005f60   0x00000010   Code   RO         1836    i.u8g2_DrawStr      u8g2_font_1.o
    0x08005f70   0x08005f70   0x00000030   Code   RO         4150    i.u8g2_IsIntersection  u8g2_intersection_1.o
    0x08005fa0   0x08005fa0   0x00000012   Code   RO         1634    i.u8g2_SendBuffer   u8g2_buffer_1.o
    0x08005fb2   0x08005fb2   0x00000020   Code   RO         1852    i.u8g2_SetFont      u8g2_font_1.o
    0x08005fd2   0x08005fd2   0x00000002   PAD
    0x08005fd4   0x08005fd4   0x0000000c   Code   RO         1855    i.u8g2_SetFontPosBaseline  u8g2_font_1.o
    0x08005fe0   0x08005fe0   0x0000001c   Code   RO         4338    i.u8g2_SetMaxClipWindow  u8g2_setup_1.o
    0x08005ffc   0x08005ffc   0x00000046   Code   RO         4339    i.u8g2_SetupBuffer  u8g2_setup_1.o
    0x08006042   0x08006042   0x00000002   PAD
    0x08006044   0x08006044   0x00000038   Code   RO         1820    i.u8g2_Setup_ssd1306_i2c_128x64_noname_f  u8g2_d_setup_1.o
    0x0800607c   0x0800607c   0x00000052   Code   RO         1862    i.u8g2_UpdateRefHeight  u8g2_font_1.o
    0x080060ce   0x080060ce   0x0000001c   Code   RO         1863    i.u8g2_add_vector_x  u8g2_font_1.o
    0x080060ea   0x080060ea   0x0000001c   Code   RO         1864    i.u8g2_add_vector_y  u8g2_font_1.o
    0x08006106   0x08006106   0x0000006e   Code   RO         4341    i.u8g2_apply_clip_window  u8g2_setup_1.o
    0x08006174   0x08006174   0x0000003c   Code   RO         4093    i.u8g2_clip_intersection2  u8g2_hvline_1.o
    0x080061b0   0x080061b0   0x00000012   Code   RO         4094    i.u8g2_draw_hv_line_2dir  u8g2_hvline_1.o
    0x080061c2   0x080061c2   0x0000000c   Code   RO         4343    i.u8g2_draw_l90_r0  u8g2_setup_1.o
    0x080061ce   0x080061ce   0x00000076   Code   RO         1865    i.u8g2_draw_string  u8g2_font_1.o
    0x08006244   0x08006244   0x00000004   Code   RO         1871    i.u8g2_font_calc_vref_font  u8g2_font_1.o
    0x08006248   0x08006248   0x00000014   Code   RO         1873    i.u8g2_font_decode_get_signed_bits  u8g2_font_1.o
    0x0800625c   0x0800625c   0x00000034   Code   RO         1874    i.u8g2_font_decode_get_unsigned_bits  u8g2_font_1.o
    0x08006290   0x08006290   0x00000114   Code   RO         1875    i.u8g2_font_decode_glyph  u8g2_font_1.o
    0x080063a4   0x080063a4   0x0000008c   Code   RO         1876    i.u8g2_font_decode_len  u8g2_font_1.o
    0x08006430   0x08006430   0x00000072   Code   RO         1877    i.u8g2_font_get_glyph_data  u8g2_font_1.o
    0x080064a2   0x080064a2   0x00000014   Code   RO         1878    i.u8g2_font_get_word  u8g2_font_1.o
    0x080064b6   0x080064b6   0x00000034   Code   RO         1879    i.u8g2_font_setup_decode  u8g2_font_1.o
    0x080064ea   0x080064ea   0x00000018   Code   RO         4151    i.u8g2_is_intersection_decision_tree  u8g2_intersection_1.o
    0x08006502   0x08006502   0x00000002   PAD
    0x08006504   0x08006504   0x00000090   Code   RO         4199    i.u8g2_ll_hvline_vertical_top_lsb  u8g2_ll_hvline_1.o
    0x08006594   0x08006594   0x0000000c   Code   RO         1807    i.u8g2_m_16_8_f     u8g2_d_memory_1.o
    0x080065a0   0x080065a0   0x0000006a   Code   RO         1880    i.u8g2_read_font_info  u8g2_font_1.o
    0x0800660a   0x0800660a   0x0000004e   Code   RO         1642    i.u8g2_send_buffer  u8g2_buffer_1.o
    0x08006658   0x08006658   0x00000046   Code   RO         4348    i.u8g2_update_dimension_common  u8g2_setup_1.o
    0x0800669e   0x0800669e   0x00000004   Code   RO         4349    i.u8g2_update_dimension_r0  u8g2_setup_1.o
    0x080066a2   0x080066a2   0x00000022   Code   RO         4353    i.u8g2_update_page_win_r0  u8g2_setup_1.o
    0x080066c4   0x080066c4   0x0000001e   Code   RO         5126    i.u8x8_DrawTile     u8x8_display_1.o
    0x080066e2   0x080066e2   0x00000010   Code   RO         5128    i.u8x8_InitDisplay  u8x8_display_1.o
    0x080066f2   0x080066f2   0x00000010   Code   RO         5130    i.u8x8_RefreshDisplay  u8x8_display_1.o
    0x08006702   0x08006702   0x00000010   Code   RO         5133    i.u8x8_SetPowerSave  u8x8_display_1.o
    0x08006712   0x08006712   0x00000022   Code   RO         5432    i.u8x8_Setup        u8x8_setup_1.o
    0x08006734   0x08006734   0x00000024   Code   RO         5433    i.u8x8_SetupDefaults  u8x8_setup_1.o
    0x08006758   0x08006758   0x00000010   Code   RO         5134    i.u8x8_SetupMemory  u8x8_display_1.o
    0x08006768   0x08006768   0x0000000e   Code   RO         4633    i.u8x8_ascii_next   u8x8_8x8_1.o
    0x08006776   0x08006776   0x00000010   Code   RO         4758    i.u8x8_byte_EndTransfer  u8x8_byte_1.o
    0x08006786   0x08006786   0x0000000e   Code   RO         4759    i.u8x8_byte_SendByte  u8x8_byte_1.o
    0x08006794   0x08006794   0x00000010   Code   RO         4762    i.u8x8_byte_StartTransfer  u8x8_byte_1.o
    0x080067a4   0x080067a4   0x0000008c   Code   RO          741    i.u8x8_byte_stm32_hw_i2c  u8g2_port.o
    0x08006830   0x08006830   0x00000010   Code   RO         4878    i.u8x8_cad_EndTransfer  u8x8_cad_1.o
    0x08006840   0x08006840   0x00000010   Code   RO         4879    i.u8x8_cad_SendArg  u8x8_cad_1.o
    0x08006850   0x08006850   0x00000010   Code   RO         4880    i.u8x8_cad_SendCmd  u8x8_cad_1.o
    0x08006860   0x08006860   0x00000010   Code   RO         4881    i.u8x8_cad_SendData  u8x8_cad_1.o
    0x08006870   0x08006870   0x00000068   Code   RO         4883    i.u8x8_cad_SendSequence  u8x8_cad_1.o
    0x080068d8   0x080068d8   0x00000010   Code   RO         4884    i.u8x8_cad_StartTransfer  u8x8_cad_1.o
    0x080068e8   0x080068e8   0x000000bc   Code   RO         4887    i.u8x8_cad_ssd13xx_fast_i2c  u8x8_cad_1.o
    0x080069a4   0x080069a4   0x00000060   Code   RO         5135    i.u8x8_d_helper_display_init  u8x8_display_1.o
    0x08006a04   0x08006a04   0x0000000a   Code   RO         5136    i.u8x8_d_helper_display_setup_memory  u8x8_display_1.o
    0x08006a0e   0x08006a0e   0x00000002   PAD
    0x08006a10   0x08006a10   0x0000003c   Code   RO         5060    i.u8x8_d_ssd1306_128x64_noname  u8x8_d_ssd1306_128x64_noname_1.o
    0x08006a4c   0x08006a4c   0x000000c8   Code   RO         5062    i.u8x8_d_ssd1306_sh1106_generic  u8x8_d_ssd1306_128x64_noname_1.o
    0x08006b14   0x08006b14   0x00000004   Code   RO         5435    i.u8x8_dummy_cb     u8x8_setup_1.o
    0x08006b18   0x08006b18   0x0000002a   Code   RO          742    i.u8x8_gpio_and_delay_stm32  u8g2_port.o
    0x08006b42   0x08006b42   0x0000000c   Code   RO         5354    i.u8x8_gpio_call    u8x8_gpio_1.o
    0x08006b4e   0x08006b4e   0x0000002c   Code   RO         4895    i.u8x8_i2c_data_transfer  u8x8_cad_1.o
    0x08006b7a   0x08006b7a   0x00000008   Code   RO         4641    i.u8x8_utf8_init    u8x8_8x8_1.o
    0x08006b82   0x08006b82   0x00000002   PAD
    0x08006b84   0x08006b84   0x000000dc   Data   RO          253    .constdata          app_ui.o
    0x08006c60   0x08006c60   0x0000048e   Data   RO         3426    .constdata          u8g2_fonts_1.o
    0x080070ee   0x080070ee   0x00000617   Data   RO         3430    .constdata          u8g2_fonts_1.o
    0x08007705   0x08007705   0x00000003   PAD
    0x08007708   0x08007708   0x0000000c   Data   RO         4357    .constdata          u8g2_setup_1.o
    0x08007714   0x08007714   0x00000158   Data   RO         5064    .constdata          u8x8_d_ssd1306_128x64_noname_1.o
    0x0800786c   0x0800786c   0x00000008   Data   RO         6910    .constdata          stm32f4xx_hal_dma.o
    0x08007874   0x08007874   0x00000010   Data   RO         8924    .constdata          system_stm32f4xx.o
    0x08007884   0x08007884   0x00000008   Data   RO         8925    .constdata          system_stm32f4xx.o
    0x0800788c   0x0800788c   0x0000009e   Data   RO          254    .conststring        app_ui.o
    0x0800792a   0x0800792a   0x00000002   PAD
    0x0800792c   0x0800792c   0x00000020   Data   RO         9277    Region$$Table       anon$$obj.o


    Execution Region RW_IRAM1 (Exec base: 0x20000000, Load base: 0x0800794c, Size: 0x000016a8, Max: 0x0001c000, ABSOLUTE)

    Exec Addr    Load Addr    Size         Type   Attr      Idx    E Section Name        Object

    0x20000000   0x0800794c   0x00000001   Data   RW           19    .data               core_main.o
    0x20000001   0x0800794d   0x00000005   Data   RW          255    .data               app_ui.o
    0x20000006   0x08007952   0x00000002   PAD
    0x20000008   0x08007954   0x00000004   Data   RW          325    .data               os.o
    0x2000000c   0x08007958   0x00000006   Data   RW          397    .data               app_comm.o
    0x20000012   0x0800795e   0x00000004   Data   RW          503    .data               bsp_gps.o
    0x20000016   0x08007962   0x00000002   PAD
    0x20000018   0x08007964   0x00000018   Data   RW          585    .data               bsp_led.o
    0x20000030   0x0800797c   0x0000000b   Data   RW          631    .data               bsp_key.o
    0x2000003b   0x08007987   0x00000001   PAD
    0x2000003c   0x08007988   0x0000000c   Data   RW          672    .data               bsp_encoder.o
    0x20000048   0x08007994   0x0000000c   Data   RW          673    .data               bsp_encoder.o
    0x20000054   0x080079a0   0x00000002   Data   RW          744    .data               u8g2_port.o
    0x20000056   0x080079a2   0x00000002   PAD
    0x20000058   0x080079a4   0x00000010   Data   RW          790    .data               pid.o
    0x20000068   0x080079b4   0x0000000c   Data   RW          866    .data               bsp_openmv.o
    0x20000074   0x080079c0   0x00000006   Data   RW         4897    .data               u8x8_cad_1.o
    0x2000007a   0x080079c6   0x00000002   PAD
    0x2000007c   0x080079c8   0x00000020   Data   RW         6609    .data               stm32f4xx_hal_flash.o
    0x2000009c   0x080079e8   0x0000000c   Data   RW         7355    .data               stm32f4xx_hal.o
    0x200000a8   0x080079f4   0x00000004   Data   RW         8926    .data               system_stm32f4xx.o
    0x200000ac   0x080079f8   0x00000004   Data   RW         9257    .data               mc_w.l(stdout.o)
    0x200000b0        -       0x00000080   Zero   RW          324    .bss                os.o
    0x20000130        -       0x00000100   Zero   RW          396    .bss                app_comm.o
    0x20000230        -       0x00000038   Zero   RW          455    .bss                bsp_tb6612.o
    0x20000268        -       0x00000490   Zero   RW          502    .bss                bsp_gps.o
    0x200006f8        -       0x00000114   Zero   RW          743    .bss                u8g2_port.o
    0x2000080c        -       0x000000b0   Zero   RW          789    .bss                pid.o
    0x200008bc        -       0x00000217   Zero   RW          865    .bss                bsp_openmv.o
    0x20000ad3   0x080079fc   0x00000001   PAD
    0x20000ad4        -       0x00000034   Zero   RW          917    .bss                bsp_flash.o
    0x20000b08        -       0x00000400   Zero   RW         1808    .bss                u8g2_d_memory_1.o
    0x20000f08        -       0x00000054   Zero   RW         5642    .bss                i2c.o
    0x20000f5c        -       0x00000168   Zero   RW         5691    .bss                tim.o
    0x200010c4        -       0x000001e0   Zero   RW         5772    .bss                usart.o
    0x200012a4   0x080079fc   0x00000004   PAD
    0x200012a8        -       0x00000400   Zero   RW            1    STACK               startup_stm32f407xx.o


    Execution Region RW_IRAM2 (Exec base: 0x2001c000, Load base: 0x080079fc, Size: 0x00000000, Max: 0x00004000, ABSOLUTE)

    **** No section assigned to this execution region ****


==============================================================================

Image component sizes


      Code (inc. data)   RO Data    RW Data    ZI Data      Debug   Object Name

       316         78          0          6        256       5353   app_comm.o
      1368        298        378          5          0       5007   app_ui.o
       148         28          0         24          0       2186   bsp_encoder.o
       212         32          0          0         52       2934   bsp_flash.o
      1166         56          0          4       1168       7183   bsp_gps.o
       240         20          0         11          0       2335   bsp_key.o
       104         18          0         24          0       2418   bsp_led.o
       408         40          0         12        535       4757   bsp_openmv.o
       262         18          0          0         56       2837   bsp_tb6612.o
      1000        592          0          1          0     871762   core_main.o
        76          4          0          0          0        806   dma.o
        76         22          0          0          0       1036   dwt_delay.o
       296         22          0          0          0       1071   gpio.o
       172         28          0          0         84       1653   i2c.o
       218          8          0          0          0       2064   main.o
         0          0          0          0          0     159230   mui_u8g2_1.o
       316         40          0          4        128       4694   os.o
      1254        228          0         16        176       6843   pid.o
        36          8        392          0       1024        828   startup_stm32f407xx.o
       180         28          0         12          0       9357   stm32f4xx_hal.o
       198         14          0          0          0      33783   stm32f4xx_hal_cortex.o
      1084         16          8          0          0       7294   stm32f4xx_hal_dma.o
       520         66          0         32          0       6522   stm32f4xx_hal_flash.o
       356         24          0          0          0       3970   stm32f4xx_hal_flash_ex.o
       516         46          0          0          0       2831   stm32f4xx_hal_gpio.o
      1398         32          0          0          0       9297   stm32f4xx_hal_i2c.o
        48          6          0          0          0        846   stm32f4xx_hal_msp.o
      1348         76          0          0          0       5224   stm32f4xx_hal_rcc.o
      2280        136          0          0          0      18889   stm32f4xx_hal_tim.o
       148         28          0          0          0       2465   stm32f4xx_hal_tim_ex.o
      2272         28          0          0          0      16485   stm32f4xx_hal_uart.o
       130         38          0          0          0       7565   stm32f4xx_it.o
        16          4         24          4          0       1111   system_stm32f4xx.o
       852         94          0          0        360       5694   tim.o
       116          0          0          0          0       2511   u8g2_buffer_1.o
        12          4          0          0       1024        844   u8g2_d_memory_1.o
        56         14          0          0          0       1049   u8g2_d_setup_1.o
      1210         10          0          0          0      14036   u8g2_font_1.o
         0          0       2725          0          0     145335   u8g2_fonts_1.o
       262          0          0          0          0       3124   u8g2_hvline_1.o
        72          0          0          0          0       1907   u8g2_intersection_1.o
       144          0          0          0          0       1378   u8g2_ll_hvline_1.o
       250         28          0          2        276       2523   u8g2_port.o
       328          0         12          0          0     146855   u8g2_setup_1.o
        22          0          0          0          0       1849   u8x8_8x8_1.o
        46          0          0          0          0       1719   u8x8_byte_1.o
       416         12          0          6          0       8816   u8x8_cad_1.o
       260         12        344          0          0       3087   u8x8_d_ssd1306_128x64_noname_1.o
       200          0          0          0          0       4438   u8x8_display_1.o
        12          0          0          0          0        605   u8x8_gpio_1.o
        74          4          0          0          0       1794   u8x8_setup_1.o
       696         80          0          0        480       4515   usart.o

    ----------------------------------------------------------------------
     23240       2340       3920        172       5624    1562715   Object Totals
         0          0         32          0          0          0   (incl. Generated)
        50          0          5          9          5          0   (incl. Padding)

    ----------------------------------------------------------------------

      Code (inc. data)   RO Data    RW Data    ZI Data      Debug   Library Member Name

         0          0          0          0          0          0   entry.o
         0          0          0          0          0          0   entry10a.o
         0          0          0          0          0          0   entry11a.o
         4          0          0          0          0          0   entry12b.o
         8          4          0          0          0          0   entry2.o
         4          0          0          0          0          0   entry5.o
         0          0          0          0          0          0   entry7b.o
         0          0          0          0          0          0   entry8b.o
         8          4          0          0          0          0   entry9a.o
        30          0          0          0          0          0   handlers.o
        36          8          0          0          0         68   init.o
         0          0          0          0          0          0   iusefp.o
        30          0          0          0          0         68   llshl.o
        36          0          0          0          0         68   llsshr.o
        32          0          0          0          0         68   llushr.o
        36          0          0          0          0         68   memcpya.o
        36          0          0          0          0        108   memseta.o
      2292         94          0          0          0        620   printfa.o
         0          0          0          4          0          0   stdout.o
        30          0          0          0          0         80   strncmp.o
        36          0          0          0          0         80   strstr.o
        44          0          0          0          0         80   uidiv.o
        98          0          0          0          0         92   uldiv.o
        48          0          0          0          0         68   cdrcmple.o
       334          0          0          0          0        148   dadd.o
       222          0          0          0          0        100   ddiv.o
       186          0          0          0          0        176   depilogue.o
        48          0          0          0          0         68   dfixul.o
        26          0          0          0          0         76   dfltui.o
       228          0          0          0          0         96   dmul.o
        38          0          0          0          0         68   f2d.o

    ----------------------------------------------------------------------
      3892        110          0          4          0       2200   Library Totals
         2          0          0          0          0          0   (incl. Padding)

    ----------------------------------------------------------------------

      Code (inc. data)   RO Data    RW Data    ZI Data      Debug   Library Name

      2760        110          0          4          0       1400   mc_w.l
      1130          0          0          0          0        800   mf_w.l

    ----------------------------------------------------------------------
      3892        110          0          4          0       2200   Library Totals

    ----------------------------------------------------------------------

==============================================================================


      Code (inc. data)   RO Data    RW Data    ZI Data      Debug   

     27132       2450       3920        176       5624    1539475   Grand Totals
     27132       2450       3920        176       5624    1539475   ELF Image Totals
     27132       2450       3920        176          0          0   ROM Totals

==============================================================================

    Total RO  Size (Code + RO Data)                31052 (  30.32kB)
    Total RW  Size (RW Data + ZI Data)              5800 (   5.66kB)
    Total ROM Size (Code + RO Data + RW Data)      31228 (  30.50kB)

==============================================================================

